[  109467ms] [ERROR] ./app/assets/scss/main.scss.webpack[javascript/auto]!=!./node_modules/next/dist/build/webpack/loaders/css-loader/src/index.js??ruleSet[1].rules[13].oneOf[13].use[2]!./node_modules/next/dist/build/webpack/loaders/postcss-loader/src/index.js??ruleSet[1].rules[13].oneOf[13].use[3]!./node_modules/next/dist/build/webpack/loaders/resolve-url-loader/index.js??ruleSet[1].rules[13].oneOf[13].use[4]!./node_modules/next/dist/compiled/sass-loader/cjs.js??ruleSet[1].rules[13].oneOf[13].use[5]!./app/assets/scss/main.scss
SassError: unmatched "}".
     ╷
6206 │ }}
     │  ^
     ╵
  app\assets\scss\components\_cluster2.scss 6206:2  @import
  app\assets\scss\main.scss 122:9                   root stylesheet

Import trace for requested module:
./app/assets/scss/main.scss.webpack[javascript/auto]!=!./node_modules/next/dist/build/webpack/loaders/css-loader/src/index.js??ruleSet[1].rules[13].oneOf[13].use[2]!./node_modules/next/dist/build/webpack/loaders/postcss-loader/src/index.js??ruleSet[1].rules[13].oneOf[13].use[3]!./node_modules/next/dist/build/webpack/loaders/resolve-url-loader/index.js??ruleSet[1].rules[13].oneOf[13].use[4]!./node_modules/next/dist/compiled/sass-loader/cjs.js??ruleSet[1].rules[13].oneOf[13].use[5]!./app/assets/scss/main.scss
./app/assets/scss/main.scss @ webpack-internal:///(app-pages-browser)/./node_modules/next/dist/client/app-index.js:32
[  109468ms] [ERROR] ./app/assets/scss/main.scss
SassError: unmatched "}".
     ╷
6206 │ }}
     │  ^
     ╵
  app\assets\scss\components\_cluster2.scss 6206:2  @import
  app\assets\scss\main.scss 122:9                   root stylesheet
-- inner error --
SassError: unmatched "}".
     ╷
6206 │ }}
     │  ^
     ╵
  app\assets\scss\components\_cluster2.scss 6206:2  @import
  app\assets\scss\main.scss 122:9                   root stylesheet
Generated code for C:\Users\ynlee\OneDrive\바탕 화면\커리어레쥬메\Carrer-Resume\node_modules\next\dist\build\webpack\loaders\css-loader\src\index.js??ruleSet[1].rules[13].oneOf[13].use[2]!C:\Users\ynlee\OneDrive\바탕 화면\커리어레쥬메\Carrer-Resume\node_modules\next\dist\build\webpack\loaders\postcss-loader\src\index.js??ruleSet[1].rules[13].oneOf[13].use[3]!C:\Users\ynlee\OneDrive\바탕 화면\커리어레쥬메\Carrer-Resume\node_modules\next\dist\build\webpack\loaders\resolve-url-loader\index.js??ruleSet[1].rules[13].oneOf[13].use[4]!C:\Users\ynlee\OneDrive\바탕 화면\커리어레쥬메\Carrer-Resume\node_modules\next\dist\compiled\sass-loader\cjs.js??ruleSet[1].rules[13].oneOf[13].use[5]!C:\Users\ynlee\OneDrive\바탕 화면\커리어레쥬메\Carrer-Resume\app\assets\scss\main.scss

Import trace for requested module:
./app/assets/scss/main.scss @ webpack-internal:///(app-pages-browser)/./node_modules/next/dist/client/app-index.js:32
[  112761ms] [WARNING] The resource http://localhost:3005/_next/static/css/app/layout.css?v=1772601553581 was preloaded using link preload but not used within a few seconds from the window's load event. Please make sure it has an appropriate `as` value and it is preloaded intentionally. @ http://localhost:3005/crews/:0
[  125415ms] [WARNING] The resource http://localhost:3005/_next/static/css/app/layout.css?v=1772601553581 was preloaded using link preload but not used within a few seconds from the window's load event. Please make sure it has an appropriate `as` value and it is preloaded intentionally. @ http://localhost:3005/crews/:0
[  251514ms] [WARNING] The resource http://localhost:3005/_next/static/css/app/layout.css?v=1772601553581 was preloaded using link preload but not used within a few seconds from the window's load event. Please make sure it has an appropriate `as` value and it is preloaded intentionally. @ http://localhost:3005/crews/:0
[  327841ms] [WARNING] The resource http://localhost:3005/_next/static/css/app/layout.css?v=1772601553581 was preloaded using link preload but not used within a few seconds from the window's load event. Please make sure it has an appropriate `as` value and it is preloaded intentionally. @ http://localhost:3005/crews/:0
[  362976ms] [WARNING] The resource http://localhost:3005/_next/static/css/app/layout.css?v=1772601553581 was preloaded using link preload but not used within a few seconds from the window's load event. Please make sure it has an appropriate `as` value and it is preloaded intentionally. @ http://localhost:3005/crews/:0
[  415763ms] [WARNING] The resource http://localhost:3005/_next/static/css/app/layout.css?v=1772601553581 was preloaded using link preload but not used within a few seconds from the window's load event. Please make sure it has an appropriate `as` value and it is preloaded intentionally. @ http://localhost:3005/crews/:0
[  505223ms] [WARNING] The resource http://localhost:3005/_next/static/css/app/layout.css?v=1772601553581 was preloaded using link preload but not used within a few seconds from the window's load event. Please make sure it has an appropriate `as` value and it is preloaded intentionally. @ http://localhost:3005/crews/:0
[  534162ms] [WARNING] The resource http://localhost:3005/_next/static/css/app/layout.css?v=1772601553581 was preloaded using link preload but not used within a few seconds from the window's load event. Please make sure it has an appropriate `as` value and it is preloaded intentionally. @ http://localhost:3005/crews/:0
[  585030ms] [WARNING] The resource http://localhost:3005/_next/static/css/app/layout.css?v=1772603974164 was preloaded using link preload but not used within a few seconds from the window's load event. Please make sure it has an appropriate `as` value and it is preloaded intentionally. @ http://localhost:3005/crews/:0
[  585030ms] [WARNING] The resource http://localhost:3005/_next/static/css/app/layout.css?v=1772601553581 was preloaded using link preload but not used within a few seconds from the window's load event. Please make sure it has an appropriate `as` value and it is preloaded intentionally. @ http://localhost:3005/crews/:0
[  589113ms] [WARNING] The resource http://localhost:3005/_next/static/css/app/layout.css?v=1772603974164 was preloaded using link preload but not used within a few seconds from the window's load event. Please make sure it has an appropriate `as` value and it is preloaded intentionally. @ http://localhost:3005/crews/:0
[  589113ms] [WARNING] The resource http://localhost:3005/_next/static/css/app/layout.css?v=1772601553581 was preloaded using link preload but not used within a few seconds from the window's load event. Please make sure it has an appropriate `as` value and it is preloaded intentionally. @ http://localhost:3005/crews/:0
[  649797ms] [WARNING] The resource http://localhost:3005/_next/static/css/app/layout.css?v=1772603974164 was preloaded using link preload but not used within a few seconds from the window's load event. Please make sure it has an appropriate `as` value and it is preloaded intentionally. @ http://localhost:3005/crews/:0
[  649797ms] [WARNING] The resource http://localhost:3005/_next/static/css/app/layout.css?v=1772601553581 was preloaded using link preload but not used within a few seconds from the window's load event. Please make sure it has an appropriate `as` value and it is preloaded intentionally. @ http://localhost:3005/crews/:0
[  744134ms] [ERROR] ./app/assets/scss/main.scss.webpack[javascript/auto]!=!./node_modules/next/dist/build/webpack/loaders/css-loader/src/index.js??ruleSet[1].rules[13].oneOf[13].use[2]!./node_modules/next/dist/build/webpack/loaders/postcss-loader/src/index.js??ruleSet[1].rules[13].oneOf[13].use[3]!./node_modules/next/dist/build/webpack/loaders/resolve-url-loader/index.js??ruleSet[1].rules[13].oneOf[13].use[4]!./node_modules/next/dist/compiled/sass-loader/cjs.js??ruleSet[1].rules[13].oneOf[13].use[5]!./app/assets/scss/main.scss
SassError: expected "}".
     ╷
6203 │ }}
     │   ^
     ╵
  app\assets\scss\components\_cluster2.scss 6203:3  @import
  app\assets\scss\main.scss 122:9                   root stylesheet

Import trace for requested module:
./app/assets/scss/main.scss.webpack[javascript/auto]!=!./node_modules/next/dist/build/webpack/loaders/css-loader/src/index.js??ruleSet[1].rules[13].oneOf[13].use[2]!./node_modules/next/dist/build/webpack/loaders/postcss-loader/src/index.js??ruleSet[1].rules[13].oneOf[13].use[3]!./node_modules/next/dist/build/webpack/loaders/resolve-url-loader/index.js??ruleSet[1].rules[13].oneOf[13].use[4]!./node_modules/next/dist/compiled/sass-loader/cjs.js??ruleSet[1].rules[13].oneOf[13].use[5]!./app/assets/scss/main.scss
./app/assets/scss/main.scss @ webpack-internal:///(app-pages-browser)/./node_modules/next/dist/client/app-index.js:32
[  744134ms] [ERROR] ./app/assets/scss/main.scss
SassError: expected "}".
     ╷
6203 │ }}
     │   ^
     ╵
  app\assets\scss\components\_cluster2.scss 6203:3  @import
  app\assets\scss\main.scss 122:9                   root stylesheet
-- inner error --
SassError: expected "}".
     ╷
6203 │ }}
     │   ^
     ╵
  app\assets\scss\components\_cluster2.scss 6203:3  @import
  app\assets\scss\main.scss 122:9                   root stylesheet
Generated code for C:\Users\ynlee\OneDrive\바탕 화면\커리어레쥬메\Carrer-Resume\node_modules\next\dist\build\webpack\loaders\css-loader\src\index.js??ruleSet[1].rules[13].oneOf[13].use[2]!C:\Users\ynlee\OneDrive\바탕 화면\커리어레쥬메\Carrer-Resume\node_modules\next\dist\build\webpack\loaders\postcss-loader\src\index.js??ruleSet[1].rules[13].oneOf[13].use[3]!C:\Users\ynlee\OneDrive\바탕 화면\커리어레쥬메\Carrer-Resume\node_modules\next\dist\build\webpack\loaders\resolve-url-loader\index.js??ruleSet[1].rules[13].oneOf[13].use[4]!C:\Users\ynlee\OneDrive\바탕 화면\커리어레쥬메\Carrer-Resume\node_modules\next\dist\compiled\sass-loader\cjs.js??ruleSet[1].rules[13].oneOf[13].use[5]!C:\Users\ynlee\OneDrive\바탕 화면\커리어레쥬메\Carrer-Resume\app\assets\scss\main.scss

Import trace for requested module:
./app/assets/scss/main.scss @ webpack-internal:///(app-pages-browser)/./node_modules/next/dist/client/app-index.js:32
[  747197ms] [WARNING] The resource http://localhost:3005/_next/static/css/app/layout.css?v=1772603974164 was preloaded using link preload but not used within a few seconds from the window's load event. Please make sure it has an appropriate `as` value and it is preloaded intentionally. @ http://localhost:3005/crews/:0
[  747197ms] [WARNING] The resource http://localhost:3005/_next/static/css/app/layout.css?v=1772601553581 was preloaded using link preload but not used within a few seconds from the window's load event. Please make sure it has an appropriate `as` value and it is preloaded intentionally. @ http://localhost:3005/crews/:0
[  770220ms] [ERROR] ./app/assets/scss/main.scss.webpack[javascript/auto]!=!./node_modules/next/dist/build/webpack/loaders/css-loader/src/index.js??ruleSet[1].rules[13].oneOf[13].use[2]!./node_modules/next/dist/build/webpack/loaders/postcss-loader/src/index.js??ruleSet[1].rules[13].oneOf[13].use[3]!./node_modules/next/dist/build/webpack/loaders/resolve-url-loader/index.js??ruleSet[1].rules[13].oneOf[13].use[4]!./node_modules/next/dist/compiled/sass-loader/cjs.js??ruleSet[1].rules[13].oneOf[13].use[5]!./app/assets/scss/main.scss
SassError: expected "}".
     ╷
6203 │ }} // end .cluster2-content
     │                            ^
     ╵
  app\assets\scss\components\_cluster2.scss 6203:28  @import
  app\assets\scss\main.scss 122:9                    root stylesheet

Import trace for requested module:
./app/assets/scss/main.scss.webpack[javascript/auto]!=!./node_modules/next/dist/build/webpack/loaders/css-loader/src/index.js??ruleSet[1].rules[13].oneOf[13].use[2]!./node_modules/next/dist/build/webpack/loaders/postcss-loader/src/index.js??ruleSet[1].rules[13].oneOf[13].use[3]!./node_modules/next/dist/build/webpack/loaders/resolve-url-loader/index.js??ruleSet[1].rules[13].oneOf[13].use[4]!./node_modules/next/dist/compiled/sass-loader/cjs.js??ruleSet[1].rules[13].oneOf[13].use[5]!./app/assets/scss/main.scss
./app/assets/scss/main.scss @ webpack-internal:///(app-pages-browser)/./node_modules/next/dist/client/app-index.js:32
[  770221ms] [ERROR] ./app/assets/scss/main.scss
SassError: expected "}".
     ╷
6203 │ }}
     │   ^
     ╵
  app\assets\scss\components\_cluster2.scss 6203:3  @import
  app\assets\scss\main.scss 122:9                   root stylesheet
-- inner error --
SassError: expected "}".
     ╷
6203 │ }}
     │   ^
     ╵
  app\assets\scss\components\_cluster2.scss 6203:3  @import
  app\assets\scss\main.scss 122:9                   root stylesheet
Generated code for C:\Users\ynlee\OneDrive\바탕 화면\커리어레쥬메\Carrer-Resume\node_modules\next\dist\build\webpack\loaders\css-loader\src\index.js??ruleSet[1].rules[13].oneOf[13].use[2]!C:\Users\ynlee\OneDrive\바탕 화면\커리어레쥬메\Carrer-Resume\node_modules\next\dist\build\webpack\loaders\postcss-loader\src\index.js??ruleSet[1].rules[13].oneOf[13].use[3]!C:\Users\ynlee\OneDrive\바탕 화면\커리어레쥬메\Carrer-Resume\node_modules\next\dist\build\webpack\loaders\resolve-url-loader\index.js??ruleSet[1].rules[13].oneOf[13].use[4]!C:\Users\ynlee\OneDrive\바탕 화면\커리어레쥬메\Carrer-Resume\node_modules\next\dist\compiled\sass-loader\cjs.js??ruleSet[1].rules[13].oneOf[13].use[5]!C:\Users\ynlee\OneDrive\바탕 화면\커리어레쥬메\Carrer-Resume\app\assets\scss\main.scss

Import trace for requested module:
./app/assets/scss/main.scss @ webpack-internal:///(app-pages-browser)/./node_modules/next/dist/client/app-index.js:32
[  809706ms] [ERROR] ./app/assets/scss/main.scss.webpack[javascript/auto]!=!./node_modules/next/dist/build/webpack/loaders/css-loader/src/index.js??ruleSet[1].rules[13].oneOf[13].use[2]!./node_modules/next/dist/build/webpack/loaders/postcss-loader/src/index.js??ruleSet[1].rules[13].oneOf[13].use[3]!./node_modules/next/dist/build/webpack/loaders/resolve-url-loader/index.js??ruleSet[1].rules[13].oneOf[13].use[4]!./node_modules/next/dist/compiled/sass-loader/cjs.js??ruleSet[1].rules[13].oneOf[13].use[5]!./app/assets/scss/main.scss
SassError: expected "}".
     ╷
6204 │ } // end .cluster2-content
     │                           ^
     ╵
  app\assets\scss\components\_cluster2.scss 6204:27  @import
  app\assets\scss\main.scss 122:9                    root stylesheet

Import trace for requested module:
./app/assets/scss/main.scss.webpack[javascript/auto]!=!./node_modules/next/dist/build/webpack/loaders/css-loader/src/index.js??ruleSet[1].rules[13].oneOf[13].use[2]!./node_modules/next/dist/build/webpack/loaders/postcss-loader/src/index.js??ruleSet[1].rules[13].oneOf[13].use[3]!./node_modules/next/dist/build/webpack/loaders/resolve-url-loader/index.js??ruleSet[1].rules[13].oneOf[13].use[4]!./node_modules/next/dist/compiled/sass-loader/cjs.js??ruleSet[1].rules[13].oneOf[13].use[5]!./app/assets/scss/main.scss
./app/assets/scss/main.scss @ webpack-internal:///(app-pages-browser)/./node_modules/next/dist/client/app-index.js:32
[  809707ms] [ERROR] ./app/assets/scss/main.scss
SassError: expected "}".
     ╷
6203 │ }}
     │   ^
     ╵
  app\assets\scss\components\_cluster2.scss 6203:3  @import
  app\assets\scss\main.scss 122:9                   root stylesheet
-- inner error --
SassError: expected "}".
     ╷
6203 │ }}
     │   ^
     ╵
  app\assets\scss\components\_cluster2.scss 6203:3  @import
  app\assets\scss\main.scss 122:9                   root stylesheet
Generated code for C:\Users\ynlee\OneDrive\바탕 화면\커리어레쥬메\Carrer-Resume\node_modules\next\dist\build\webpack\loaders\css-loader\src\index.js??ruleSet[1].rules[13].oneOf[13].use[2]!C:\Users\ynlee\OneDrive\바탕 화면\커리어레쥬메\Carrer-Resume\node_modules\next\dist\build\webpack\loaders\postcss-loader\src\index.js??ruleSet[1].rules[13].oneOf[13].use[3]!C:\Users\ynlee\OneDrive\바탕 화면\커리어레쥬메\Carrer-Resume\node_modules\next\dist\build\webpack\loaders\resolve-url-loader\index.js??ruleSet[1].rules[13].oneOf[13].use[4]!C:\Users\ynlee\OneDrive\바탕 화면\커리어레쥬메\Carrer-Resume\node_modules\next\dist\compiled\sass-loader\cjs.js??ruleSet[1].rules[13].oneOf[13].use[5]!C:\Users\ynlee\OneDrive\바탕 화면\커리어레쥬메\Carrer-Resume\app\assets\scss\main.scss

Import trace for requested module:
./app/assets/scss/main.scss @ webpack-internal:///(app-pages-browser)/./node_modules/next/dist/client/app-index.js:32
[  886763ms] [WARNING] The resource http://localhost:3005/_next/static/css/app/layout.css?v=1772603974164 was preloaded using link preload but not used within a few seconds from the window's load event. Please make sure it has an appropriate `as` value and it is preloaded intentionally. @ http://localhost:3005/crews/:0
[  886763ms] [WARNING] The resource http://localhost:3005/_next/static/css/app/layout.css?v=1772601553581 was preloaded using link preload but not used within a few seconds from the window's load event. Please make sure it has an appropriate `as` value and it is preloaded intentionally. @ http://localhost:3005/crews/:0
[  988531ms] [WARNING] The resource http://localhost:3005/_next/static/css/app/layout.css?v=1772603974164 was preloaded using link preload but not used within a few seconds from the window's load event. Please make sure it has an appropriate `as` value and it is preloaded intentionally. @ http://localhost:3005/crews/:0
[  988531ms] [WARNING] The resource http://localhost:3005/_next/static/css/app/layout.css?v=1772601553581 was preloaded using link preload but not used within a few seconds from the window's load event. Please make sure it has an appropriate `as` value and it is preloaded intentionally. @ http://localhost:3005/crews/:0
[ 2822701ms] [WARNING] The resource http://localhost:3005/_next/static/css/app/layout.css?v=1772603974164 was preloaded using link preload but not used within a few seconds from the window's load event. Please make sure it has an appropriate `as` value and it is preloaded intentionally. @ http://localhost:3005/crews/:0
[ 2822702ms] [WARNING] The resource http://localhost:3005/_next/static/css/app/layout.css?v=1772601553581 was preloaded using link preload but not used within a few seconds from the window's load event. Please make sure it has an appropriate `as` value and it is preloaded intentionally. @ http://localhost:3005/crews/:0
[ 2830244ms] [WARNING] The resource http://localhost:3005/_next/static/css/app/layout.css?v=1772603974164 was preloaded using link preload but not used within a few seconds from the window's load event. Please make sure it has an appropriate `as` value and it is preloaded intentionally. @ http://localhost:3005/crews/:0
[ 2830244ms] [WARNING] The resource http://localhost:3005/_next/static/css/app/layout.css?v=1772601553581 was preloaded using link preload but not used within a few seconds from the window's load event. Please make sure it has an appropriate `as` value and it is preloaded intentionally. @ http://localhost:3005/crews/:0
[ 2835565ms] [WARNING] The resource http://localhost:3005/_next/static/css/app/layout.css?v=1772603974164 was preloaded using link preload but not used within a few seconds from the window's load event. Please make sure it has an appropriate `as` value and it is preloaded intentionally. @ http://localhost:3005/crews/:0
[ 2835565ms] [WARNING] The resource http://localhost:3005/_next/static/css/app/layout.css?v=1772601553581 was preloaded using link preload but not used within a few seconds from the window's load event. Please make sure it has an appropriate `as` value and it is preloaded intentionally. @ http://localhost:3005/crews/:0
[ 2864731ms] [WARNING] The resource http://localhost:3005/_next/static/css/app/layout.css?v=1772603974164 was preloaded using link preload but not used within a few seconds from the window's load event. Please make sure it has an appropriate `as` value and it is preloaded intentionally. @ http://localhost:3005/crews/:0
[ 2864732ms] [WARNING] The resource http://localhost:3005/_next/static/css/app/layout.css?v=1772601553581 was preloaded using link preload but not used within a few seconds from the window's load event. Please make sure it has an appropriate `as` value and it is preloaded intentionally. @ http://localhost:3005/crews/:0
[ 3289399ms] [WARNING] The resource http://localhost:3005/_next/static/css/app/layout.css?v=1772603974164 was preloaded using link preload but not used within a few seconds from the window's load event. Please make sure it has an appropriate `as` value and it is preloaded intentionally. @ http://localhost:3005/crews/:0
[ 3289399ms] [WARNING] The resource http://localhost:3005/_next/static/css/app/layout.css?v=1772601553581 was preloaded using link preload but not used within a few seconds from the window's load event. Please make sure it has an appropriate `as` value and it is preloaded intentionally. @ http://localhost:3005/crews/:0
[ 3293783ms] [WARNING] The resource http://localhost:3005/_next/static/css/app/layout.css?v=1772603974164 was preloaded using link preload but not used within a few seconds from the window's load event. Please make sure it has an appropriate `as` value and it is preloaded intentionally. @ http://localhost:3005/crews/:0
[ 3293783ms] [WARNING] The resource http://localhost:3005/_next/static/css/app/layout.css?v=1772601553581 was preloaded using link preload but not used within a few seconds from the window's load event. Please make sure it has an appropriate `as` value and it is preloaded intentionally. @ http://localhost:3005/crews/:0
[ 3298390ms] [WARNING] The resource http://localhost:3005/_next/static/css/app/layout.css?v=1772603974164 was preloaded using link preload but not used within a few seconds from the window's load event. Please make sure it has an appropriate `as` value and it is preloaded intentionally. @ http://localhost:3005/crews/:0
[ 3298390ms] [WARNING] The resource http://localhost:3005/_next/static/css/app/layout.css?v=1772601553581 was preloaded using link preload but not used within a few seconds from the window's load event. Please make sure it has an appropriate `as` value and it is preloaded intentionally. @ http://localhost:3005/crews/:0
[ 3302784ms] [WARNING] The resource http://localhost:3005/_next/static/css/app/layout.css?v=1772603974164 was preloaded using link preload but not used within a few seconds from the window's load event. Please make sure it has an appropriate `as` value and it is preloaded intentionally. @ http://localhost:3005/crews/:0
[ 3302784ms] [WARNING] The resource http://localhost:3005/_next/static/css/app/layout.css?v=1772601553581 was preloaded using link preload but not used within a few seconds from the window's load event. Please make sure it has an appropriate `as` value and it is preloaded intentionally. @ http://localhost:3005/crews/:0
[ 3313100ms] [WARNING] The resource http://localhost:3005/_next/static/css/app/layout.css?v=1772603974164 was preloaded using link preload but not used within a few seconds from the window's load event. Please make sure it has an appropriate `as` value and it is preloaded intentionally. @ http://localhost:3005/crews/:0
[ 3313100ms] [WARNING] The resource http://localhost:3005/_next/static/css/app/layout.css?v=1772601553581 was preloaded using link preload but not used within a few seconds from the window's load event. Please make sure it has an appropriate `as` value and it is preloaded intentionally. @ http://localhost:3005/crews/:0
[ 3334297ms] [WARNING] The resource http://localhost:3005/_next/static/css/app/layout.css?v=1772603974164 was preloaded using link preload but not used within a few seconds from the window's load event. Please make sure it has an appropriate `as` value and it is preloaded intentionally. @ http://localhost:3005/crews/:0
[ 3334298ms] [WARNING] The resource http://localhost:3005/_next/static/css/app/layout.css?v=1772601553581 was preloaded using link preload but not used within a few seconds from the window's load event. Please make sure it has an appropriate `as` value and it is preloaded intentionally. @ http://localhost:3005/crews/:0
[ 3349183ms] [WARNING] The resource http://localhost:3005/_next/static/css/app/layout.css?v=1772603974164 was preloaded using link preload but not used within a few seconds from the window's load event. Please make sure it has an appropriate `as` value and it is preloaded intentionally. @ http://localhost:3005/crews/:0
[ 3349183ms] [WARNING] The resource http://localhost:3005/_next/static/css/app/layout.css?v=1772601553581 was preloaded using link preload but not used within a few seconds from the window's load event. Please make sure it has an appropriate `as` value and it is preloaded intentionally. @ http://localhost:3005/crews/:0
[ 3374407ms] [WARNING] The resource http://localhost:3005/_next/static/css/app/layout.css?v=1772603974164 was preloaded using link preload but not used within a few seconds from the window's load event. Please make sure it has an appropriate `as` value and it is preloaded intentionally. @ http://localhost:3005/crews/:0
[ 3374408ms] [WARNING] The resource http://localhost:3005/_next/static/css/app/layout.css?v=1772601553581 was preloaded using link preload but not used within a few seconds from the window's load event. Please make sure it has an appropriate `as` value and it is preloaded intentionally. @ http://localhost:3005/crews/:0
[ 3387132ms] [WARNING] The resource http://localhost:3005/_next/static/css/app/layout.css?v=1772603974164 was preloaded using link preload but not used within a few seconds from the window's load event. Please make sure it has an appropriate `as` value and it is preloaded intentionally. @ http://localhost:3005/crews/:0
[ 3387132ms] [WARNING] The resource http://localhost:3005/_next/static/css/app/layout.css?v=1772601553581 was preloaded using link preload but not used within a few seconds from the window's load event. Please make sure it has an appropriate `as` value and it is preloaded intentionally. @ http://localhost:3005/crews/:0
[ 3560338ms] [ERROR] Failed to load resource: the server responded with a status of 404 (Not Found) @ http://localhost:3005/_next/static/css/app/layout.css?v=1772606952291:0
[ 3560356ms] Event
[ 3563355ms] [WARNING] The resource http://localhost:3005/_next/static/css/app/layout.css?v=1772603974164 was preloaded using link preload but not used within a few seconds from the window's load event. Please make sure it has an appropriate `as` value and it is preloaded intentionally. @ http://localhost:3005/crews/:0
[ 3563355ms] [WARNING] The resource http://localhost:3005/_next/static/css/app/layout.css?v=1772601553581 was preloaded using link preload but not used within a few seconds from the window's load event. Please make sure it has an appropriate `as` value and it is preloaded intentionally. @ http://localhost:3005/crews/:0
