[     878ms] [ERROR] Failed to fetch RSC payload for http://localhost:3000/cluster-2/. Falling back to browser navigation. TypeError: Failed to fetch
    at fetchServerResponse (webpack-internal:///(app-pages-browser)/./node_modules/next/dist/client/components/router-reducer/fetch-server-response.js:58:27)
    at fastRefreshReducerImpl (webpack-internal:///(app-pages-browser)/./node_modules/next/dist/client/components/router-reducer/reducers/fast-refresh-reducer.js:33:67)
    at clientReducer (webpack-internal:///(app-pages-browser)/./node_modules/next/dist/client/components/router-reducer/router-reducer.js:41:67)
    at Object.action (webpack-internal:///(app-pages-browser)/./node_modules/next/dist/shared/lib/router/action-queue.js:150:55)
    at runAction (webpack-internal:///(app-pages-browser)/./node_modules/next/dist/shared/lib/router/action-queue.js:56:38)
    at dispatchAction (webpack-internal:///(app-pages-browser)/./node_modules/next/dist/shared/lib/router/action-queue.js:113:9)
    at Object.dispatch (webpack-internal:///(app-pages-browser)/./node_modules/next/dist/shared/lib/router/action-queue.js:145:40)
    at eval (webpack-internal:///(app-pages-browser)/./node_modules/next/dist/client/components/use-reducer-with-devtools.js:130:21)
    at eval (webpack-internal:///(app-pages-browser)/./node_modules/next/dist/client/components/app-router.js:304:25)
    at startTransition (webpack-internal:///(app-pages-browser)/./node_modules/next/dist/compiled/react/cjs/react.development.js:2597:25)
    at Object.fastRefresh (webpack-internal:///(app-pages-browser)/./node_modules/next/dist/client/components/app-router.js:303:48)
    at eval (webpack-internal:///(app-pages-browser)/./node_modules/next/dist/client/components/react-dev-overlay/app/hot-reloader-client.js:277:28)
    at startTransition (webpack-internal:///(app-pages-browser)/./node_modules/next/dist/compiled/react/cjs/react.development.js:2597:25)
    at processMessage (webpack-internal:///(app-pages-browser)/./node_modules/next/dist/client/components/react-dev-overlay/app/hot-reloader-client.js:276:44)
    at WebSocket.handler (webpack-internal:///(app-pages-browser)/./node_modules/next/dist/client/components/react-dev-overlay/app/hot-reloader-client.js:395:17) @ webpack-internal:///(app-pages-browser)/./node_modules/next/dist/client/app-index.js:32
[    1463ms] [ERROR] Warning: Extra attributes from the server: %s%s style 
    at body
    at html
    at RootLayout (Server)
    at RedirectErrorBoundary (webpack-internal:///(app-pages-browser)/./node_modules/next/dist/client/components/redirect-boundary.js:74:9)
    at RedirectBoundary (webpack-internal:///(app-pages-browser)/./node_modules/next/dist/client/components/redirect-boundary.js:82:11)
    at NotFoundErrorBoundary (webpack-internal:///(app-pages-browser)/./node_modules/next/dist/client/components/not-found-boundary.js:76:9)
    at NotFoundBoundary (webpack-internal:///(app-pages-browser)/./node_modules/next/dist/client/components/not-found-boundary.js:84:11)
    at DevRootNotFoundBoundary (webpack-internal:///(app-pages-browser)/./node_modules/next/dist/client/components/dev-root-not-found-boundary.js:33:11)
    at ReactDevOverlay (webpack-internal:///(app-pages-browser)/./node_modules/next/dist/client/components/react-dev-overlay/app/ReactDevOverlay.js:87:9)
    at HotReload (webpack-internal:///(app-pages-browser)/./node_modules/next/dist/client/components/react-dev-overlay/app/hot-reloader-client.js:321:11)
    at Router (webpack-internal:///(app-pages-browser)/./node_modules/next/dist/client/components/app-router.js:207:11)
    at ErrorBoundaryHandler (webpack-internal:///(app-pages-browser)/./node_modules/next/dist/client/components/error-boundary.js:113:9)
    at ErrorBoundary (webpack-internal:///(app-pages-browser)/./node_modules/next/dist/client/components/error-boundary.js:160:11)
    at AppRouter (webpack-internal:///(app-pages-browser)/./node_modules/next/dist/client/components/app-router.js:585:13)
    at ServerRoot (webpack-internal:///(app-pages-browser)/./node_modules/next/dist/client/app-index.js:112:27)
    at Root (webpack-internal:///(app-pages-browser)/./node_modules/next/dist/client/app-index.js:117:11) @ webpack-internal:///(app-pages-browser)/./node_modules/next/dist/client/app-index.js:32
[    1807ms] [WARNING] Image with src "/images/0/cluster 1/Image.png" has either width or height modified, but not the other. If you use CSS to change the size of your image, also include the styles 'width: "auto"' or 'height: "auto"' to maintain the aspect ratio. @ webpack-internal:///(app-pages-browser)/./node_modules/next/dist/shared/lib/utils/warn-once.js:15
[ 2256058ms] [WARNING] The resource http://localhost:3000/_next/static/css/app/layout.css?v=1772783387534 was preloaded using link preload but not used within a few seconds from the window's load event. Please make sure it has an appropriate `as` value and it is preloaded intentionally. @ http://localhost:3000/cluster-2/:0
[ 2438976ms] [WARNING] The resource http://localhost:3000/_next/static/css/app/layout.css?v=1772783387534 was preloaded using link preload but not used within a few seconds from the window's load event. Please make sure it has an appropriate `as` value and it is preloaded intentionally. @ http://localhost:3000/cluster-2/:0
[ 2512975ms] [WARNING] The resource http://localhost:3000/_next/static/css/app/layout.css?v=1772783387534 was preloaded using link preload but not used within a few seconds from the window's load event. Please make sure it has an appropriate `as` value and it is preloaded intentionally. @ http://localhost:3000/cluster-2/:0
[ 2779652ms] [WARNING] The resource http://localhost:3000/_next/static/css/app/layout.css?v=1772783387534 was preloaded using link preload but not used within a few seconds from the window's load event. Please make sure it has an appropriate `as` value and it is preloaded intentionally. @ http://localhost:3000/cluster-2/:0
[ 2900742ms] [WARNING] The resource http://localhost:3000/_next/static/css/app/layout.css?v=1772783387534 was preloaded using link preload but not used within a few seconds from the window's load event. Please make sure it has an appropriate `as` value and it is preloaded intentionally. @ http://localhost:3000/cluster-2/:0
[ 3277887ms] [WARNING] The resource http://localhost:3000/_next/static/css/app/layout.css?v=1772783387534 was preloaded using link preload but not used within a few seconds from the window's load event. Please make sure it has an appropriate `as` value and it is preloaded intentionally. @ http://localhost:3000/cluster-2/:0
[ 3491928ms] [WARNING] The resource http://localhost:3000/_next/static/css/app/layout.css?v=1772784632296 was preloaded using link preload but not used within a few seconds from the window's load event. Please make sure it has an appropriate `as` value and it is preloaded intentionally. @ http://localhost:3000/cluster-2/:0
[ 3491928ms] [WARNING] The resource http://localhost:3000/_next/static/css/app/layout.css?v=1772783387534 was preloaded using link preload but not used within a few seconds from the window's load event. Please make sure it has an appropriate `as` value and it is preloaded intentionally. @ http://localhost:3000/cluster-2/:0
[ 3498529ms] [WARNING] The resource http://localhost:3000/_next/static/css/app/layout.css?v=1772783387534 was preloaded using link preload but not used within a few seconds from the window's load event. Please make sure it has an appropriate `as` value and it is preloaded intentionally. @ http://localhost:3000/cluster-2/:0
[ 3679625ms] [WARNING] The resource http://localhost:3000/_next/static/css/app/layout.css?v=1772783387534 was preloaded using link preload but not used within a few seconds from the window's load event. Please make sure it has an appropriate `as` value and it is preloaded intentionally. @ http://localhost:3000/cluster-2/:0
[ 3795427ms] [WARNING] The resource http://localhost:3000/_next/static/css/app/layout.css?v=1772783387534 was preloaded using link preload but not used within a few seconds from the window's load event. Please make sure it has an appropriate `as` value and it is preloaded intentionally. @ http://localhost:3000/cluster-2/:0
[ 3795428ms] [WARNING] The resource http://localhost:3000/_next/static/css/app/layout.css?v=1772784935811 was preloaded using link preload but not used within a few seconds from the window's load event. Please make sure it has an appropriate `as` value and it is preloaded intentionally. @ http://localhost:3000/cluster-2/:0
[ 3798905ms] [WARNING] The resource http://localhost:3000/_next/static/css/app/layout.css?v=1772783387534 was preloaded using link preload but not used within a few seconds from the window's load event. Please make sure it has an appropriate `as` value and it is preloaded intentionally. @ http://localhost:3000/cluster-2/:0
[ 3798905ms] [WARNING] The resource http://localhost:3000/_next/static/css/app/layout.css?v=1772784935811 was preloaded using link preload but not used within a few seconds from the window's load event. Please make sure it has an appropriate `as` value and it is preloaded intentionally. @ http://localhost:3000/cluster-2/:0
[ 3877110ms] [WARNING] The resource http://localhost:3000/_next/static/css/app/layout.css?v=1772783387534 was preloaded using link preload but not used within a few seconds from the window's load event. Please make sure it has an appropriate `as` value and it is preloaded intentionally. @ http://localhost:3000/cluster-2/:0
[ 3877110ms] [WARNING] The resource http://localhost:3000/_next/static/css/app/layout.css?v=1772784935811 was preloaded using link preload but not used within a few seconds from the window's load event. Please make sure it has an appropriate `as` value and it is preloaded intentionally. @ http://localhost:3000/cluster-2/:0
[ 3954192ms] [WARNING] The resource http://localhost:3000/_next/static/css/app/layout.css?v=1772783387534 was preloaded using link preload but not used within a few seconds from the window's load event. Please make sure it has an appropriate `as` value and it is preloaded intentionally. @ http://localhost:3000/cluster-2/:0
[ 3954192ms] [WARNING] The resource http://localhost:3000/_next/static/css/app/layout.css?v=1772784935811 was preloaded using link preload but not used within a few seconds from the window's load event. Please make sure it has an appropriate `as` value and it is preloaded intentionally. @ http://localhost:3000/cluster-2/:0
[ 4263743ms] [WARNING] The resource http://localhost:3000/_next/static/css/app/layout.css?v=1772783387534 was preloaded using link preload but not used within a few seconds from the window's load event. Please make sure it has an appropriate `as` value and it is preloaded intentionally. @ http://localhost:3000/cluster-2/:0
[ 4263743ms] [WARNING] The resource http://localhost:3000/_next/static/css/app/layout.css?v=1772784935811 was preloaded using link preload but not used within a few seconds from the window's load event. Please make sure it has an appropriate `as` value and it is preloaded intentionally. @ http://localhost:3000/cluster-2/:0
[ 4263744ms] [WARNING] The resource http://localhost:3000/_next/static/css/app/layout.css?v=1772785404116 was preloaded using link preload but not used within a few seconds from the window's load event. Please make sure it has an appropriate `as` value and it is preloaded intentionally. @ http://localhost:3000/cluster-2/:0
[ 4270195ms] [WARNING] The resource http://localhost:3000/_next/static/css/app/layout.css?v=1772783387534 was preloaded using link preload but not used within a few seconds from the window's load event. Please make sure it has an appropriate `as` value and it is preloaded intentionally. @ http://localhost:3000/cluster-2/:0
[ 4270195ms] [WARNING] The resource http://localhost:3000/_next/static/css/app/layout.css?v=1772784935811 was preloaded using link preload but not used within a few seconds from the window's load event. Please make sure it has an appropriate `as` value and it is preloaded intentionally. @ http://localhost:3000/cluster-2/:0
[ 4330292ms] [WARNING] The resource http://localhost:3000/_next/static/css/app/layout.css?v=1772783387534 was preloaded using link preload but not used within a few seconds from the window's load event. Please make sure it has an appropriate `as` value and it is preloaded intentionally. @ http://localhost:3000/cluster-2/:0
[ 4330292ms] [WARNING] The resource http://localhost:3000/_next/static/css/app/layout.css?v=1772784935811 was preloaded using link preload but not used within a few seconds from the window's load event. Please make sure it has an appropriate `as` value and it is preloaded intentionally. @ http://localhost:3000/cluster-2/:0
[ 4373595ms] [WARNING] The resource http://localhost:3000/_next/static/css/app/layout.css?v=1772783387534 was preloaded using link preload but not used within a few seconds from the window's load event. Please make sure it has an appropriate `as` value and it is preloaded intentionally. @ http://localhost:3000/cluster-2/:0
[ 4373595ms] [WARNING] The resource http://localhost:3000/_next/static/css/app/layout.css?v=1772784935811 was preloaded using link preload but not used within a few seconds from the window's load event. Please make sure it has an appropriate `as` value and it is preloaded intentionally. @ http://localhost:3000/cluster-2/:0
[ 7626244ms] [WARNING] The resource http://localhost:3000/_next/static/css/app/layout.css?v=1772783387534 was preloaded using link preload but not used within a few seconds from the window's load event. Please make sure it has an appropriate `as` value and it is preloaded intentionally. @ http://localhost:3000/cluster-2/:0
[ 7626244ms] [WARNING] The resource http://localhost:3000/_next/static/css/app/layout.css?v=1772784935811 was preloaded using link preload but not used within a few seconds from the window's load event. Please make sure it has an appropriate `as` value and it is preloaded intentionally. @ http://localhost:3000/cluster-2/:0
[ 7631044ms] [WARNING] The resource http://localhost:3000/_next/static/css/app/layout.css?v=1772783387534 was preloaded using link preload but not used within a few seconds from the window's load event. Please make sure it has an appropriate `as` value and it is preloaded intentionally. @ http://localhost:3000/cluster-2/:0
[ 7631045ms] [WARNING] The resource http://localhost:3000/_next/static/css/app/layout.css?v=1772784935811 was preloaded using link preload but not used within a few seconds from the window's load event. Please make sure it has an appropriate `as` value and it is preloaded intentionally. @ http://localhost:3000/cluster-2/:0
[ 7648212ms] [WARNING] The resource http://localhost:3000/_next/static/css/app/layout.css?v=1772783387534 was preloaded using link preload but not used within a few seconds from the window's load event. Please make sure it has an appropriate `as` value and it is preloaded intentionally. @ http://localhost:3000/cluster-2/:0
[ 7648212ms] [WARNING] The resource http://localhost:3000/_next/static/css/app/layout.css?v=1772788788594 was preloaded using link preload but not used within a few seconds from the window's load event. Please make sure it has an appropriate `as` value and it is preloaded intentionally. @ http://localhost:3000/cluster-2/:0
[ 7648212ms] [WARNING] The resource http://localhost:3000/_next/static/css/app/layout.css?v=1772784935811 was preloaded using link preload but not used within a few seconds from the window's load event. Please make sure it has an appropriate `as` value and it is preloaded intentionally. @ http://localhost:3000/cluster-2/:0
[ 7652344ms] [WARNING] The resource http://localhost:3000/_next/static/css/app/layout.css?v=1772783387534 was preloaded using link preload but not used within a few seconds from the window's load event. Please make sure it has an appropriate `as` value and it is preloaded intentionally. @ http://localhost:3000/cluster-2/:0
[ 7652345ms] [WARNING] The resource http://localhost:3000/_next/static/css/app/layout.css?v=1772788792728 was preloaded using link preload but not used within a few seconds from the window's load event. Please make sure it has an appropriate `as` value and it is preloaded intentionally. @ http://localhost:3000/cluster-2/:0
[ 7652345ms] [WARNING] The resource http://localhost:3000/_next/static/css/app/layout.css?v=1772788788594 was preloaded using link preload but not used within a few seconds from the window's load event. Please make sure it has an appropriate `as` value and it is preloaded intentionally. @ http://localhost:3000/cluster-2/:0
[ 7652345ms] [WARNING] The resource http://localhost:3000/_next/static/css/app/layout.css?v=1772784935811 was preloaded using link preload but not used within a few seconds from the window's load event. Please make sure it has an appropriate `as` value and it is preloaded intentionally. @ http://localhost:3000/cluster-2/:0
[ 7656595ms] [WARNING] The resource http://localhost:3000/_next/static/css/app/layout.css?v=1772783387534 was preloaded using link preload but not used within a few seconds from the window's load event. Please make sure it has an appropriate `as` value and it is preloaded intentionally. @ http://localhost:3000/cluster-2/:0
[ 7656595ms] [WARNING] The resource http://localhost:3000/_next/static/css/app/layout.css?v=1772788792728 was preloaded using link preload but not used within a few seconds from the window's load event. Please make sure it has an appropriate `as` value and it is preloaded intentionally. @ http://localhost:3000/cluster-2/:0
[ 7656595ms] [WARNING] The resource http://localhost:3000/_next/static/css/app/layout.css?v=1772788788594 was preloaded using link preload but not used within a few seconds from the window's load event. Please make sure it has an appropriate `as` value and it is preloaded intentionally. @ http://localhost:3000/cluster-2/:0
[ 7656595ms] [WARNING] The resource http://localhost:3000/_next/static/css/app/layout.css?v=1772784935811 was preloaded using link preload but not used within a few seconds from the window's load event. Please make sure it has an appropriate `as` value and it is preloaded intentionally. @ http://localhost:3000/cluster-2/:0
[ 7664155ms] [WARNING] The resource http://localhost:3000/_next/static/css/app/layout.css?v=1772783387534 was preloaded using link preload but not used within a few seconds from the window's load event. Please make sure it has an appropriate `as` value and it is preloaded intentionally. @ http://localhost:3000/cluster-2/:0
[ 7664155ms] [WARNING] The resource http://localhost:3000/_next/static/css/app/layout.css?v=1772788792728 was preloaded using link preload but not used within a few seconds from the window's load event. Please make sure it has an appropriate `as` value and it is preloaded intentionally. @ http://localhost:3000/cluster-2/:0
[ 7664155ms] [WARNING] The resource http://localhost:3000/_next/static/css/app/layout.css?v=1772788804537 was preloaded using link preload but not used within a few seconds from the window's load event. Please make sure it has an appropriate `as` value and it is preloaded intentionally. @ http://localhost:3000/cluster-2/:0
[ 7664155ms] [WARNING] The resource http://localhost:3000/_next/static/css/app/layout.css?v=1772788788594 was preloaded using link preload but not used within a few seconds from the window's load event. Please make sure it has an appropriate `as` value and it is preloaded intentionally. @ http://localhost:3000/cluster-2/:0
[ 7664155ms] [WARNING] The resource http://localhost:3000/_next/static/css/app/layout.css?v=1772784935811 was preloaded using link preload but not used within a few seconds from the window's load event. Please make sure it has an appropriate `as` value and it is preloaded intentionally. @ http://localhost:3000/cluster-2/:0
[ 7668591ms] [WARNING] The resource http://localhost:3000/_next/static/css/app/layout.css?v=1772783387534 was preloaded using link preload but not used within a few seconds from the window's load event. Please make sure it has an appropriate `as` value and it is preloaded intentionally. @ http://localhost:3000/cluster-2/:0
[ 7668591ms] [WARNING] The resource http://localhost:3000/_next/static/css/app/layout.css?v=1772788792728 was preloaded using link preload but not used within a few seconds from the window's load event. Please make sure it has an appropriate `as` value and it is preloaded intentionally. @ http://localhost:3000/cluster-2/:0
[ 7668591ms] [WARNING] The resource http://localhost:3000/_next/static/css/app/layout.css?v=1772788788594 was preloaded using link preload but not used within a few seconds from the window's load event. Please make sure it has an appropriate `as` value and it is preloaded intentionally. @ http://localhost:3000/cluster-2/:0
[ 7668592ms] [WARNING] The resource http://localhost:3000/_next/static/css/app/layout.css?v=1772784935811 was preloaded using link preload but not used within a few seconds from the window's load event. Please make sure it has an appropriate `as` value and it is preloaded intentionally. @ http://localhost:3000/cluster-2/:0
[ 7786034ms] [WARNING] The resource http://localhost:3000/_next/static/css/app/layout.css?v=1772783387534 was preloaded using link preload but not used within a few seconds from the window's load event. Please make sure it has an appropriate `as` value and it is preloaded intentionally. @ http://localhost:3000/cluster-2/:0
[ 7786034ms] [WARNING] The resource http://localhost:3000/_next/static/css/app/layout.css?v=1772788792728 was preloaded using link preload but not used within a few seconds from the window's load event. Please make sure it has an appropriate `as` value and it is preloaded intentionally. @ http://localhost:3000/cluster-2/:0
[ 7786035ms] [WARNING] The resource http://localhost:3000/_next/static/css/app/layout.css?v=1772788788594 was preloaded using link preload but not used within a few seconds from the window's load event. Please make sure it has an appropriate `as` value and it is preloaded intentionally. @ http://localhost:3000/cluster-2/:0
[ 7786035ms] [WARNING] The resource http://localhost:3000/_next/static/css/app/layout.css?v=1772784935811 was preloaded using link preload but not used within a few seconds from the window's load event. Please make sure it has an appropriate `as` value and it is preloaded intentionally. @ http://localhost:3000/cluster-2/:0
[ 7796729ms] [WARNING] The resource http://localhost:3000/_next/static/css/app/layout.css?v=1772783387534 was preloaded using link preload but not used within a few seconds from the window's load event. Please make sure it has an appropriate `as` value and it is preloaded intentionally. @ http://localhost:3000/cluster-2/:0
[ 7796729ms] [WARNING] The resource http://localhost:3000/_next/static/css/app/layout.css?v=1772788792728 was preloaded using link preload but not used within a few seconds from the window's load event. Please make sure it has an appropriate `as` value and it is preloaded intentionally. @ http://localhost:3000/cluster-2/:0
[ 7796729ms] [WARNING] The resource http://localhost:3000/_next/static/css/app/layout.css?v=1772788788594 was preloaded using link preload but not used within a few seconds from the window's load event. Please make sure it has an appropriate `as` value and it is preloaded intentionally. @ http://localhost:3000/cluster-2/:0
[ 7796729ms] [WARNING] The resource http://localhost:3000/_next/static/css/app/layout.css?v=1772784935811 was preloaded using link preload but not used within a few seconds from the window's load event. Please make sure it has an appropriate `as` value and it is preloaded intentionally. @ http://localhost:3000/cluster-2/:0
[ 7813546ms] [WARNING] The resource http://localhost:3000/_next/static/css/app/layout.css?v=1772783387534 was preloaded using link preload but not used within a few seconds from the window's load event. Please make sure it has an appropriate `as` value and it is preloaded intentionally. @ http://localhost:3000/cluster-2/:0
[ 7813546ms] [WARNING] The resource http://localhost:3000/_next/static/css/app/layout.css?v=1772788792728 was preloaded using link preload but not used within a few seconds from the window's load event. Please make sure it has an appropriate `as` value and it is preloaded intentionally. @ http://localhost:3000/cluster-2/:0
[ 7813546ms] [WARNING] The resource http://localhost:3000/_next/static/css/app/layout.css?v=1772788788594 was preloaded using link preload but not used within a few seconds from the window's load event. Please make sure it has an appropriate `as` value and it is preloaded intentionally. @ http://localhost:3000/cluster-2/:0
[ 7813546ms] [WARNING] The resource http://localhost:3000/_next/static/css/app/layout.css?v=1772784935811 was preloaded using link preload but not used within a few seconds from the window's load event. Please make sure it has an appropriate `as` value and it is preloaded intentionally. @ http://localhost:3000/cluster-2/:0
