[     887ms] [ERROR] Warning: Extra attributes from the server: %s%s style 
    at body
    at html
    at RootLayout (Server)
    at RedirectErrorBoundary (webpack-internal:///(app-pages-browser)/./node_modules/next/dist/client/components/redirect-boundary.js:74:9)
    at RedirectBoundary (webpack-internal:///(app-pages-browser)/./node_modules/next/dist/client/components/redirect-boundary.js:82:11)
    at NotFoundErrorBoundary (webpack-internal:///(app-pages-browser)/./node_modules/next/dist/client/components/not-found-boundary.js:76:9)
    at NotFoundBoundary (webpack-internal:///(app-pages-browser)/./node_modules/next/dist/client/components/not-found-boundary.js:84:11)
    at DevRootNotFoundBoundary (webpack-internal:///(app-pages-browser)/./node_modules/next/dist/client/components/dev-root-not-found-boundary.js:33:11)
    at ReactDevOverlay (webpack-internal:///(app-pages-browser)/./node_modules/next/dist/client/components/react-dev-overlay/app/ReactDevOverlay.js:87:9)
    at HotReload (webpack-internal:///(app-pages-browser)/./node_modules/next/dist/client/components/react-dev-overlay/app/hot-reloader-client.js:321:11)
    at Router (webpack-internal:///(app-pages-browser)/./node_modules/next/dist/client/components/app-router.js:207:11)
    at ErrorBoundaryHandler (webpack-internal:///(app-pages-browser)/./node_modules/next/dist/client/components/error-boundary.js:113:9)
    at ErrorBoundary (webpack-internal:///(app-pages-browser)/./node_modules/next/dist/client/components/error-boundary.js:160:11)
    at AppRouter (webpack-internal:///(app-pages-browser)/./node_modules/next/dist/client/components/app-router.js:585:13)
    at ServerRoot (webpack-internal:///(app-pages-browser)/./node_modules/next/dist/client/app-index.js:112:27)
    at Root (webpack-internal:///(app-pages-browser)/./node_modules/next/dist/client/app-index.js:117:11) @ webpack-internal:///(app-pages-browser)/./node_modules/next/dist/client/app-index.js:32
[    1396ms] [WARNING] Image with src "/images/0/cluster 1/Image.png" has either width or height modified, but not the other. If you use CSS to change the size of your image, also include the styles 'width: "auto"' or 'height: "auto"' to maintain the aspect ratio. @ webpack-internal:///(app-pages-browser)/./node_modules/next/dist/shared/lib/utils/warn-once.js:15
[    1397ms] [ERROR] Failed to load resource: the server responded with a status of 401 (Unauthorized) @ http://localhost:3000/api/profile/?context=card:0
[    1417ms] [ERROR] Failed to load resource: the server responded with a status of 401 (Unauthorized) @ http://localhost:3000/api/profile/?context=card:0
[    1605ms] [ERROR] Failed to load resource: the server responded with a status of 400 () @ https://otaoevvpavpkohdkmtre.supabase.co/rest/v1/weeks?select=id%2Cweek_number%2Cstart_date%2Cend_date%2Cis_club_break%2Choliday_name%2Cseasons%28id%2Cyear%2Cname%29&id=eq.week-1:0
[    1641ms] [ERROR] Failed to load resource: the server responded with a status of 400 () @ https://otaoevvpavpkohdkmtre.supabase.co/rest/v1/weekly_activities?select=id%2Cactivity_type_id%2Ctitle%2Cis_active%2Copened_at%2Coutput_links&week_id=eq.week-1:0
[    1649ms] [ERROR] 주차 데이터 로드 오류: {code: 22P02, details: null, hint: null, message: invalid input syntax for type uuid: "week-1"} @ webpack-internal:///(app-pages-browser)/./node_modules/next/dist/client/app-index.js:32
[    1778ms] [ERROR] Failed to load resource: the server responded with a status of 400 () @ https://otaoevvpavpkohdkmtre.supabase.co/rest/v1/weeks?select=id%2Cweek_number%2Cstart_date%2Cend_date%2Cis_club_break%2Choliday_name%2Cseasons%28id%2Cyear%2Cname%29&id=eq.week-1:0
[    1838ms] [ERROR] Failed to load resource: the server responded with a status of 400 () @ https://otaoevvpavpkohdkmtre.supabase.co/rest/v1/weekly_activities?select=id%2Cactivity_type_id%2Ctitle%2Cis_active%2Copened_at%2Coutput_links&week_id=eq.week-1:0
[    1861ms] [ERROR] 주차 데이터 로드 오류: {code: 22P02, details: null, hint: null, message: invalid input syntax for type uuid: "week-1"} @ webpack-internal:///(app-pages-browser)/./node_modules/next/dist/client/app-index.js:32
