[     299ms] [LOG] [Fast Refresh] rebuilding @ webpack-internal:///(app-pages-browser)/./node_modules/next/dist/client/components/react-dev-overlay/app/hot-reloader-client.js:186
[    1452ms] [LOG] [Fast Refresh] done in 1153ms @ webpack-internal:///(app-pages-browser)/./node_modules/next/dist/client/components/react-dev-overlay/app/hot-reloader-client.js:43
[    2778ms] [INFO] %cDownload the React DevTools for a better development experience: https://reactjs.org/link/react-devtools font-weight:bold @ webpack-internal:///(app-pages-browser)/./node_modules/next/dist/compiled/react-dom/cjs/react-dom.development.js:38559
[    2937ms] [ERROR] Warning: Prop `%s` did not match. Server: %s Client: %s%s style "opacity: 0;" "opacity:0" 
    at body
    at html
    at RootLayout (Server)
    at RedirectErrorBoundary (webpack-internal:///(app-pages-browser)/./node_modules/next/dist/client/components/redirect-boundary.js:74:9)
    at RedirectBoundary (webpack-internal:///(app-pages-browser)/./node_modules/next/dist/client/components/redirect-boundary.js:82:11)
    at NotFoundErrorBoundary (webpack-internal:///(app-pages-browser)/./node_modules/next/dist/client/components/not-found-boundary.js:76:9)
    at NotFoundBoundary (webpack-internal:///(app-pages-browser)/./node_modules/next/dist/client/components/not-found-boundary.js:84:11)
    at DevRootNotFoundBoundary (webpack-internal:///(app-pages-browser)/./node_modules/next/dist/client/components/dev-root-not-found-boundary.js:33:11)
    at ReactDevOverlay (webpack-internal:///(app-pages-browser)/./node_modules/next/dist/client/components/react-dev-overlay/app/ReactDevOverlay.js:87:9)
    at HotReload (webpack-internal:///(app-pages-browser)/./node_modules/next/dist/client/components/react-dev-overlay/app/hot-reloader-client.js:321:11)
    at Router (webpack-internal:///(app-pages-browser)/./node_modules/next/dist/client/components/app-router.js:207:11)
    at ErrorBoundaryHandler (webpack-internal:///(app-pages-browser)/./node_modules/next/dist/client/components/error-boundary.js:113:9)
    at ErrorBoundary (webpack-internal:///(app-pages-browser)/./node_modules/next/dist/client/components/error-boundary.js:160:11)
    at AppRouter (webpack-internal:///(app-pages-browser)/./node_modules/next/dist/client/components/app-router.js:585:13)
    at ServerRoot (webpack-internal:///(app-pages-browser)/./node_modules/next/dist/client/app-index.js:112:27)
    at Root (webpack-internal:///(app-pages-browser)/./node_modules/next/dist/client/app-index.js:117:11) @ webpack-internal:///(app-pages-browser)/./node_modules/next/dist/client/app-index.js:32
[    3244ms] [LOG] [calculateScale] {screenWidth: 1280, innerHeight: 800, browserZoom: 0.73828125, 계산값: 590.625} @ webpack-internal:///(app-pages-browser)/./components/home-career/Sidebar.tsx:558
[    3245ms] [LOG] [setCardScale] 1.1728395061728396 @ webpack-internal:///(app-pages-browser)/./components/home-career/Sidebar.tsx:576
[    3289ms] [LOG] [calculateScale] {screenWidth: 1280, innerHeight: 800, browserZoom: 0.73828125, 계산값: 590.625} @ webpack-internal:///(app-pages-browser)/./components/home-career/Sidebar.tsx:558
[    3290ms] [LOG] [setCardScale] 1.1728395061728396 @ webpack-internal:///(app-pages-browser)/./components/home-career/Sidebar.tsx:576
[    3352ms] [LOG] [render cardScale] 1.1728395061728396 @ webpack-internal:///(app-pages-browser)/./components/home-career/Sidebar.tsx:1654
[    3353ms] [LOG] [render cardScale] 1.1728395061728396 @ webpack-internal:///(app-pages-browser)/./components/home-career/Sidebar.tsx:1654
[    3370ms] [LOG] [render cardScale] 1.1728395061728396 @ webpack-internal:///(app-pages-browser)/./components/home-career/Sidebar.tsx:1654
[    3371ms] [LOG] [render cardScale] 1.1728395061728396 @ webpack-internal:///(app-pages-browser)/./components/home-career/Sidebar.tsx:1654
[    3418ms] [LOG] [render cardScale] 1.1728395061728396 @ webpack-internal:///(app-pages-browser)/./components/home-career/Sidebar.tsx:1654
[    3419ms] [LOG] [render cardScale] 1.1728395061728396 @ webpack-internal:///(app-pages-browser)/./components/home-career/Sidebar.tsx:1654
[    3429ms] [LOG] [render cardScale] 1.1728395061728396 @ webpack-internal:///(app-pages-browser)/./components/home-career/Sidebar.tsx:1654
[    3430ms] [LOG] [render cardScale] 1.1728395061728396 @ webpack-internal:///(app-pages-browser)/./components/home-career/Sidebar.tsx:1654
[    3471ms] [LOG] [render cardScale] 1.1728395061728396 @ webpack-internal:///(app-pages-browser)/./components/home-career/Sidebar.tsx:1654
[    3472ms] [LOG] [render cardScale] 1.1728395061728396 @ webpack-internal:///(app-pages-browser)/./components/home-career/Sidebar.tsx:1654
[    3551ms] [LOG] [render cardScale] 1.1728395061728396 @ webpack-internal:///(app-pages-browser)/./components/home-career/Sidebar.tsx:1654
[    3552ms] [LOG] [render cardScale] 1.1728395061728396 @ webpack-internal:///(app-pages-browser)/./components/home-career/Sidebar.tsx:1654
[    3559ms] [LOG] [render cardScale] 1.1728395061728396 @ webpack-internal:///(app-pages-browser)/./components/home-career/Sidebar.tsx:1654
[    3560ms] [LOG] [render cardScale] 1.1728395061728396 @ webpack-internal:///(app-pages-browser)/./components/home-career/Sidebar.tsx:1654
[    3570ms] [LOG] [render cardScale] 1.1728395061728396 @ webpack-internal:///(app-pages-browser)/./components/home-career/Sidebar.tsx:1654
[    3570ms] [LOG] [render cardScale] 1.1728395061728396 @ webpack-internal:///(app-pages-browser)/./components/home-career/Sidebar.tsx:1654
[    3588ms] [LOG] [render cardScale] 1.1728395061728396 @ webpack-internal:///(app-pages-browser)/./components/home-career/Sidebar.tsx:1654
[    3588ms] [LOG] [render cardScale] 1.1728395061728396 @ webpack-internal:///(app-pages-browser)/./components/home-career/Sidebar.tsx:1654
[    3597ms] [LOG] [render cardScale] 1.1728395061728396 @ webpack-internal:///(app-pages-browser)/./components/home-career/Sidebar.tsx:1654
[    3598ms] [LOG] [render cardScale] 1.1728395061728396 @ webpack-internal:///(app-pages-browser)/./components/home-career/Sidebar.tsx:1654
[    3626ms] [LOG] [render cardScale] 1.1728395061728396 @ webpack-internal:///(app-pages-browser)/./components/home-career/Sidebar.tsx:1654
[    3627ms] [LOG] [render cardScale] 1.1728395061728396 @ webpack-internal:///(app-pages-browser)/./components/home-career/Sidebar.tsx:1654
[    3632ms] [LOG] [render cardScale] 1.1728395061728396 @ webpack-internal:///(app-pages-browser)/./components/home-career/Sidebar.tsx:1654
[    3632ms] [LOG] [render cardScale] 1.1728395061728396 @ webpack-internal:///(app-pages-browser)/./components/home-career/Sidebar.tsx:1654
[    3655ms] [LOG] [render cardScale] 1.1728395061728396 @ webpack-internal:///(app-pages-browser)/./components/home-career/Sidebar.tsx:1654
[    3655ms] [LOG] [render cardScale] 1.1728395061728396 @ webpack-internal:///(app-pages-browser)/./components/home-career/Sidebar.tsx:1654
[    3663ms] [LOG] [render cardScale] 1.1728395061728396 @ webpack-internal:///(app-pages-browser)/./components/home-career/Sidebar.tsx:1654
[    3663ms] [LOG] [render cardScale] 1.1728395061728396 @ webpack-internal:///(app-pages-browser)/./components/home-career/Sidebar.tsx:1654
[    3691ms] [LOG] [render cardScale] 1.1728395061728396 @ webpack-internal:///(app-pages-browser)/./components/home-career/Sidebar.tsx:1654
[    3691ms] [LOG] [render cardScale] 1.1728395061728396 @ webpack-internal:///(app-pages-browser)/./components/home-career/Sidebar.tsx:1654
[    3702ms] [LOG] [render cardScale] 1.1728395061728396 @ webpack-internal:///(app-pages-browser)/./components/home-career/Sidebar.tsx:1654
[    3702ms] [LOG] [render cardScale] 1.1728395061728396 @ webpack-internal:///(app-pages-browser)/./components/home-career/Sidebar.tsx:1654
[    3723ms] [LOG] [render cardScale] 1.1728395061728396 @ webpack-internal:///(app-pages-browser)/./components/home-career/Sidebar.tsx:1654
[    3723ms] [LOG] [render cardScale] 1.1728395061728396 @ webpack-internal:///(app-pages-browser)/./components/home-career/Sidebar.tsx:1654
[    3758ms] [LOG] [render cardScale] 1.1728395061728396 @ webpack-internal:///(app-pages-browser)/./components/home-career/Sidebar.tsx:1654
[    3760ms] [LOG] [render cardScale] 1.1728395061728396 @ webpack-internal:///(app-pages-browser)/./components/home-career/Sidebar.tsx:1654
[    3881ms] [LOG] [render cardScale] 1.1728395061728396 @ webpack-internal:///(app-pages-browser)/./components/home-career/Sidebar.tsx:1654
[    3882ms] [LOG] [render cardScale] 1.1728395061728396 @ webpack-internal:///(app-pages-browser)/./components/home-career/Sidebar.tsx:1654
[    3885ms] [WARNING] Image with src "/images/0/cluster 1/Image.png" has either width or height modified, but not the other. If you use CSS to change the size of your image, also include the styles 'width: "auto"' or 'height: "auto"' to maintain the aspect ratio. @ webpack-internal:///(app-pages-browser)/./node_modules/next/dist/shared/lib/utils/warn-once.js:15
[    3885ms] [LOG] [render cardScale] 1.1728395061728396 @ webpack-internal:///(app-pages-browser)/./components/home-career/Sidebar.tsx:1654
[    3886ms] [LOG] [render cardScale] 1.1728395061728396 @ webpack-internal:///(app-pages-browser)/./components/home-career/Sidebar.tsx:1654
[    3887ms] [LOG] [render cardScale] 1.1728395061728396 @ webpack-internal:///(app-pages-browser)/./components/home-career/Sidebar.tsx:1654
[    3887ms] [LOG] [render cardScale] 1.1728395061728396 @ webpack-internal:///(app-pages-browser)/./components/home-career/Sidebar.tsx:1654
[    3924ms] [LOG] [render cardScale] 1.1728395061728396 @ webpack-internal:///(app-pages-browser)/./components/home-career/Sidebar.tsx:1654
[    3924ms] [LOG] [render cardScale] 1.1728395061728396 @ webpack-internal:///(app-pages-browser)/./components/home-career/Sidebar.tsx:1654
[    3930ms] [LOG] [render cardScale] 1.1728395061728396 @ webpack-internal:///(app-pages-browser)/./components/home-career/Sidebar.tsx:1654
[    3930ms] [LOG] [render cardScale] 1.1728395061728396 @ webpack-internal:///(app-pages-browser)/./components/home-career/Sidebar.tsx:1654
[    3954ms] [LOG] [render cardScale] 1.1728395061728396 @ webpack-internal:///(app-pages-browser)/./components/home-career/Sidebar.tsx:1654
[    3955ms] [LOG] [render cardScale] 1.1728395061728396 @ webpack-internal:///(app-pages-browser)/./components/home-career/Sidebar.tsx:1654
[    3958ms] [LOG] [render cardScale] 1.1728395061728396 @ webpack-internal:///(app-pages-browser)/./components/home-career/Sidebar.tsx:1654
[    3958ms] [LOG] [render cardScale] 1.1728395061728396 @ webpack-internal:///(app-pages-browser)/./components/home-career/Sidebar.tsx:1654
[    3984ms] [LOG] [render cardScale] 1.1728395061728396 @ webpack-internal:///(app-pages-browser)/./components/home-career/Sidebar.tsx:1654
[    3984ms] [LOG] [render cardScale] 1.1728395061728396 @ webpack-internal:///(app-pages-browser)/./components/home-career/Sidebar.tsx:1654
[    3987ms] [LOG] [render cardScale] 1.1728395061728396 @ webpack-internal:///(app-pages-browser)/./components/home-career/Sidebar.tsx:1654
[    3987ms] [LOG] [render cardScale] 1.1728395061728396 @ webpack-internal:///(app-pages-browser)/./components/home-career/Sidebar.tsx:1654
[    4026ms] [LOG] [render cardScale] 1.1728395061728396 @ webpack-internal:///(app-pages-browser)/./components/home-career/Sidebar.tsx:1654
[    4027ms] [LOG] [render cardScale] 1.1728395061728396 @ webpack-internal:///(app-pages-browser)/./components/home-career/Sidebar.tsx:1654
[    4030ms] [LOG] [render cardScale] 1.1728395061728396 @ webpack-internal:///(app-pages-browser)/./components/home-career/Sidebar.tsx:1654
[    4031ms] [LOG] [render cardScale] 1.1728395061728396 @ webpack-internal:///(app-pages-browser)/./components/home-career/Sidebar.tsx:1654
[    4060ms] [LOG] [render cardScale] 1.1728395061728396 @ webpack-internal:///(app-pages-browser)/./components/home-career/Sidebar.tsx:1654
[    4060ms] [LOG] [render cardScale] 1.1728395061728396 @ webpack-internal:///(app-pages-browser)/./components/home-career/Sidebar.tsx:1654
[    4063ms] [LOG] [render cardScale] 1.1728395061728396 @ webpack-internal:///(app-pages-browser)/./components/home-career/Sidebar.tsx:1654
[    4064ms] [LOG] [render cardScale] 1.1728395061728396 @ webpack-internal:///(app-pages-browser)/./components/home-career/Sidebar.tsx:1654
[    4091ms] [LOG] [render cardScale] 1.1728395061728396 @ webpack-internal:///(app-pages-browser)/./components/home-career/Sidebar.tsx:1654
[    4091ms] [LOG] [render cardScale] 1.1728395061728396 @ webpack-internal:///(app-pages-browser)/./components/home-career/Sidebar.tsx:1654
[    4097ms] [LOG] [render cardScale] 1.1728395061728396 @ webpack-internal:///(app-pages-browser)/./components/home-career/Sidebar.tsx:1654
[    4098ms] [LOG] [render cardScale] 1.1728395061728396 @ webpack-internal:///(app-pages-browser)/./components/home-career/Sidebar.tsx:1654
[    4122ms] [LOG] [render cardScale] 1.1728395061728396 @ webpack-internal:///(app-pages-browser)/./components/home-career/Sidebar.tsx:1654
[    4122ms] [LOG] [render cardScale] 1.1728395061728396 @ webpack-internal:///(app-pages-browser)/./components/home-career/Sidebar.tsx:1654
[    4128ms] [LOG] [render cardScale] 1.1728395061728396 @ webpack-internal:///(app-pages-browser)/./components/home-career/Sidebar.tsx:1654
[    4129ms] [LOG] [render cardScale] 1.1728395061728396 @ webpack-internal:///(app-pages-browser)/./components/home-career/Sidebar.tsx:1654
[    4154ms] [LOG] [render cardScale] 1.1728395061728396 @ webpack-internal:///(app-pages-browser)/./components/home-career/Sidebar.tsx:1654
[    4154ms] [LOG] [render cardScale] 1.1728395061728396 @ webpack-internal:///(app-pages-browser)/./components/home-career/Sidebar.tsx:1654
[    4158ms] [LOG] [render cardScale] 1.1728395061728396 @ webpack-internal:///(app-pages-browser)/./components/home-career/Sidebar.tsx:1654
[    4158ms] [LOG] [render cardScale] 1.1728395061728396 @ webpack-internal:///(app-pages-browser)/./components/home-career/Sidebar.tsx:1654
[    4182ms] [LOG] [render cardScale] 1.1728395061728396 @ webpack-internal:///(app-pages-browser)/./components/home-career/Sidebar.tsx:1654
[    4183ms] [LOG] [render cardScale] 1.1728395061728396 @ webpack-internal:///(app-pages-browser)/./components/home-career/Sidebar.tsx:1654
[    4186ms] [LOG] [render cardScale] 1.1728395061728396 @ webpack-internal:///(app-pages-browser)/./components/home-career/Sidebar.tsx:1654
[    4187ms] [LOG] [render cardScale] 1.1728395061728396 @ webpack-internal:///(app-pages-browser)/./components/home-career/Sidebar.tsx:1654
[    4226ms] [LOG] [render cardScale] 1.1728395061728396 @ webpack-internal:///(app-pages-browser)/./components/home-career/Sidebar.tsx:1654
[    4227ms] [LOG] [render cardScale] 1.1728395061728396 @ webpack-internal:///(app-pages-browser)/./components/home-career/Sidebar.tsx:1654
[    4230ms] [LOG] [render cardScale] 1.1728395061728396 @ webpack-internal:///(app-pages-browser)/./components/home-career/Sidebar.tsx:1654
[    4230ms] [LOG] [render cardScale] 1.1728395061728396 @ webpack-internal:///(app-pages-browser)/./components/home-career/Sidebar.tsx:1654
[    4258ms] [LOG] [render cardScale] 1.1728395061728396 @ webpack-internal:///(app-pages-browser)/./components/home-career/Sidebar.tsx:1654
[    4259ms] [LOG] [render cardScale] 1.1728395061728396 @ webpack-internal:///(app-pages-browser)/./components/home-career/Sidebar.tsx:1654
[    4265ms] [LOG] [render cardScale] 1.1728395061728396 @ webpack-internal:///(app-pages-browser)/./components/home-career/Sidebar.tsx:1654
[    4266ms] [LOG] [render cardScale] 1.1728395061728396 @ webpack-internal:///(app-pages-browser)/./components/home-career/Sidebar.tsx:1654
[    4289ms] [LOG] [render cardScale] 1.1728395061728396 @ webpack-internal:///(app-pages-browser)/./components/home-career/Sidebar.tsx:1654
[    4289ms] [LOG] [render cardScale] 1.1728395061728396 @ webpack-internal:///(app-pages-browser)/./components/home-career/Sidebar.tsx:1654
[    4293ms] [LOG] [render cardScale] 1.1728395061728396 @ webpack-internal:///(app-pages-browser)/./components/home-career/Sidebar.tsx:1654
[    4293ms] [LOG] [render cardScale] 1.1728395061728396 @ webpack-internal:///(app-pages-browser)/./components/home-career/Sidebar.tsx:1654
[    4319ms] [LOG] [render cardScale] 1.1728395061728396 @ webpack-internal:///(app-pages-browser)/./components/home-career/Sidebar.tsx:1654
[    4320ms] [LOG] [render cardScale] 1.1728395061728396 @ webpack-internal:///(app-pages-browser)/./components/home-career/Sidebar.tsx:1654
[    4323ms] [LOG] [render cardScale] 1.1728395061728396 @ webpack-internal:///(app-pages-browser)/./components/home-career/Sidebar.tsx:1654
[    4323ms] [LOG] [render cardScale] 1.1728395061728396 @ webpack-internal:///(app-pages-browser)/./components/home-career/Sidebar.tsx:1654
[    4350ms] [LOG] [render cardScale] 1.1728395061728396 @ webpack-internal:///(app-pages-browser)/./components/home-career/Sidebar.tsx:1654
[    4351ms] [LOG] [render cardScale] 1.1728395061728396 @ webpack-internal:///(app-pages-browser)/./components/home-career/Sidebar.tsx:1654
[    4355ms] [LOG] [render cardScale] 1.1728395061728396 @ webpack-internal:///(app-pages-browser)/./components/home-career/Sidebar.tsx:1654
[    4356ms] [LOG] [render cardScale] 1.1728395061728396 @ webpack-internal:///(app-pages-browser)/./components/home-career/Sidebar.tsx:1654
[    4380ms] [LOG] [render cardScale] 1.1728395061728396 @ webpack-internal:///(app-pages-browser)/./components/home-career/Sidebar.tsx:1654
[    4381ms] [LOG] [render cardScale] 1.1728395061728396 @ webpack-internal:///(app-pages-browser)/./components/home-career/Sidebar.tsx:1654
[    4385ms] [LOG] [render cardScale] 1.1728395061728396 @ webpack-internal:///(app-pages-browser)/./components/home-career/Sidebar.tsx:1654
[    4385ms] [LOG] [render cardScale] 1.1728395061728396 @ webpack-internal:///(app-pages-browser)/./components/home-career/Sidebar.tsx:1654
[    4414ms] [LOG] [render cardScale] 1.1728395061728396 @ webpack-internal:///(app-pages-browser)/./components/home-career/Sidebar.tsx:1654
[    4414ms] [LOG] [render cardScale] 1.1728395061728396 @ webpack-internal:///(app-pages-browser)/./components/home-career/Sidebar.tsx:1654
[    4418ms] [LOG] [render cardScale] 1.1728395061728396 @ webpack-internal:///(app-pages-browser)/./components/home-career/Sidebar.tsx:1654
[    4418ms] [LOG] [render cardScale] 1.1728395061728396 @ webpack-internal:///(app-pages-browser)/./components/home-career/Sidebar.tsx:1654
[    4449ms] [LOG] [render cardScale] 1.1728395061728396 @ webpack-internal:///(app-pages-browser)/./components/home-career/Sidebar.tsx:1654
[    4450ms] [LOG] [render cardScale] 1.1728395061728396 @ webpack-internal:///(app-pages-browser)/./components/home-career/Sidebar.tsx:1654
