[     536ms] [ERROR] Failed to load resource: the server responded with a status of 404 (Not Found) @ http://localhost:3007/images/0/cluster4/icon/default-company.png:0
[     552ms] [ERROR] Failed to load resource: the server responded with a status of 404 (Not Found) @ http://localhost:3007/images/0/crew%20profile/default.jpg:0
[     687ms] [INFO] %cDownload the React DevTools for a better development experience: https://reactjs.org/link/react-devtools font-weight:bold @ webpack-internal:///(app-pages-browser)/./node_modules/next/dist/compiled/react-dom/cjs/react-dom.development.js:38559
[     878ms] [ERROR] Warning: Prop `%s` did not match. Server: %s Client: %s%s style "opacity: 0;" "opacity:0" 
    at body
    at html
    at RootLayout (Server)
    at RedirectErrorBoundary (webpack-internal:///(app-pages-browser)/./node_modules/next/dist/client/components/redirect-boundary.js:74:9)
    at RedirectBoundary (webpack-internal:///(app-pages-browser)/./node_modules/next/dist/client/components/redirect-boundary.js:82:11)
    at NotFoundErrorBoundary (webpack-internal:///(app-pages-browser)/./node_modules/next/dist/client/components/not-found-boundary.js:76:9)
    at NotFoundBoundary (webpack-internal:///(app-pages-browser)/./node_modules/next/dist/client/components/not-found-boundary.js:84:11)
    at DevRootNotFoundBoundary (webpack-internal:///(app-pages-browser)/./node_modules/next/dist/client/components/dev-root-not-found-boundary.js:33:11)
    at ReactDevOverlay (webpack-internal:///(app-pages-browser)/./node_modules/next/dist/client/components/react-dev-overlay/app/ReactDevOverlay.js:87:9)
    at HotReload (webpack-internal:///(app-pages-browser)/./node_modules/next/dist/client/components/react-dev-overlay/app/hot-reloader-client.js:321:11)
    at Router (webpack-internal:///(app-pages-browser)/./node_modules/next/dist/client/components/app-router.js:207:11)
    at ErrorBoundaryHandler (webpack-internal:///(app-pages-browser)/./node_modules/next/dist/client/components/error-boundary.js:113:9)
    at ErrorBoundary (webpack-internal:///(app-pages-browser)/./node_modules/next/dist/client/components/error-boundary.js:160:11)
    at AppRouter (webpack-internal:///(app-pages-browser)/./node_modules/next/dist/client/components/app-router.js:585:13)
    at ServerRoot (webpack-internal:///(app-pages-browser)/./node_modules/next/dist/client/app-index.js:112:27)
    at Root (webpack-internal:///(app-pages-browser)/./node_modules/next/dist/client/app-index.js:117:11) @ webpack-internal:///(app-pages-browser)/./node_modules/next/dist/client/app-index.js:32
[    1290ms] [LOG] [calculateScale] {screenWidth: 1280, innerHeight: 800, browserZoom: 0.73828125, 계산값: 590.625} @ webpack-internal:///(app-pages-browser)/./components/home-career/Sidebar.tsx:558
[    1291ms] [LOG] [setCardScale] 1.1728395061728396 @ webpack-internal:///(app-pages-browser)/./components/home-career/Sidebar.tsx:576
[    1356ms] [LOG] [calculateScale] {screenWidth: 1280, innerHeight: 800, browserZoom: 0.73828125, 계산값: 590.625} @ webpack-internal:///(app-pages-browser)/./components/home-career/Sidebar.tsx:558
[    1356ms] [LOG] [setCardScale] 1.1728395061728396 @ webpack-internal:///(app-pages-browser)/./components/home-career/Sidebar.tsx:576
[    1380ms] [LOG] [render cardScale] 1.1728395061728396 @ webpack-internal:///(app-pages-browser)/./components/home-career/Sidebar.tsx:1654
[    1381ms] [LOG] [render cardScale] 1.1728395061728396 @ webpack-internal:///(app-pages-browser)/./components/home-career/Sidebar.tsx:1654
[    1491ms] [ERROR] Failed to load resource: the server responded with a status of 404 (Not Found) @ http://localhost:3007/images/0/cluster4/icon/default-company.png:0
[    1491ms] [ERROR] Failed to load resource: the server responded with a status of 404 (Not Found) @ http://localhost:3007/images/0/crew%20profile/default.jpg:0
[    1533ms] [LOG] [render cardScale] 1.1728395061728396 @ webpack-internal:///(app-pages-browser)/./components/home-career/Sidebar.tsx:1654
[    1534ms] [LOG] [render cardScale] 1.1728395061728396 @ webpack-internal:///(app-pages-browser)/./components/home-career/Sidebar.tsx:1654
[    1543ms] [WARNING] Image with src "/images/0/cluster 1/Image.png" has either width or height modified, but not the other. If you use CSS to change the size of your image, also include the styles 'width: "auto"' or 'height: "auto"' to maintain the aspect ratio. @ webpack-internal:///(app-pages-browser)/./node_modules/next/dist/shared/lib/utils/warn-once.js:15
[    1553ms] [LOG] [render cardScale] 1.1728395061728396 @ webpack-internal:///(app-pages-browser)/./components/home-career/Sidebar.tsx:1654
[    1554ms] [LOG] [render cardScale] 1.1728395061728396 @ webpack-internal:///(app-pages-browser)/./components/home-career/Sidebar.tsx:1654
[    1672ms] [LOG] [render cardScale] 1.1728395061728396 @ webpack-internal:///(app-pages-browser)/./components/home-career/Sidebar.tsx:1654
[    1673ms] [LOG] [render cardScale] 1.1728395061728396 @ webpack-internal:///(app-pages-browser)/./components/home-career/Sidebar.tsx:1654
[    1694ms] [LOG] [render cardScale] 1.1728395061728396 @ webpack-internal:///(app-pages-browser)/./components/home-career/Sidebar.tsx:1654
[    1694ms] [LOG] [render cardScale] 1.1728395061728396 @ webpack-internal:///(app-pages-browser)/./components/home-career/Sidebar.tsx:1654
[    1706ms] [LOG] [render cardScale] 1.1728395061728396 @ webpack-internal:///(app-pages-browser)/./components/home-career/Sidebar.tsx:1654
[    1706ms] [LOG] [render cardScale] 1.1728395061728396 @ webpack-internal:///(app-pages-browser)/./components/home-career/Sidebar.tsx:1654
[    1722ms] [LOG] [render cardScale] 1.1728395061728396 @ webpack-internal:///(app-pages-browser)/./components/home-career/Sidebar.tsx:1654
[    1722ms] [LOG] [render cardScale] 1.1728395061728396 @ webpack-internal:///(app-pages-browser)/./components/home-career/Sidebar.tsx:1654
[    1728ms] [LOG] [render cardScale] 1.1728395061728396 @ webpack-internal:///(app-pages-browser)/./components/home-career/Sidebar.tsx:1654
[    1729ms] [LOG] [render cardScale] 1.1728395061728396 @ webpack-internal:///(app-pages-browser)/./components/home-career/Sidebar.tsx:1654
[    1754ms] [ERROR] Failed to load resource: the server responded with a status of 400 () @ https://otaoevvpavpkohdkmtre.supabase.co/rest/v1/weeks?select=id%2Cweek_number%2Cstart_date%2Cend_date%2Cis_club_break%2Choliday_name%2Cseasons%28id%2Cyear%2Cname%29&id=eq.dw-01:0
[    1755ms] [LOG] [render cardScale] 1.1728395061728396 @ webpack-internal:///(app-pages-browser)/./components/home-career/Sidebar.tsx:1654
[    1756ms] [LOG] [render cardScale] 1.1728395061728396 @ webpack-internal:///(app-pages-browser)/./components/home-career/Sidebar.tsx:1654
[    1795ms] [LOG] [render cardScale] 1.1728395061728396 @ webpack-internal:///(app-pages-browser)/./components/home-career/Sidebar.tsx:1654
[    1795ms] [LOG] [render cardScale] 1.1728395061728396 @ webpack-internal:///(app-pages-browser)/./components/home-career/Sidebar.tsx:1654
[    1804ms] [LOG] [render cardScale] 1.1728395061728396 @ webpack-internal:///(app-pages-browser)/./components/home-career/Sidebar.tsx:1654
[    1804ms] [LOG] [render cardScale] 1.1728395061728396 @ webpack-internal:///(app-pages-browser)/./components/home-career/Sidebar.tsx:1654
[    1825ms] [LOG] [render cardScale] 1.1728395061728396 @ webpack-internal:///(app-pages-browser)/./components/home-career/Sidebar.tsx:1654
[    1825ms] [LOG] [render cardScale] 1.1728395061728396 @ webpack-internal:///(app-pages-browser)/./components/home-career/Sidebar.tsx:1654
[    1836ms] [LOG] [render cardScale] 1.1728395061728396 @ webpack-internal:///(app-pages-browser)/./components/home-career/Sidebar.tsx:1654
[    1836ms] [LOG] [render cardScale] 1.1728395061728396 @ webpack-internal:///(app-pages-browser)/./components/home-career/Sidebar.tsx:1654
[    1855ms] [LOG] [render cardScale] 1.1728395061728396 @ webpack-internal:///(app-pages-browser)/./components/home-career/Sidebar.tsx:1654
[    1856ms] [LOG] [render cardScale] 1.1728395061728396 @ webpack-internal:///(app-pages-browser)/./components/home-career/Sidebar.tsx:1654
[    1860ms] [LOG] [render cardScale] 1.1728395061728396 @ webpack-internal:///(app-pages-browser)/./components/home-career/Sidebar.tsx:1654
[    1860ms] [LOG] [render cardScale] 1.1728395061728396 @ webpack-internal:///(app-pages-browser)/./components/home-career/Sidebar.tsx:1654
[    1886ms] [LOG] [render cardScale] 1.1728395061728396 @ webpack-internal:///(app-pages-browser)/./components/home-career/Sidebar.tsx:1654
[    1886ms] [LOG] [render cardScale] 1.1728395061728396 @ webpack-internal:///(app-pages-browser)/./components/home-career/Sidebar.tsx:1654
[    1890ms] [LOG] [render cardScale] 1.1728395061728396 @ webpack-internal:///(app-pages-browser)/./components/home-career/Sidebar.tsx:1654
[    1891ms] [LOG] [render cardScale] 1.1728395061728396 @ webpack-internal:///(app-pages-browser)/./components/home-career/Sidebar.tsx:1654
[    1931ms] [LOG] [render cardScale] 1.1728395061728396 @ webpack-internal:///(app-pages-browser)/./components/home-career/Sidebar.tsx:1654
[    1932ms] [LOG] [render cardScale] 1.1728395061728396 @ webpack-internal:///(app-pages-browser)/./components/home-career/Sidebar.tsx:1654
[    1935ms] [LOG] [render cardScale] 1.1728395061728396 @ webpack-internal:///(app-pages-browser)/./components/home-career/Sidebar.tsx:1654
[    1936ms] [LOG] [render cardScale] 1.1728395061728396 @ webpack-internal:///(app-pages-browser)/./components/home-career/Sidebar.tsx:1654
[    1973ms] [LOG] [render cardScale] 1.1728395061728396 @ webpack-internal:///(app-pages-browser)/./components/home-career/Sidebar.tsx:1654
[    1974ms] [LOG] [render cardScale] 1.1728395061728396 @ webpack-internal:///(app-pages-browser)/./components/home-career/Sidebar.tsx:1654
[    1989ms] [LOG] [render cardScale] 1.1728395061728396 @ webpack-internal:///(app-pages-browser)/./components/home-career/Sidebar.tsx:1654
[    1990ms] [LOG] [render cardScale] 1.1728395061728396 @ webpack-internal:///(app-pages-browser)/./components/home-career/Sidebar.tsx:1654
[    1995ms] [LOG] [render cardScale] 1.1728395061728396 @ webpack-internal:///(app-pages-browser)/./components/home-career/Sidebar.tsx:1654
[    1995ms] [LOG] [render cardScale] 1.1728395061728396 @ webpack-internal:///(app-pages-browser)/./components/home-career/Sidebar.tsx:1654
[    2022ms] [LOG] [render cardScale] 1.1728395061728396 @ webpack-internal:///(app-pages-browser)/./components/home-career/Sidebar.tsx:1654
[    2022ms] [LOG] [render cardScale] 1.1728395061728396 @ webpack-internal:///(app-pages-browser)/./components/home-career/Sidebar.tsx:1654
[    2024ms] [LOG] [render cardScale] 1.1728395061728396 @ webpack-internal:///(app-pages-browser)/./components/home-career/Sidebar.tsx:1654
[    2024ms] [LOG] [render cardScale] 1.1728395061728396 @ webpack-internal:///(app-pages-browser)/./components/home-career/Sidebar.tsx:1654
[    2053ms] [LOG] [render cardScale] 1.1728395061728396 @ webpack-internal:///(app-pages-browser)/./components/home-career/Sidebar.tsx:1654
[    2053ms] [LOG] [render cardScale] 1.1728395061728396 @ webpack-internal:///(app-pages-browser)/./components/home-career/Sidebar.tsx:1654
[    2057ms] [LOG] [render cardScale] 1.1728395061728396 @ webpack-internal:///(app-pages-browser)/./components/home-career/Sidebar.tsx:1654
[    2057ms] [LOG] [render cardScale] 1.1728395061728396 @ webpack-internal:///(app-pages-browser)/./components/home-career/Sidebar.tsx:1654
[    2098ms] [LOG] [render cardScale] 1.1728395061728396 @ webpack-internal:///(app-pages-browser)/./components/home-career/Sidebar.tsx:1654
[    2099ms] [LOG] [render cardScale] 1.1728395061728396 @ webpack-internal:///(app-pages-browser)/./components/home-career/Sidebar.tsx:1654
[    2102ms] [LOG] [render cardScale] 1.1728395061728396 @ webpack-internal:///(app-pages-browser)/./components/home-career/Sidebar.tsx:1654
[    2103ms] [LOG] [render cardScale] 1.1728395061728396 @ webpack-internal:///(app-pages-browser)/./components/home-career/Sidebar.tsx:1654
[    2117ms] [LOG] [render cardScale] 1.1728395061728396 @ webpack-internal:///(app-pages-browser)/./components/home-career/Sidebar.tsx:1654
[    2118ms] [LOG] [render cardScale] 1.1728395061728396 @ webpack-internal:///(app-pages-browser)/./components/home-career/Sidebar.tsx:1654
[    2121ms] [LOG] [render cardScale] 1.1728395061728396 @ webpack-internal:///(app-pages-browser)/./components/home-career/Sidebar.tsx:1654
[    2122ms] [LOG] [render cardScale] 1.1728395061728396 @ webpack-internal:///(app-pages-browser)/./components/home-career/Sidebar.tsx:1654
[    2150ms] [LOG] [render cardScale] 1.1728395061728396 @ webpack-internal:///(app-pages-browser)/./components/home-career/Sidebar.tsx:1654
[    2150ms] [LOG] [render cardScale] 1.1728395061728396 @ webpack-internal:///(app-pages-browser)/./components/home-career/Sidebar.tsx:1654
[    2155ms] [LOG] [render cardScale] 1.1728395061728396 @ webpack-internal:///(app-pages-browser)/./components/home-career/Sidebar.tsx:1654
[    2155ms] [LOG] [render cardScale] 1.1728395061728396 @ webpack-internal:///(app-pages-browser)/./components/home-career/Sidebar.tsx:1654
[    2189ms] [LOG] [render cardScale] 1.1728395061728396 @ webpack-internal:///(app-pages-browser)/./components/home-career/Sidebar.tsx:1654
[    2190ms] [LOG] [render cardScale] 1.1728395061728396 @ webpack-internal:///(app-pages-browser)/./components/home-career/Sidebar.tsx:1654
[    2194ms] [LOG] [render cardScale] 1.1728395061728396 @ webpack-internal:///(app-pages-browser)/./components/home-career/Sidebar.tsx:1654
[    2195ms] [LOG] [render cardScale] 1.1728395061728396 @ webpack-internal:///(app-pages-browser)/./components/home-career/Sidebar.tsx:1654
[    2221ms] [LOG] [render cardScale] 1.1728395061728396 @ webpack-internal:///(app-pages-browser)/./components/home-career/Sidebar.tsx:1654
[    2222ms] [LOG] [render cardScale] 1.1728395061728396 @ webpack-internal:///(app-pages-browser)/./components/home-career/Sidebar.tsx:1654
[    2227ms] [LOG] [render cardScale] 1.1728395061728396 @ webpack-internal:///(app-pages-browser)/./components/home-career/Sidebar.tsx:1654
[    2227ms] [LOG] [render cardScale] 1.1728395061728396 @ webpack-internal:///(app-pages-browser)/./components/home-career/Sidebar.tsx:1654
[    2237ms] [ERROR] Failed to load resource: the server responded with a status of 400 () @ https://otaoevvpavpkohdkmtre.supabase.co/rest/v1/weekly_activities?select=id%2Cactivity_type_id%2Ctitle%2Cis_active%2Copened_at%2Coutput_links&week_id=eq.dw-01:0
[    2249ms] [LOG] [render cardScale] 1.1728395061728396 @ webpack-internal:///(app-pages-browser)/./components/home-career/Sidebar.tsx:1654
[    2250ms] [LOG] [render cardScale] 1.1728395061728396 @ webpack-internal:///(app-pages-browser)/./components/home-career/Sidebar.tsx:1654
[    2256ms] [LOG] [render cardScale] 1.1728395061728396 @ webpack-internal:///(app-pages-browser)/./components/home-career/Sidebar.tsx:1654
[    2257ms] [LOG] [render cardScale] 1.1728395061728396 @ webpack-internal:///(app-pages-browser)/./components/home-career/Sidebar.tsx:1654
[    2282ms] [LOG] [render cardScale] 1.1728395061728396 @ webpack-internal:///(app-pages-browser)/./components/home-career/Sidebar.tsx:1654
[    2282ms] [LOG] [render cardScale] 1.1728395061728396 @ webpack-internal:///(app-pages-browser)/./components/home-career/Sidebar.tsx:1654
[    2286ms] [ERROR] Failed to load resource: the server responded with a status of 404 (Not Found) @ http://localhost:3007/api/weekly-reviews/?weekCardId=dw-01:0
[    2286ms] [LOG] [render cardScale] 1.1728395061728396 @ webpack-internal:///(app-pages-browser)/./components/home-career/Sidebar.tsx:1654
[    2287ms] [LOG] [render cardScale] 1.1728395061728396 @ webpack-internal:///(app-pages-browser)/./components/home-career/Sidebar.tsx:1654
[    2315ms] [LOG] [render cardScale] 1.1728395061728396 @ webpack-internal:///(app-pages-browser)/./components/home-career/Sidebar.tsx:1654
[    2316ms] [LOG] [render cardScale] 1.1728395061728396 @ webpack-internal:///(app-pages-browser)/./components/home-career/Sidebar.tsx:1654
[    2319ms] [LOG] [render cardScale] 1.1728395061728396 @ webpack-internal:///(app-pages-browser)/./components/home-career/Sidebar.tsx:1654
[    2319ms] [LOG] [render cardScale] 1.1728395061728396 @ webpack-internal:///(app-pages-browser)/./components/home-career/Sidebar.tsx:1654
[    2343ms] [ERROR] Failed to load resource: the server responded with a status of 401 (Unauthorized) @ http://localhost:3007/api/profile/?context=card:0
[    2343ms] [ERROR] 주차 데이터 로드 오류: {code: 22P02, details: null, hint: null, message: invalid input syntax for type uuid: "dw-01"} @ webpack-internal:///(app-pages-browser)/./node_modules/next/dist/client/app-index.js:32
[    2357ms] [LOG] [render cardScale] 1.1728395061728396 @ webpack-internal:///(app-pages-browser)/./components/home-career/Sidebar.tsx:1654
[    2357ms] [LOG] [render cardScale] 1.1728395061728396 @ webpack-internal:///(app-pages-browser)/./components/home-career/Sidebar.tsx:1654
[    2360ms] [LOG] [render cardScale] 1.1728395061728396 @ webpack-internal:///(app-pages-browser)/./components/home-career/Sidebar.tsx:1654
[    2360ms] [LOG] [render cardScale] 1.1728395061728396 @ webpack-internal:///(app-pages-browser)/./components/home-career/Sidebar.tsx:1654
[    2380ms] [LOG] [render cardScale] 1.1728395061728396 @ webpack-internal:///(app-pages-browser)/./components/home-career/Sidebar.tsx:1654
[    2380ms] [LOG] [render cardScale] 1.1728395061728396 @ webpack-internal:///(app-pages-browser)/./components/home-career/Sidebar.tsx:1654
[    2382ms] [LOG] [render cardScale] 1.1728395061728396 @ webpack-internal:///(app-pages-browser)/./components/home-career/Sidebar.tsx:1654
[    2383ms] [LOG] [render cardScale] 1.1728395061728396 @ webpack-internal:///(app-pages-browser)/./components/home-career/Sidebar.tsx:1654
[    2413ms] [LOG] [render cardScale] 1.1728395061728396 @ webpack-internal:///(app-pages-browser)/./components/home-career/Sidebar.tsx:1654
[    2413ms] [LOG] [render cardScale] 1.1728395061728396 @ webpack-internal:///(app-pages-browser)/./components/home-career/Sidebar.tsx:1654
[    2416ms] [LOG] [render cardScale] 1.1728395061728396 @ webpack-internal:///(app-pages-browser)/./components/home-career/Sidebar.tsx:1654
[    2417ms] [LOG] [render cardScale] 1.1728395061728396 @ webpack-internal:///(app-pages-browser)/./components/home-career/Sidebar.tsx:1654
[    2435ms] [ERROR] Failed to load resource: the server responded with a status of 404 (Not Found) @ http://localhost:3007/api/weekly-reviews/?weekCardId=dw-01:0
[    2447ms] [LOG] [render cardScale] 1.1728395061728396 @ webpack-internal:///(app-pages-browser)/./components/home-career/Sidebar.tsx:1654
[    2448ms] [LOG] [render cardScale] 1.1728395061728396 @ webpack-internal:///(app-pages-browser)/./components/home-career/Sidebar.tsx:1654
[    2451ms] [LOG] [render cardScale] 1.1728395061728396 @ webpack-internal:///(app-pages-browser)/./components/home-career/Sidebar.tsx:1654
[    2452ms] [LOG] [render cardScale] 1.1728395061728396 @ webpack-internal:///(app-pages-browser)/./components/home-career/Sidebar.tsx:1654
[    2480ms] [LOG] [render cardScale] 1.1728395061728396 @ webpack-internal:///(app-pages-browser)/./components/home-career/Sidebar.tsx:1654
[    2480ms] [LOG] [render cardScale] 1.1728395061728396 @ webpack-internal:///(app-pages-browser)/./components/home-career/Sidebar.tsx:1654
[    2485ms] [LOG] [render cardScale] 1.1728395061728396 @ webpack-internal:///(app-pages-browser)/./components/home-career/Sidebar.tsx:1654
[    2486ms] [LOG] [render cardScale] 1.1728395061728396 @ webpack-internal:///(app-pages-browser)/./components/home-career/Sidebar.tsx:1654
[    2516ms] [LOG] [render cardScale] 1.1728395061728396 @ webpack-internal:///(app-pages-browser)/./components/home-career/Sidebar.tsx:1654
[    2516ms] [LOG] [render cardScale] 1.1728395061728396 @ webpack-internal:///(app-pages-browser)/./components/home-career/Sidebar.tsx:1654
[    2520ms] [LOG] [render cardScale] 1.1728395061728396 @ webpack-internal:///(app-pages-browser)/./components/home-career/Sidebar.tsx:1654
[    2521ms] [LOG] [render cardScale] 1.1728395061728396 @ webpack-internal:///(app-pages-browser)/./components/home-career/Sidebar.tsx:1654
[    2547ms] [LOG] [render cardScale] 1.1728395061728396 @ webpack-internal:///(app-pages-browser)/./components/home-career/Sidebar.tsx:1654
[    2547ms] [LOG] [render cardScale] 1.1728395061728396 @ webpack-internal:///(app-pages-browser)/./components/home-career/Sidebar.tsx:1654
[    2551ms] [LOG] [render cardScale] 1.1728395061728396 @ webpack-internal:///(app-pages-browser)/./components/home-career/Sidebar.tsx:1654
[    2552ms] [LOG] [render cardScale] 1.1728395061728396 @ webpack-internal:///(app-pages-browser)/./components/home-career/Sidebar.tsx:1654
