[     726ms] [ERROR] Warning: Extra attributes from the server: %s%s style 
    at body
    at html
    at RootLayout (Server)
    at RedirectErrorBoundary (webpack-internal:///(app-pages-browser)/./node_modules/next/dist/client/components/redirect-boundary.js:74:9)
    at RedirectBoundary (webpack-internal:///(app-pages-browser)/./node_modules/next/dist/client/components/redirect-boundary.js:82:11)
    at NotFoundErrorBoundary (webpack-internal:///(app-pages-browser)/./node_modules/next/dist/client/components/not-found-boundary.js:76:9)
    at NotFoundBoundary (webpack-internal:///(app-pages-browser)/./node_modules/next/dist/client/components/not-found-boundary.js:84:11)
    at DevRootNotFoundBoundary (webpack-internal:///(app-pages-browser)/./node_modules/next/dist/client/components/dev-root-not-found-boundary.js:33:11)
    at ReactDevOverlay (webpack-internal:///(app-pages-browser)/./node_modules/next/dist/client/components/react-dev-overlay/app/ReactDevOverlay.js:87:9)
    at HotReload (webpack-internal:///(app-pages-browser)/./node_modules/next/dist/client/components/react-dev-overlay/app/hot-reloader-client.js:321:11)
    at Router (webpack-internal:///(app-pages-browser)/./node_modules/next/dist/client/components/app-router.js:207:11)
    at ErrorBoundaryHandler (webpack-internal:///(app-pages-browser)/./node_modules/next/dist/client/components/error-boundary.js:113:9)
    at ErrorBoundary (webpack-internal:///(app-pages-browser)/./node_modules/next/dist/client/components/error-boundary.js:160:11)
    at AppRouter (webpack-internal:///(app-pages-browser)/./node_modules/next/dist/client/components/app-router.js:585:13)
    at ServerRoot (webpack-internal:///(app-pages-browser)/./node_modules/next/dist/client/app-index.js:112:27)
    at Root (webpack-internal:///(app-pages-browser)/./node_modules/next/dist/client/app-index.js:117:11) @ webpack-internal:///(app-pages-browser)/./node_modules/next/dist/client/app-index.js:32
[    1052ms] [WARNING] Image with src "/images/0/cluster 1/Image.png" has either width or height modified, but not the other. If you use CSS to change the size of your image, also include the styles 'width: "auto"' or 'height: "auto"' to maintain the aspect ratio. @ webpack-internal:///(app-pages-browser)/./node_modules/next/dist/shared/lib/utils/warn-once.js:15
[  346182ms] [WARNING] The resource http://localhost:3000/_next/static/css/app/layout.css?v=1773040986662 was preloaded using link preload but not used within a few seconds from the window's load event. Please make sure it has an appropriate `as` value and it is preloaded intentionally. @ http://localhost:3000/cluster-4/:0
[  349707ms] [WARNING] The resource http://localhost:3000/_next/static/css/app/layout.css?v=1773040986662 was preloaded using link preload but not used within a few seconds from the window's load event. Please make sure it has an appropriate `as` value and it is preloaded intentionally. @ http://localhost:3000/cluster-4/:0
[  349707ms] [WARNING] The resource http://localhost:3000/_next/static/css/app/layout.css?v=1773040990233 was preloaded using link preload but not used within a few seconds from the window's load event. Please make sure it has an appropriate `as` value and it is preloaded intentionally. @ http://localhost:3000/cluster-4/:0
[  356235ms] [WARNING] The resource http://localhost:3000/_next/static/css/app/layout.css?v=1773040990233 was preloaded using link preload but not used within a few seconds from the window's load event. Please make sure it has an appropriate `as` value and it is preloaded intentionally. @ http://localhost:3000/cluster-4/:0
[  356235ms] [WARNING] The resource http://localhost:3000/_next/static/css/app/layout.css?v=1773040996714 was preloaded using link preload but not used within a few seconds from the window's load event. Please make sure it has an appropriate `as` value and it is preloaded intentionally. @ http://localhost:3000/cluster-4/:0
[  356235ms] [WARNING] The resource http://localhost:3000/_next/static/css/app/layout.css?v=1773040986662 was preloaded using link preload but not used within a few seconds from the window's load event. Please make sure it has an appropriate `as` value and it is preloaded intentionally. @ http://localhost:3000/cluster-4/:0
[  356235ms] [WARNING] The resource http://localhost:3000/_next/static/css/app/layout.css?v=1773040993408 was preloaded using link preload but not used within a few seconds from the window's load event. Please make sure it has an appropriate `as` value and it is preloaded intentionally. @ http://localhost:3000/cluster-4/:0
[  359500ms] [WARNING] The resource http://localhost:3000/_next/static/css/app/layout.css?v=1773040990233 was preloaded using link preload but not used within a few seconds from the window's load event. Please make sure it has an appropriate `as` value and it is preloaded intentionally. @ http://localhost:3000/cluster-4/:0
[  359500ms] [WARNING] The resource http://localhost:3000/_next/static/css/app/layout.css?v=1773040996714 was preloaded using link preload but not used within a few seconds from the window's load event. Please make sure it has an appropriate `as` value and it is preloaded intentionally. @ http://localhost:3000/cluster-4/:0
[  359500ms] [WARNING] The resource http://localhost:3000/_next/static/css/app/layout.css?v=1773040986662 was preloaded using link preload but not used within a few seconds from the window's load event. Please make sure it has an appropriate `as` value and it is preloaded intentionally. @ http://localhost:3000/cluster-4/:0
[  359500ms] [WARNING] The resource http://localhost:3000/_next/static/css/app/layout.css?v=1773040993408 was preloaded using link preload but not used within a few seconds from the window's load event. Please make sure it has an appropriate `as` value and it is preloaded intentionally. @ http://localhost:3000/cluster-4/:0
[  362697ms] [WARNING] The resource http://localhost:3000/_next/static/css/app/layout.css?v=1773040990233 was preloaded using link preload but not used within a few seconds from the window's load event. Please make sure it has an appropriate `as` value and it is preloaded intentionally. @ http://localhost:3000/cluster-4/:0
[  362698ms] [WARNING] The resource http://localhost:3000/_next/static/css/app/layout.css?v=1773040996714 was preloaded using link preload but not used within a few seconds from the window's load event. Please make sure it has an appropriate `as` value and it is preloaded intentionally. @ http://localhost:3000/cluster-4/:0
[  362698ms] [WARNING] The resource http://localhost:3000/_next/static/css/app/layout.css?v=1773040986662 was preloaded using link preload but not used within a few seconds from the window's load event. Please make sure it has an appropriate `as` value and it is preloaded intentionally. @ http://localhost:3000/cluster-4/:0
[  362698ms] [WARNING] The resource http://localhost:3000/_next/static/css/app/layout.css?v=1773040993408 was preloaded using link preload but not used within a few seconds from the window's load event. Please make sure it has an appropriate `as` value and it is preloaded intentionally. @ http://localhost:3000/cluster-4/:0
[  367539ms] [WARNING] The resource http://localhost:3000/_next/static/css/app/layout.css?v=1773040990233 was preloaded using link preload but not used within a few seconds from the window's load event. Please make sure it has an appropriate `as` value and it is preloaded intentionally. @ http://localhost:3000/cluster-4/:0
[  367540ms] [WARNING] The resource http://localhost:3000/_next/static/css/app/layout.css?v=1773040996714 was preloaded using link preload but not used within a few seconds from the window's load event. Please make sure it has an appropriate `as` value and it is preloaded intentionally. @ http://localhost:3000/cluster-4/:0
[  367541ms] [WARNING] The resource http://localhost:3000/_next/static/css/app/layout.css?v=1773040986662 was preloaded using link preload but not used within a few seconds from the window's load event. Please make sure it has an appropriate `as` value and it is preloaded intentionally. @ http://localhost:3000/cluster-4/:0
[  367541ms] [WARNING] The resource http://localhost:3000/_next/static/css/app/layout.css?v=1773040993408 was preloaded using link preload but not used within a few seconds from the window's load event. Please make sure it has an appropriate `as` value and it is preloaded intentionally. @ http://localhost:3000/cluster-4/:0
[  371103ms] [WARNING] The resource http://localhost:3000/_next/static/css/app/layout.css?v=1773040990233 was preloaded using link preload but not used within a few seconds from the window's load event. Please make sure it has an appropriate `as` value and it is preloaded intentionally. @ http://localhost:3000/cluster-4/:0
[  371103ms] [WARNING] The resource http://localhost:3000/_next/static/css/app/layout.css?v=1773040996714 was preloaded using link preload but not used within a few seconds from the window's load event. Please make sure it has an appropriate `as` value and it is preloaded intentionally. @ http://localhost:3000/cluster-4/:0
[  371103ms] [WARNING] The resource http://localhost:3000/_next/static/css/app/layout.css?v=1773040986662 was preloaded using link preload but not used within a few seconds from the window's load event. Please make sure it has an appropriate `as` value and it is preloaded intentionally. @ http://localhost:3000/cluster-4/:0
[  371103ms] [WARNING] The resource http://localhost:3000/_next/static/css/app/layout.css?v=1773041008103 was preloaded using link preload but not used within a few seconds from the window's load event. Please make sure it has an appropriate `as` value and it is preloaded intentionally. @ http://localhost:3000/cluster-4/:0
[  371103ms] [WARNING] The resource http://localhost:3000/_next/static/css/app/layout.css?v=1773040993408 was preloaded using link preload but not used within a few seconds from the window's load event. Please make sure it has an appropriate `as` value and it is preloaded intentionally. @ http://localhost:3000/cluster-4/:0
[  375998ms] [WARNING] The resource http://localhost:3000/_next/static/css/app/layout.css?v=1773040990233 was preloaded using link preload but not used within a few seconds from the window's load event. Please make sure it has an appropriate `as` value and it is preloaded intentionally. @ http://localhost:3000/cluster-4/:0
[  375998ms] [WARNING] The resource http://localhost:3000/_next/static/css/app/layout.css?v=1773040996714 was preloaded using link preload but not used within a few seconds from the window's load event. Please make sure it has an appropriate `as` value and it is preloaded intentionally. @ http://localhost:3000/cluster-4/:0
[  375998ms] [WARNING] The resource http://localhost:3000/_next/static/css/app/layout.css?v=1773040986662 was preloaded using link preload but not used within a few seconds from the window's load event. Please make sure it has an appropriate `as` value and it is preloaded intentionally. @ http://localhost:3000/cluster-4/:0
[  375998ms] [WARNING] The resource http://localhost:3000/_next/static/css/app/layout.css?v=1773041008103 was preloaded using link preload but not used within a few seconds from the window's load event. Please make sure it has an appropriate `as` value and it is preloaded intentionally. @ http://localhost:3000/cluster-4/:0
[  375998ms] [WARNING] The resource http://localhost:3000/_next/static/css/app/layout.css?v=1773040993408 was preloaded using link preload but not used within a few seconds from the window's load event. Please make sure it has an appropriate `as` value and it is preloaded intentionally. @ http://localhost:3000/cluster-4/:0
[  380435ms] [WARNING] The resource http://localhost:3000/_next/static/css/app/layout.css?v=1773040990233 was preloaded using link preload but not used within a few seconds from the window's load event. Please make sure it has an appropriate `as` value and it is preloaded intentionally. @ http://localhost:3000/cluster-4/:0
[  380435ms] [WARNING] The resource http://localhost:3000/_next/static/css/app/layout.css?v=1773040996714 was preloaded using link preload but not used within a few seconds from the window's load event. Please make sure it has an appropriate `as` value and it is preloaded intentionally. @ http://localhost:3000/cluster-4/:0
[  380435ms] [WARNING] The resource http://localhost:3000/_next/static/css/app/layout.css?v=1773041020923 was preloaded using link preload but not used within a few seconds from the window's load event. Please make sure it has an appropriate `as` value and it is preloaded intentionally. @ http://localhost:3000/cluster-4/:0
[  380435ms] [WARNING] The resource http://localhost:3000/_next/static/css/app/layout.css?v=1773040986662 was preloaded using link preload but not used within a few seconds from the window's load event. Please make sure it has an appropriate `as` value and it is preloaded intentionally. @ http://localhost:3000/cluster-4/:0
[  380435ms] [WARNING] The resource http://localhost:3000/_next/static/css/app/layout.css?v=1773041008103 was preloaded using link preload but not used within a few seconds from the window's load event. Please make sure it has an appropriate `as` value and it is preloaded intentionally. @ http://localhost:3000/cluster-4/:0
[  380435ms] [WARNING] The resource http://localhost:3000/_next/static/css/app/layout.css?v=1773040993408 was preloaded using link preload but not used within a few seconds from the window's load event. Please make sure it has an appropriate `as` value and it is preloaded intentionally. @ http://localhost:3000/cluster-4/:0
[  383929ms] [WARNING] The resource http://localhost:3000/_next/static/css/app/layout.css?v=1773041024415 was preloaded using link preload but not used within a few seconds from the window's load event. Please make sure it has an appropriate `as` value and it is preloaded intentionally. @ http://localhost:3000/cluster-4/:0
[  383929ms] [WARNING] The resource http://localhost:3000/_next/static/css/app/layout.css?v=1773041020923 was preloaded using link preload but not used within a few seconds from the window's load event. Please make sure it has an appropriate `as` value and it is preloaded intentionally. @ http://localhost:3000/cluster-4/:0
[  383929ms] [WARNING] The resource http://localhost:3000/_next/static/css/app/layout.css?v=1773040986662 was preloaded using link preload but not used within a few seconds from the window's load event. Please make sure it has an appropriate `as` value and it is preloaded intentionally. @ http://localhost:3000/cluster-4/:0
[  383929ms] [WARNING] The resource http://localhost:3000/_next/static/css/app/layout.css?v=1773040993408 was preloaded using link preload but not used within a few seconds from the window's load event. Please make sure it has an appropriate `as` value and it is preloaded intentionally. @ http://localhost:3000/cluster-4/:0
[  383929ms] [WARNING] The resource http://localhost:3000/_next/static/css/app/layout.css?v=1773040990233 was preloaded using link preload but not used within a few seconds from the window's load event. Please make sure it has an appropriate `as` value and it is preloaded intentionally. @ http://localhost:3000/cluster-4/:0
[  383929ms] [WARNING] The resource http://localhost:3000/_next/static/css/app/layout.css?v=1773040996714 was preloaded using link preload but not used within a few seconds from the window's load event. Please make sure it has an appropriate `as` value and it is preloaded intentionally. @ http://localhost:3000/cluster-4/:0
[  383929ms] [WARNING] The resource http://localhost:3000/_next/static/css/app/layout.css?v=1773041008103 was preloaded using link preload but not used within a few seconds from the window's load event. Please make sure it has an appropriate `as` value and it is preloaded intentionally. @ http://localhost:3000/cluster-4/:0
[  387258ms] [WARNING] The resource http://localhost:3000/_next/static/css/app/layout.css?v=1773041024415 was preloaded using link preload but not used within a few seconds from the window's load event. Please make sure it has an appropriate `as` value and it is preloaded intentionally. @ http://localhost:3000/cluster-4/:0
[  387258ms] [WARNING] The resource http://localhost:3000/_next/static/css/app/layout.css?v=1773041020923 was preloaded using link preload but not used within a few seconds from the window's load event. Please make sure it has an appropriate `as` value and it is preloaded intentionally. @ http://localhost:3000/cluster-4/:0
[  387258ms] [WARNING] The resource http://localhost:3000/_next/static/css/app/layout.css?v=1773040986662 was preloaded using link preload but not used within a few seconds from the window's load event. Please make sure it has an appropriate `as` value and it is preloaded intentionally. @ http://localhost:3000/cluster-4/:0
[  387258ms] [WARNING] The resource http://localhost:3000/_next/static/css/app/layout.css?v=1773040993408 was preloaded using link preload but not used within a few seconds from the window's load event. Please make sure it has an appropriate `as` value and it is preloaded intentionally. @ http://localhost:3000/cluster-4/:0
[  387258ms] [WARNING] The resource http://localhost:3000/_next/static/css/app/layout.css?v=1773040990233 was preloaded using link preload but not used within a few seconds from the window's load event. Please make sure it has an appropriate `as` value and it is preloaded intentionally. @ http://localhost:3000/cluster-4/:0
[  387258ms] [WARNING] The resource http://localhost:3000/_next/static/css/app/layout.css?v=1773040996714 was preloaded using link preload but not used within a few seconds from the window's load event. Please make sure it has an appropriate `as` value and it is preloaded intentionally. @ http://localhost:3000/cluster-4/:0
[  387258ms] [WARNING] The resource http://localhost:3000/_next/static/css/app/layout.css?v=1773041008103 was preloaded using link preload but not used within a few seconds from the window's load event. Please make sure it has an appropriate `as` value and it is preloaded intentionally. @ http://localhost:3000/cluster-4/:0
[  390813ms] [WARNING] The resource http://localhost:3000/_next/static/css/app/layout.css?v=1773041024415 was preloaded using link preload but not used within a few seconds from the window's load event. Please make sure it has an appropriate `as` value and it is preloaded intentionally. @ http://localhost:3000/cluster-4/:0
[  390813ms] [WARNING] The resource http://localhost:3000/_next/static/css/app/layout.css?v=1773041020923 was preloaded using link preload but not used within a few seconds from the window's load event. Please make sure it has an appropriate `as` value and it is preloaded intentionally. @ http://localhost:3000/cluster-4/:0
[  390813ms] [WARNING] The resource http://localhost:3000/_next/static/css/app/layout.css?v=1773040986662 was preloaded using link preload but not used within a few seconds from the window's load event. Please make sure it has an appropriate `as` value and it is preloaded intentionally. @ http://localhost:3000/cluster-4/:0
[  390813ms] [WARNING] The resource http://localhost:3000/_next/static/css/app/layout.css?v=1773040993408 was preloaded using link preload but not used within a few seconds from the window's load event. Please make sure it has an appropriate `as` value and it is preloaded intentionally. @ http://localhost:3000/cluster-4/:0
[  390813ms] [WARNING] The resource http://localhost:3000/_next/static/css/app/layout.css?v=1773040990233 was preloaded using link preload but not used within a few seconds from the window's load event. Please make sure it has an appropriate `as` value and it is preloaded intentionally. @ http://localhost:3000/cluster-4/:0
[  390813ms] [WARNING] The resource http://localhost:3000/_next/static/css/app/layout.css?v=1773040996714 was preloaded using link preload but not used within a few seconds from the window's load event. Please make sure it has an appropriate `as` value and it is preloaded intentionally. @ http://localhost:3000/cluster-4/:0
[  390813ms] [WARNING] The resource http://localhost:3000/_next/static/css/app/layout.css?v=1773041008103 was preloaded using link preload but not used within a few seconds from the window's load event. Please make sure it has an appropriate `as` value and it is preloaded intentionally. @ http://localhost:3000/cluster-4/:0
[  420839ms] [WARNING] The resource http://localhost:3000/_next/static/css/app/layout.css?v=1773041024415 was preloaded using link preload but not used within a few seconds from the window's load event. Please make sure it has an appropriate `as` value and it is preloaded intentionally. @ http://localhost:3000/cluster-4/:0
[  420839ms] [WARNING] The resource http://localhost:3000/_next/static/css/app/layout.css?v=1773041020923 was preloaded using link preload but not used within a few seconds from the window's load event. Please make sure it has an appropriate `as` value and it is preloaded intentionally. @ http://localhost:3000/cluster-4/:0
[  420840ms] [WARNING] The resource http://localhost:3000/_next/static/css/app/layout.css?v=1773040986662 was preloaded using link preload but not used within a few seconds from the window's load event. Please make sure it has an appropriate `as` value and it is preloaded intentionally. @ http://localhost:3000/cluster-4/:0
[  420840ms] [WARNING] The resource http://localhost:3000/_next/static/css/app/layout.css?v=1773040993408 was preloaded using link preload but not used within a few seconds from the window's load event. Please make sure it has an appropriate `as` value and it is preloaded intentionally. @ http://localhost:3000/cluster-4/:0
[  420840ms] [WARNING] The resource http://localhost:3000/_next/static/css/app/layout.css?v=1773040990233 was preloaded using link preload but not used within a few seconds from the window's load event. Please make sure it has an appropriate `as` value and it is preloaded intentionally. @ http://localhost:3000/cluster-4/:0
[  420840ms] [WARNING] The resource http://localhost:3000/_next/static/css/app/layout.css?v=1773040996714 was preloaded using link preload but not used within a few seconds from the window's load event. Please make sure it has an appropriate `as` value and it is preloaded intentionally. @ http://localhost:3000/cluster-4/:0
[  420840ms] [WARNING] The resource http://localhost:3000/_next/static/css/app/layout.css?v=1773041008103 was preloaded using link preload but not used within a few seconds from the window's load event. Please make sure it has an appropriate `as` value and it is preloaded intentionally. @ http://localhost:3000/cluster-4/:0
[  474376ms] [WARNING] The resource http://localhost:3000/_next/static/css/app/layout.css?v=1773041024415 was preloaded using link preload but not used within a few seconds from the window's load event. Please make sure it has an appropriate `as` value and it is preloaded intentionally. @ http://localhost:3000/cluster-4/:0
[  474376ms] [WARNING] The resource http://localhost:3000/_next/static/css/app/layout.css?v=1773041020923 was preloaded using link preload but not used within a few seconds from the window's load event. Please make sure it has an appropriate `as` value and it is preloaded intentionally. @ http://localhost:3000/cluster-4/:0
[  474376ms] [WARNING] The resource http://localhost:3000/_next/static/css/app/layout.css?v=1773040986662 was preloaded using link preload but not used within a few seconds from the window's load event. Please make sure it has an appropriate `as` value and it is preloaded intentionally. @ http://localhost:3000/cluster-4/:0
[  474376ms] [WARNING] The resource http://localhost:3000/_next/static/css/app/layout.css?v=1773040993408 was preloaded using link preload but not used within a few seconds from the window's load event. Please make sure it has an appropriate `as` value and it is preloaded intentionally. @ http://localhost:3000/cluster-4/:0
[  474376ms] [WARNING] The resource http://localhost:3000/_next/static/css/app/layout.css?v=1773040990233 was preloaded using link preload but not used within a few seconds from the window's load event. Please make sure it has an appropriate `as` value and it is preloaded intentionally. @ http://localhost:3000/cluster-4/:0
[  474376ms] [WARNING] The resource http://localhost:3000/_next/static/css/app/layout.css?v=1773040996714 was preloaded using link preload but not used within a few seconds from the window's load event. Please make sure it has an appropriate `as` value and it is preloaded intentionally. @ http://localhost:3000/cluster-4/:0
[  474376ms] [WARNING] The resource http://localhost:3000/_next/static/css/app/layout.css?v=1773041008103 was preloaded using link preload but not used within a few seconds from the window's load event. Please make sure it has an appropriate `as` value and it is preloaded intentionally. @ http://localhost:3000/cluster-4/:0
[  480727ms] [WARNING] The resource http://localhost:3000/_next/static/css/app/layout.css?v=1773041024415 was preloaded using link preload but not used within a few seconds from the window's load event. Please make sure it has an appropriate `as` value and it is preloaded intentionally. @ http://localhost:3000/cluster-4/:0
[  480727ms] [WARNING] The resource http://localhost:3000/_next/static/css/app/layout.css?v=1773041020923 was preloaded using link preload but not used within a few seconds from the window's load event. Please make sure it has an appropriate `as` value and it is preloaded intentionally. @ http://localhost:3000/cluster-4/:0
[  480728ms] [WARNING] The resource http://localhost:3000/_next/static/css/app/layout.css?v=1773040986662 was preloaded using link preload but not used within a few seconds from the window's load event. Please make sure it has an appropriate `as` value and it is preloaded intentionally. @ http://localhost:3000/cluster-4/:0
[  480728ms] [WARNING] The resource http://localhost:3000/_next/static/css/app/layout.css?v=1773040993408 was preloaded using link preload but not used within a few seconds from the window's load event. Please make sure it has an appropriate `as` value and it is preloaded intentionally. @ http://localhost:3000/cluster-4/:0
[  480728ms] [WARNING] The resource http://localhost:3000/_next/static/css/app/layout.css?v=1773040990233 was preloaded using link preload but not used within a few seconds from the window's load event. Please make sure it has an appropriate `as` value and it is preloaded intentionally. @ http://localhost:3000/cluster-4/:0
[  480728ms] [WARNING] The resource http://localhost:3000/_next/static/css/app/layout.css?v=1773040996714 was preloaded using link preload but not used within a few seconds from the window's load event. Please make sure it has an appropriate `as` value and it is preloaded intentionally. @ http://localhost:3000/cluster-4/:0
[  480728ms] [WARNING] The resource http://localhost:3000/_next/static/css/app/layout.css?v=1773041008103 was preloaded using link preload but not used within a few seconds from the window's load event. Please make sure it has an appropriate `as` value and it is preloaded intentionally. @ http://localhost:3000/cluster-4/:0
[  501826ms] [WARNING] The resource http://localhost:3000/_next/static/css/app/layout.css?v=1773041024415 was preloaded using link preload but not used within a few seconds from the window's load event. Please make sure it has an appropriate `as` value and it is preloaded intentionally. @ http://localhost:3000/cluster-4/:0
[  501826ms] [WARNING] The resource http://localhost:3000/_next/static/css/app/layout.css?v=1773041020923 was preloaded using link preload but not used within a few seconds from the window's load event. Please make sure it has an appropriate `as` value and it is preloaded intentionally. @ http://localhost:3000/cluster-4/:0
[  501826ms] [WARNING] The resource http://localhost:3000/_next/static/css/app/layout.css?v=1773040986662 was preloaded using link preload but not used within a few seconds from the window's load event. Please make sure it has an appropriate `as` value and it is preloaded intentionally. @ http://localhost:3000/cluster-4/:0
[  501826ms] [WARNING] The resource http://localhost:3000/_next/static/css/app/layout.css?v=1773040993408 was preloaded using link preload but not used within a few seconds from the window's load event. Please make sure it has an appropriate `as` value and it is preloaded intentionally. @ http://localhost:3000/cluster-4/:0
[  501826ms] [WARNING] The resource http://localhost:3000/_next/static/css/app/layout.css?v=1773040990233 was preloaded using link preload but not used within a few seconds from the window's load event. Please make sure it has an appropriate `as` value and it is preloaded intentionally. @ http://localhost:3000/cluster-4/:0
[  501826ms] [WARNING] The resource http://localhost:3000/_next/static/css/app/layout.css?v=1773040996714 was preloaded using link preload but not used within a few seconds from the window's load event. Please make sure it has an appropriate `as` value and it is preloaded intentionally. @ http://localhost:3000/cluster-4/:0
[  501826ms] [WARNING] The resource http://localhost:3000/_next/static/css/app/layout.css?v=1773041008103 was preloaded using link preload but not used within a few seconds from the window's load event. Please make sure it has an appropriate `as` value and it is preloaded intentionally. @ http://localhost:3000/cluster-4/:0
