[      93ms] [LOG] [Fast Refresh] rebuilding @ webpack-internal:///(app-pages-browser)/./node_modules/next/dist/client/components/react-dev-overlay/app/hot-reloader-client.js:186
[     727ms] [LOG] [Fast Refresh] done in 635ms @ webpack-internal:///(app-pages-browser)/./node_modules/next/dist/client/components/react-dev-overlay/app/hot-reloader-client.js:43
[    1285ms] [INFO] %cDownload the React DevTools for a better development experience: https://reactjs.org/link/react-devtools font-weight:bold @ webpack-internal:///(app-pages-browser)/./node_modules/next/dist/compiled/react-dom/cjs/react-dom.development.js:38559
[    1435ms] [ERROR] Warning: Prop `%s` did not match. Server: %s Client: %s%s style "opacity: 0;" "opacity:0" 
    at body
    at html
    at RootLayout (Server)
    at RedirectErrorBoundary (webpack-internal:///(app-pages-browser)/./node_modules/next/dist/client/components/redirect-boundary.js:74:9)
    at RedirectBoundary (webpack-internal:///(app-pages-browser)/./node_modules/next/dist/client/components/redirect-boundary.js:82:11)
    at NotFoundErrorBoundary (webpack-internal:///(app-pages-browser)/./node_modules/next/dist/client/components/not-found-boundary.js:76:9)
    at NotFoundBoundary (webpack-internal:///(app-pages-browser)/./node_modules/next/dist/client/components/not-found-boundary.js:84:11)
    at DevRootNotFoundBoundary (webpack-internal:///(app-pages-browser)/./node_modules/next/dist/client/components/dev-root-not-found-boundary.js:33:11)
    at ReactDevOverlay (webpack-internal:///(app-pages-browser)/./node_modules/next/dist/client/components/react-dev-overlay/app/ReactDevOverlay.js:87:9)
    at HotReload (webpack-internal:///(app-pages-browser)/./node_modules/next/dist/client/components/react-dev-overlay/app/hot-reloader-client.js:321:11)
    at Router (webpack-internal:///(app-pages-browser)/./node_modules/next/dist/client/components/app-router.js:207:11)
    at ErrorBoundaryHandler (webpack-internal:///(app-pages-browser)/./node_modules/next/dist/client/components/error-boundary.js:113:9)
    at ErrorBoundary (webpack-internal:///(app-pages-browser)/./node_modules/next/dist/client/components/error-boundary.js:160:11)
    at AppRouter (webpack-internal:///(app-pages-browser)/./node_modules/next/dist/client/components/app-router.js:585:13)
    at ServerRoot (webpack-internal:///(app-pages-browser)/./node_modules/next/dist/client/app-index.js:112:27)
    at Root (webpack-internal:///(app-pages-browser)/./node_modules/next/dist/client/app-index.js:117:11) @ webpack-internal:///(app-pages-browser)/./node_modules/next/dist/client/app-index.js:32
[    1725ms] [LOG] [calculateScale] {screenWidth: 1280, innerHeight: 800, browserZoom: 0.73828125, 계산값: 590.625} @ webpack-internal:///(app-pages-browser)/./components/home-career/Sidebar.tsx:558
[    1726ms] [LOG] [setCardScale] 1.1728395061728396 @ webpack-internal:///(app-pages-browser)/./components/home-career/Sidebar.tsx:576
[    1778ms] [LOG] [calculateScale] {screenWidth: 1280, innerHeight: 800, browserZoom: 0.73828125, 계산값: 590.625} @ webpack-internal:///(app-pages-browser)/./components/home-career/Sidebar.tsx:558
[    1778ms] [LOG] [setCardScale] 1.1728395061728396 @ webpack-internal:///(app-pages-browser)/./components/home-career/Sidebar.tsx:576
[    1793ms] [LOG] [render cardScale] 1.1728395061728396 @ webpack-internal:///(app-pages-browser)/./components/home-career/Sidebar.tsx:1654
[    1794ms] [LOG] [render cardScale] 1.1728395061728396 @ webpack-internal:///(app-pages-browser)/./components/home-career/Sidebar.tsx:1654
[    1911ms] [LOG] [render cardScale] 1.1728395061728396 @ webpack-internal:///(app-pages-browser)/./components/home-career/Sidebar.tsx:1654
[    1912ms] [LOG] [render cardScale] 1.1728395061728396 @ webpack-internal:///(app-pages-browser)/./components/home-career/Sidebar.tsx:1654
[    1933ms] [LOG] [render cardScale] 1.1728395061728396 @ webpack-internal:///(app-pages-browser)/./components/home-career/Sidebar.tsx:1654
[    1934ms] [LOG] [render cardScale] 1.1728395061728396 @ webpack-internal:///(app-pages-browser)/./components/home-career/Sidebar.tsx:1654
[    1944ms] [WARNING] Image with src "/images/0/cluster 1/Image.png" has either width or height modified, but not the other. If you use CSS to change the size of your image, also include the styles 'width: "auto"' or 'height: "auto"' to maintain the aspect ratio. @ webpack-internal:///(app-pages-browser)/./node_modules/next/dist/shared/lib/utils/warn-once.js:15
[    1944ms] [LOG] [render cardScale] 1.1728395061728396 @ webpack-internal:///(app-pages-browser)/./components/home-career/Sidebar.tsx:1654
[    1945ms] [LOG] [render cardScale] 1.1728395061728396 @ webpack-internal:///(app-pages-browser)/./components/home-career/Sidebar.tsx:1654
[    1955ms] [LOG] [render cardScale] 1.1728395061728396 @ webpack-internal:///(app-pages-browser)/./components/home-career/Sidebar.tsx:1654
[    1955ms] [LOG] [render cardScale] 1.1728395061728396 @ webpack-internal:///(app-pages-browser)/./components/home-career/Sidebar.tsx:1654
[    2083ms] [LOG] [render cardScale] 1.1728395061728396 @ webpack-internal:///(app-pages-browser)/./components/home-career/Sidebar.tsx:1654
[    2083ms] [LOG] [render cardScale] 1.1728395061728396 @ webpack-internal:///(app-pages-browser)/./components/home-career/Sidebar.tsx:1654
[    2108ms] [LOG] [render cardScale] 1.1728395061728396 @ webpack-internal:///(app-pages-browser)/./components/home-career/Sidebar.tsx:1654
[    2109ms] [LOG] [render cardScale] 1.1728395061728396 @ webpack-internal:///(app-pages-browser)/./components/home-career/Sidebar.tsx:1654
[    2123ms] [LOG] [render cardScale] 1.1728395061728396 @ webpack-internal:///(app-pages-browser)/./components/home-career/Sidebar.tsx:1654
[    2124ms] [LOG] [render cardScale] 1.1728395061728396 @ webpack-internal:///(app-pages-browser)/./components/home-career/Sidebar.tsx:1654
[    2136ms] [LOG] [render cardScale] 1.1728395061728396 @ webpack-internal:///(app-pages-browser)/./components/home-career/Sidebar.tsx:1654
[    2137ms] [LOG] [render cardScale] 1.1728395061728396 @ webpack-internal:///(app-pages-browser)/./components/home-career/Sidebar.tsx:1654
[    2153ms] [LOG] [render cardScale] 1.1728395061728396 @ webpack-internal:///(app-pages-browser)/./components/home-career/Sidebar.tsx:1654
[    2154ms] [LOG] [render cardScale] 1.1728395061728396 @ webpack-internal:///(app-pages-browser)/./components/home-career/Sidebar.tsx:1654
[    2167ms] [LOG] [render cardScale] 1.1728395061728396 @ webpack-internal:///(app-pages-browser)/./components/home-career/Sidebar.tsx:1654
[    2168ms] [LOG] [render cardScale] 1.1728395061728396 @ webpack-internal:///(app-pages-browser)/./components/home-career/Sidebar.tsx:1654
[    2191ms] [LOG] [render cardScale] 1.1728395061728396 @ webpack-internal:///(app-pages-browser)/./components/home-career/Sidebar.tsx:1654
[    2191ms] [LOG] [render cardScale] 1.1728395061728396 @ webpack-internal:///(app-pages-browser)/./components/home-career/Sidebar.tsx:1654
[    2197ms] [LOG] [render cardScale] 1.1728395061728396 @ webpack-internal:///(app-pages-browser)/./components/home-career/Sidebar.tsx:1654
[    2197ms] [LOG] [render cardScale] 1.1728395061728396 @ webpack-internal:///(app-pages-browser)/./components/home-career/Sidebar.tsx:1654
[    2208ms] [LOG] [render cardScale] 1.1728395061728396 @ webpack-internal:///(app-pages-browser)/./components/home-career/Sidebar.tsx:1654
[    2208ms] [LOG] [render cardScale] 1.1728395061728396 @ webpack-internal:///(app-pages-browser)/./components/home-career/Sidebar.tsx:1654
[    2212ms] [LOG] [render cardScale] 1.1728395061728396 @ webpack-internal:///(app-pages-browser)/./components/home-career/Sidebar.tsx:1654
[    2213ms] [LOG] [render cardScale] 1.1728395061728396 @ webpack-internal:///(app-pages-browser)/./components/home-career/Sidebar.tsx:1654
[    2251ms] [LOG] [render cardScale] 1.1728395061728396 @ webpack-internal:///(app-pages-browser)/./components/home-career/Sidebar.tsx:1654
[    2252ms] [LOG] [render cardScale] 1.1728395061728396 @ webpack-internal:///(app-pages-browser)/./components/home-career/Sidebar.tsx:1654
[    2260ms] [LOG] [render cardScale] 1.1728395061728396 @ webpack-internal:///(app-pages-browser)/./components/home-career/Sidebar.tsx:1654
[    2261ms] [LOG] [render cardScale] 1.1728395061728396 @ webpack-internal:///(app-pages-browser)/./components/home-career/Sidebar.tsx:1654
[    2275ms] [LOG] [render cardScale] 1.1728395061728396 @ webpack-internal:///(app-pages-browser)/./components/home-career/Sidebar.tsx:1654
[    2275ms] [LOG] [render cardScale] 1.1728395061728396 @ webpack-internal:///(app-pages-browser)/./components/home-career/Sidebar.tsx:1654
[    2279ms] [LOG] [render cardScale] 1.1728395061728396 @ webpack-internal:///(app-pages-browser)/./components/home-career/Sidebar.tsx:1654
[    2279ms] [LOG] [render cardScale] 1.1728395061728396 @ webpack-internal:///(app-pages-browser)/./components/home-career/Sidebar.tsx:1654
[    2312ms] [LOG] [render cardScale] 1.1728395061728396 @ webpack-internal:///(app-pages-browser)/./components/home-career/Sidebar.tsx:1654
[    2312ms] [LOG] [render cardScale] 1.1728395061728396 @ webpack-internal:///(app-pages-browser)/./components/home-career/Sidebar.tsx:1654
[    2319ms] [LOG] [render cardScale] 1.1728395061728396 @ webpack-internal:///(app-pages-browser)/./components/home-career/Sidebar.tsx:1654
[    2320ms] [LOG] [render cardScale] 1.1728395061728396 @ webpack-internal:///(app-pages-browser)/./components/home-career/Sidebar.tsx:1654
[    2342ms] [LOG] [render cardScale] 1.1728395061728396 @ webpack-internal:///(app-pages-browser)/./components/home-career/Sidebar.tsx:1654
[    2342ms] [LOG] [render cardScale] 1.1728395061728396 @ webpack-internal:///(app-pages-browser)/./components/home-career/Sidebar.tsx:1654
[    2345ms] [LOG] [render cardScale] 1.1728395061728396 @ webpack-internal:///(app-pages-browser)/./components/home-career/Sidebar.tsx:1654
[    2345ms] [LOG] [render cardScale] 1.1728395061728396 @ webpack-internal:///(app-pages-browser)/./components/home-career/Sidebar.tsx:1654
[    2384ms] [LOG] [render cardScale] 1.1728395061728396 @ webpack-internal:///(app-pages-browser)/./components/home-career/Sidebar.tsx:1654
[    2384ms] [LOG] [render cardScale] 1.1728395061728396 @ webpack-internal:///(app-pages-browser)/./components/home-career/Sidebar.tsx:1654
[    2391ms] [LOG] [render cardScale] 1.1728395061728396 @ webpack-internal:///(app-pages-browser)/./components/home-career/Sidebar.tsx:1654
[    2391ms] [LOG] [render cardScale] 1.1728395061728396 @ webpack-internal:///(app-pages-browser)/./components/home-career/Sidebar.tsx:1654
[    2406ms] [LOG] [render cardScale] 1.1728395061728396 @ webpack-internal:///(app-pages-browser)/./components/home-career/Sidebar.tsx:1654
[    2406ms] [LOG] [render cardScale] 1.1728395061728396 @ webpack-internal:///(app-pages-browser)/./components/home-career/Sidebar.tsx:1654
[    2409ms] [LOG] [render cardScale] 1.1728395061728396 @ webpack-internal:///(app-pages-browser)/./components/home-career/Sidebar.tsx:1654
[    2409ms] [LOG] [render cardScale] 1.1728395061728396 @ webpack-internal:///(app-pages-browser)/./components/home-career/Sidebar.tsx:1654
[    2448ms] [LOG] [render cardScale] 1.1728395061728396 @ webpack-internal:///(app-pages-browser)/./components/home-career/Sidebar.tsx:1654
[    2449ms] [LOG] [render cardScale] 1.1728395061728396 @ webpack-internal:///(app-pages-browser)/./components/home-career/Sidebar.tsx:1654
[    2454ms] [LOG] [render cardScale] 1.1728395061728396 @ webpack-internal:///(app-pages-browser)/./components/home-career/Sidebar.tsx:1654
[    2455ms] [LOG] [render cardScale] 1.1728395061728396 @ webpack-internal:///(app-pages-browser)/./components/home-career/Sidebar.tsx:1654
[    2472ms] [LOG] [render cardScale] 1.1728395061728396 @ webpack-internal:///(app-pages-browser)/./components/home-career/Sidebar.tsx:1654
[    2472ms] [LOG] [render cardScale] 1.1728395061728396 @ webpack-internal:///(app-pages-browser)/./components/home-career/Sidebar.tsx:1654
[    2475ms] [LOG] [render cardScale] 1.1728395061728396 @ webpack-internal:///(app-pages-browser)/./components/home-career/Sidebar.tsx:1654
[    2475ms] [LOG] [render cardScale] 1.1728395061728396 @ webpack-internal:///(app-pages-browser)/./components/home-career/Sidebar.tsx:1654
[    2509ms] [LOG] [render cardScale] 1.1728395061728396 @ webpack-internal:///(app-pages-browser)/./components/home-career/Sidebar.tsx:1654
[    2509ms] [LOG] [render cardScale] 1.1728395061728396 @ webpack-internal:///(app-pages-browser)/./components/home-career/Sidebar.tsx:1654
[    2512ms] [LOG] [render cardScale] 1.1728395061728396 @ webpack-internal:///(app-pages-browser)/./components/home-career/Sidebar.tsx:1654
[    2512ms] [LOG] [render cardScale] 1.1728395061728396 @ webpack-internal:///(app-pages-browser)/./components/home-career/Sidebar.tsx:1654
[    2539ms] [LOG] [render cardScale] 1.1728395061728396 @ webpack-internal:///(app-pages-browser)/./components/home-career/Sidebar.tsx:1654
[    2540ms] [LOG] [render cardScale] 1.1728395061728396 @ webpack-internal:///(app-pages-browser)/./components/home-career/Sidebar.tsx:1654
[    2543ms] [LOG] [render cardScale] 1.1728395061728396 @ webpack-internal:///(app-pages-browser)/./components/home-career/Sidebar.tsx:1654
[    2543ms] [LOG] [render cardScale] 1.1728395061728396 @ webpack-internal:///(app-pages-browser)/./components/home-career/Sidebar.tsx:1654
[    2571ms] [LOG] [render cardScale] 1.1728395061728396 @ webpack-internal:///(app-pages-browser)/./components/home-career/Sidebar.tsx:1654
[    2571ms] [LOG] [render cardScale] 1.1728395061728396 @ webpack-internal:///(app-pages-browser)/./components/home-career/Sidebar.tsx:1654
[    2574ms] [LOG] [render cardScale] 1.1728395061728396 @ webpack-internal:///(app-pages-browser)/./components/home-career/Sidebar.tsx:1654
[    2574ms] [LOG] [render cardScale] 1.1728395061728396 @ webpack-internal:///(app-pages-browser)/./components/home-career/Sidebar.tsx:1654
[    2616ms] [LOG] [render cardScale] 1.1728395061728396 @ webpack-internal:///(app-pages-browser)/./components/home-career/Sidebar.tsx:1654
[    2616ms] [LOG] [render cardScale] 1.1728395061728396 @ webpack-internal:///(app-pages-browser)/./components/home-career/Sidebar.tsx:1654
[    2622ms] [LOG] [render cardScale] 1.1728395061728396 @ webpack-internal:///(app-pages-browser)/./components/home-career/Sidebar.tsx:1654
[    2622ms] [LOG] [render cardScale] 1.1728395061728396 @ webpack-internal:///(app-pages-browser)/./components/home-career/Sidebar.tsx:1654
[    2637ms] [LOG] [render cardScale] 1.1728395061728396 @ webpack-internal:///(app-pages-browser)/./components/home-career/Sidebar.tsx:1654
[    2638ms] [LOG] [render cardScale] 1.1728395061728396 @ webpack-internal:///(app-pages-browser)/./components/home-career/Sidebar.tsx:1654
[    2640ms] [LOG] [render cardScale] 1.1728395061728396 @ webpack-internal:///(app-pages-browser)/./components/home-career/Sidebar.tsx:1654
[    2641ms] [LOG] [render cardScale] 1.1728395061728396 @ webpack-internal:///(app-pages-browser)/./components/home-career/Sidebar.tsx:1654
[    2675ms] [LOG] [render cardScale] 1.1728395061728396 @ webpack-internal:///(app-pages-browser)/./components/home-career/Sidebar.tsx:1654
[    2676ms] [LOG] [render cardScale] 1.1728395061728396 @ webpack-internal:///(app-pages-browser)/./components/home-career/Sidebar.tsx:1654
[    2678ms] [LOG] [render cardScale] 1.1728395061728396 @ webpack-internal:///(app-pages-browser)/./components/home-career/Sidebar.tsx:1654
[    2679ms] [LOG] [render cardScale] 1.1728395061728396 @ webpack-internal:///(app-pages-browser)/./components/home-career/Sidebar.tsx:1654
[    2704ms] [LOG] [render cardScale] 1.1728395061728396 @ webpack-internal:///(app-pages-browser)/./components/home-career/Sidebar.tsx:1654
[    2704ms] [LOG] [render cardScale] 1.1728395061728396 @ webpack-internal:///(app-pages-browser)/./components/home-career/Sidebar.tsx:1654
[    2708ms] [LOG] [render cardScale] 1.1728395061728396 @ webpack-internal:///(app-pages-browser)/./components/home-career/Sidebar.tsx:1654
[    2709ms] [LOG] [render cardScale] 1.1728395061728396 @ webpack-internal:///(app-pages-browser)/./components/home-career/Sidebar.tsx:1654
[    2738ms] [LOG] [render cardScale] 1.1728395061728396 @ webpack-internal:///(app-pages-browser)/./components/home-career/Sidebar.tsx:1654
[    2739ms] [LOG] [render cardScale] 1.1728395061728396 @ webpack-internal:///(app-pages-browser)/./components/home-career/Sidebar.tsx:1654
[    2742ms] [LOG] [render cardScale] 1.1728395061728396 @ webpack-internal:///(app-pages-browser)/./components/home-career/Sidebar.tsx:1654
[    2743ms] [LOG] [render cardScale] 1.1728395061728396 @ webpack-internal:///(app-pages-browser)/./components/home-career/Sidebar.tsx:1654
[    2771ms] [LOG] [render cardScale] 1.1728395061728396 @ webpack-internal:///(app-pages-browser)/./components/home-career/Sidebar.tsx:1654
[    2771ms] [LOG] [render cardScale] 1.1728395061728396 @ webpack-internal:///(app-pages-browser)/./components/home-career/Sidebar.tsx:1654
[    2774ms] [LOG] [render cardScale] 1.1728395061728396 @ webpack-internal:///(app-pages-browser)/./components/home-career/Sidebar.tsx:1654
[    2774ms] [LOG] [render cardScale] 1.1728395061728396 @ webpack-internal:///(app-pages-browser)/./components/home-career/Sidebar.tsx:1654
[    2804ms] [LOG] [render cardScale] 1.1728395061728396 @ webpack-internal:///(app-pages-browser)/./components/home-career/Sidebar.tsx:1654
[    2804ms] [LOG] [render cardScale] 1.1728395061728396 @ webpack-internal:///(app-pages-browser)/./components/home-career/Sidebar.tsx:1654
[    2807ms] [LOG] [render cardScale] 1.1728395061728396 @ webpack-internal:///(app-pages-browser)/./components/home-career/Sidebar.tsx:1654
[    2807ms] [LOG] [render cardScale] 1.1728395061728396 @ webpack-internal:///(app-pages-browser)/./components/home-career/Sidebar.tsx:1654
[    2836ms] [LOG] [render cardScale] 1.1728395061728396 @ webpack-internal:///(app-pages-browser)/./components/home-career/Sidebar.tsx:1654
[    2837ms] [LOG] [render cardScale] 1.1728395061728396 @ webpack-internal:///(app-pages-browser)/./components/home-career/Sidebar.tsx:1654
[    2839ms] [LOG] [render cardScale] 1.1728395061728396 @ webpack-internal:///(app-pages-browser)/./components/home-career/Sidebar.tsx:1654
[    2840ms] [LOG] [render cardScale] 1.1728395061728396 @ webpack-internal:///(app-pages-browser)/./components/home-career/Sidebar.tsx:1654
[    2873ms] [LOG] [render cardScale] 1.1728395061728396 @ webpack-internal:///(app-pages-browser)/./components/home-career/Sidebar.tsx:1654
[    2873ms] [LOG] [render cardScale] 1.1728395061728396 @ webpack-internal:///(app-pages-browser)/./components/home-career/Sidebar.tsx:1654
[    2876ms] [LOG] [render cardScale] 1.1728395061728396 @ webpack-internal:///(app-pages-browser)/./components/home-career/Sidebar.tsx:1654
[    2876ms] [LOG] [render cardScale] 1.1728395061728396 @ webpack-internal:///(app-pages-browser)/./components/home-career/Sidebar.tsx:1654
[    2902ms] [LOG] [render cardScale] 1.1728395061728396 @ webpack-internal:///(app-pages-browser)/./components/home-career/Sidebar.tsx:1654
[    2902ms] [LOG] [render cardScale] 1.1728395061728396 @ webpack-internal:///(app-pages-browser)/./components/home-career/Sidebar.tsx:1654
[    2905ms] [LOG] [render cardScale] 1.1728395061728396 @ webpack-internal:///(app-pages-browser)/./components/home-career/Sidebar.tsx:1654
[    2906ms] [LOG] [render cardScale] 1.1728395061728396 @ webpack-internal:///(app-pages-browser)/./components/home-career/Sidebar.tsx:1654
[    2936ms] [LOG] [render cardScale] 1.1728395061728396 @ webpack-internal:///(app-pages-browser)/./components/home-career/Sidebar.tsx:1654
[    2936ms] [LOG] [render cardScale] 1.1728395061728396 @ webpack-internal:///(app-pages-browser)/./components/home-career/Sidebar.tsx:1654
[    2938ms] [LOG] [render cardScale] 1.1728395061728396 @ webpack-internal:///(app-pages-browser)/./components/home-career/Sidebar.tsx:1654
[    2939ms] [LOG] [render cardScale] 1.1728395061728396 @ webpack-internal:///(app-pages-browser)/./components/home-career/Sidebar.tsx:1654
[   43921ms] [LOG] [calculateScale] {screenWidth: 1440, innerHeight: 900, browserZoom: 0.65625, 계산값: 590.625} @ webpack-internal:///(app-pages-browser)/./components/home-career/Sidebar.tsx:558
[   43922ms] [LOG] [setCardScale] 1.1728395061728396 @ webpack-internal:///(app-pages-browser)/./components/home-career/Sidebar.tsx:576
[   43922ms] [LOG] [render cardScale] 1.1728395061728396 @ webpack-internal:///(app-pages-browser)/./components/home-career/Sidebar.tsx:1654
[   43923ms] [LOG] [render cardScale] 1.1728395061728396 @ webpack-internal:///(app-pages-browser)/./components/home-career/Sidebar.tsx:1654
[   57524ms] [LOG] [calculateScale] {screenWidth: 1024, innerHeight: 700, browserZoom: 0.9228515625, 계산값: 645.99609375} @ webpack-internal:///(app-pages-browser)/./components/home-career/Sidebar.tsx:558
[   57524ms] [LOG] [setCardScale] 1.1728395061728396 @ webpack-internal:///(app-pages-browser)/./components/home-career/Sidebar.tsx:576
[   71902ms] [LOG] [calculateScale] {screenWidth: 1920, innerHeight: 1080, browserZoom: 0.4921875, 계산값: 531.5625} @ webpack-internal:///(app-pages-browser)/./components/home-career/Sidebar.tsx:558
[   71902ms] [LOG] [setCardScale] 0.55 @ webpack-internal:///(app-pages-browser)/./components/home-career/Sidebar.tsx:576
[   71903ms] [LOG] [render cardScale] 0.55 @ webpack-internal:///(app-pages-browser)/./components/home-career/Sidebar.tsx:1654
[   71903ms] [LOG] [render cardScale] 0.55 @ webpack-internal:///(app-pages-browser)/./components/home-career/Sidebar.tsx:1654
[   86378ms] [LOG] [calculateScale] {screenWidth: 800, innerHeight: 500, browserZoom: 1.18125, 계산값: 590.625} @ webpack-internal:///(app-pages-browser)/./components/home-career/Sidebar.tsx:558
[   86378ms] [LOG] [setCardScale] 1.1728395061728396 @ webpack-internal:///(app-pages-browser)/./components/home-career/Sidebar.tsx:576
[   86378ms] [LOG] [render cardScale] 1.1728395061728396 @ webpack-internal:///(app-pages-browser)/./components/home-career/Sidebar.tsx:1654
[   86380ms] [LOG] [render cardScale] 1.1728395061728396 @ webpack-internal:///(app-pages-browser)/./components/home-career/Sidebar.tsx:1654
[  111980ms] [LOG] [calculateScale] {screenWidth: 1280, innerHeight: 800, browserZoom: 0.73828125, 계산값: 590.625} @ webpack-internal:///(app-pages-browser)/./components/home-career/Sidebar.tsx:558
[  111980ms] [LOG] [setCardScale] 1.1728395061728396 @ webpack-internal:///(app-pages-browser)/./components/home-career/Sidebar.tsx:576
[  111981ms] [LOG] [render cardScale] 1.1728395061728396 @ webpack-internal:///(app-pages-browser)/./components/home-career/Sidebar.tsx:1654
[  111981ms] [LOG] [render cardScale] 1.1728395061728396 @ webpack-internal:///(app-pages-browser)/./components/home-career/Sidebar.tsx:1654
