[     469ms] [ERROR] Warning: Extra attributes from the server: %s%s style 
    at body
    at html
    at RootLayout (Server)
    at RedirectErrorBoundary (webpack-internal:///(app-pages-browser)/./node_modules/next/dist/client/components/redirect-boundary.js:74:9)
    at RedirectBoundary (webpack-internal:///(app-pages-browser)/./node_modules/next/dist/client/components/redirect-boundary.js:82:11)
    at NotFoundErrorBoundary (webpack-internal:///(app-pages-browser)/./node_modules/next/dist/client/components/not-found-boundary.js:76:9)
    at NotFoundBoundary (webpack-internal:///(app-pages-browser)/./node_modules/next/dist/client/components/not-found-boundary.js:84:11)
    at DevRootNotFoundBoundary (webpack-internal:///(app-pages-browser)/./node_modules/next/dist/client/components/dev-root-not-found-boundary.js:33:11)
    at ReactDevOverlay (webpack-internal:///(app-pages-browser)/./node_modules/next/dist/client/components/react-dev-overlay/app/ReactDevOverlay.js:87:9)
    at HotReload (webpack-internal:///(app-pages-browser)/./node_modules/next/dist/client/components/react-dev-overlay/app/hot-reloader-client.js:321:11)
    at Router (webpack-internal:///(app-pages-browser)/./node_modules/next/dist/client/components/app-router.js:207:11)
    at ErrorBoundaryHandler (webpack-internal:///(app-pages-browser)/./node_modules/next/dist/client/components/error-boundary.js:113:9)
    at ErrorBoundary (webpack-internal:///(app-pages-browser)/./node_modules/next/dist/client/components/error-boundary.js:160:11)
    at AppRouter (webpack-internal:///(app-pages-browser)/./node_modules/next/dist/client/components/app-router.js:585:13)
    at ServerRoot (webpack-internal:///(app-pages-browser)/./node_modules/next/dist/client/app-index.js:112:27)
    at Root (webpack-internal:///(app-pages-browser)/./node_modules/next/dist/client/app-index.js:117:11) @ webpack-internal:///(app-pages-browser)/./node_modules/next/dist/client/app-index.js:32
[     761ms] [WARNING] Image with src "/_next/static/media/footer-img.743ba916.png" was detected as the Largest Contentful Paint (LCP). Please add the "priority" property if this image is above the fold.
Read more: https://nextjs.org/docs/api-reference/next/image#priority @ webpack-internal:///(app-pages-browser)/./node_modules/next/dist/shared/lib/utils/warn-once.js:15
[    1291ms] [ERROR] Warning: Extra attributes from the server: %s%s style 
    at body
    at html
    at RootLayout (Server)
    at RedirectErrorBoundary (webpack-internal:///(app-pages-browser)/./node_modules/next/dist/client/components/redirect-boundary.js:74:9)
    at RedirectBoundary (webpack-internal:///(app-pages-browser)/./node_modules/next/dist/client/components/redirect-boundary.js:82:11)
    at NotFoundErrorBoundary (webpack-internal:///(app-pages-browser)/./node_modules/next/dist/client/components/not-found-boundary.js:76:9)
    at NotFoundBoundary (webpack-internal:///(app-pages-browser)/./node_modules/next/dist/client/components/not-found-boundary.js:84:11)
    at DevRootNotFoundBoundary (webpack-internal:///(app-pages-browser)/./node_modules/next/dist/client/components/dev-root-not-found-boundary.js:33:11)
    at ReactDevOverlay (webpack-internal:///(app-pages-browser)/./node_modules/next/dist/client/components/react-dev-overlay/app/ReactDevOverlay.js:87:9)
    at HotReload (webpack-internal:///(app-pages-browser)/./node_modules/next/dist/client/components/react-dev-overlay/app/hot-reloader-client.js:321:11)
    at Router (webpack-internal:///(app-pages-browser)/./node_modules/next/dist/client/components/app-router.js:207:11)
    at ErrorBoundaryHandler (webpack-internal:///(app-pages-browser)/./node_modules/next/dist/client/components/error-boundary.js:113:9)
    at ErrorBoundary (webpack-internal:///(app-pages-browser)/./node_modules/next/dist/client/components/error-boundary.js:160:11)
    at AppRouter (webpack-internal:///(app-pages-browser)/./node_modules/next/dist/client/components/app-router.js:585:13)
    at ServerRoot (webpack-internal:///(app-pages-browser)/./node_modules/next/dist/client/app-index.js:112:27)
    at Root (webpack-internal:///(app-pages-browser)/./node_modules/next/dist/client/app-index.js:117:11) @ webpack-internal:///(app-pages-browser)/./node_modules/next/dist/client/app-index.js:32
[  259388ms] [WARNING] The resource http://localhost:3005/_next/static/css/app/layout.css?v=1772679762625 was preloaded using link preload but not used within a few seconds from the window's load event. Please make sure it has an appropriate `as` value and it is preloaded intentionally. @ http://localhost:3005/crews/:0
[ 4117180ms] [WARNING] The resource http://localhost:3005/_next/static/css/app/layout.css?v=1772683619565 was preloaded using link preload but not used within a few seconds from the window's load event. Please make sure it has an appropriate `as` value and it is preloaded intentionally. @ http://localhost:3005/crews/:0
[ 4536663ms] [WARNING] The resource http://localhost:3005/_next/static/css/app/layout.css?v=1772684039210 was preloaded using link preload but not used within a few seconds from the window's load event. Please make sure it has an appropriate `as` value and it is preloaded intentionally. @ http://localhost:3005/crews/:0
[ 4540437ms] [WARNING] The resource http://localhost:3005/_next/static/css/app/layout.css?v=1772684039210 was preloaded using link preload but not used within a few seconds from the window's load event. Please make sure it has an appropriate `as` value and it is preloaded intentionally. @ http://localhost:3005/crews/:0
[ 4545424ms] [WARNING] The resource http://localhost:3005/_next/static/css/app/layout.css?v=1772684039210 was preloaded using link preload but not used within a few seconds from the window's load event. Please make sure it has an appropriate `as` value and it is preloaded intentionally. @ http://localhost:3005/crews/:0
[ 4578690ms] [WARNING] The resource http://localhost:3005/_next/static/css/app/layout.css?v=1772684039210 was preloaded using link preload but not used within a few seconds from the window's load event. Please make sure it has an appropriate `as` value and it is preloaded intentionally. @ http://localhost:3005/crews/:0
[ 4635040ms] [WARNING] The resource http://localhost:3005/_next/static/css/app/layout.css?v=1772684039210 was preloaded using link preload but not used within a few seconds from the window's load event. Please make sure it has an appropriate `as` value and it is preloaded intentionally. @ http://localhost:3005/crews/:0
[ 4650456ms] [WARNING] The resource http://localhost:3005/_next/static/css/app/layout.css?v=1772684039210 was preloaded using link preload but not used within a few seconds from the window's load event. Please make sure it has an appropriate `as` value and it is preloaded intentionally. @ http://localhost:3005/crews/:0
[ 4673800ms] [WARNING] The resource http://localhost:3005/_next/static/css/app/layout.css?v=1772684039210 was preloaded using link preload but not used within a few seconds from the window's load event. Please make sure it has an appropriate `as` value and it is preloaded intentionally. @ http://localhost:3005/crews/:0
[ 4677533ms] [WARNING] The resource http://localhost:3005/_next/static/css/app/layout.css?v=1772684176254 was preloaded using link preload but not used within a few seconds from the window's load event. Please make sure it has an appropriate `as` value and it is preloaded intentionally. @ http://localhost:3005/crews/:0
[ 4677533ms] [WARNING] The resource http://localhost:3005/_next/static/css/app/layout.css?v=1772684039210 was preloaded using link preload but not used within a few seconds from the window's load event. Please make sure it has an appropriate `as` value and it is preloaded intentionally. @ http://localhost:3005/crews/:0
[ 4708724ms] [WARNING] The resource http://localhost:3005/_next/static/css/app/layout.css?v=1772684176254 was preloaded using link preload but not used within a few seconds from the window's load event. Please make sure it has an appropriate `as` value and it is preloaded intentionally. @ http://localhost:3005/crews/:0
[ 4708724ms] [WARNING] The resource http://localhost:3005/_next/static/css/app/layout.css?v=1772684039210 was preloaded using link preload but not used within a few seconds from the window's load event. Please make sure it has an appropriate `as` value and it is preloaded intentionally. @ http://localhost:3005/crews/:0
[ 4780740ms] [WARNING] The resource http://localhost:3005/_next/static/css/app/layout.css?v=1772684176254 was preloaded using link preload but not used within a few seconds from the window's load event. Please make sure it has an appropriate `as` value and it is preloaded intentionally. @ http://localhost:3005/crews/:0
[ 4780740ms] [WARNING] The resource http://localhost:3005/_next/static/css/app/layout.css?v=1772684039210 was preloaded using link preload but not used within a few seconds from the window's load event. Please make sure it has an appropriate `as` value and it is preloaded intentionally. @ http://localhost:3005/crews/:0
[ 4780740ms] [WARNING] The resource http://localhost:3005/_next/static/css/app/layout.css?v=1772684283129 was preloaded using link preload but not used within a few seconds from the window's load event. Please make sure it has an appropriate `as` value and it is preloaded intentionally. @ http://localhost:3005/crews/:0
[ 4785356ms] [WARNING] The resource http://localhost:3005/_next/static/css/app/layout.css?v=1772684176254 was preloaded using link preload but not used within a few seconds from the window's load event. Please make sure it has an appropriate `as` value and it is preloaded intentionally. @ http://localhost:3005/crews/:0
[ 4785356ms] [WARNING] The resource http://localhost:3005/_next/static/css/app/layout.css?v=1772684039210 was preloaded using link preload but not used within a few seconds from the window's load event. Please make sure it has an appropriate `as` value and it is preloaded intentionally. @ http://localhost:3005/crews/:0
[ 4829001ms] [WARNING] The resource http://localhost:3005/_next/static/css/app/layout.css?v=1772684176254 was preloaded using link preload but not used within a few seconds from the window's load event. Please make sure it has an appropriate `as` value and it is preloaded intentionally. @ http://localhost:3005/crews/:0
[ 4829001ms] [WARNING] The resource http://localhost:3005/_next/static/css/app/layout.css?v=1772684039210 was preloaded using link preload but not used within a few seconds from the window's load event. Please make sure it has an appropriate `as` value and it is preloaded intentionally. @ http://localhost:3005/crews/:0
[ 4829002ms] [WARNING] The resource http://localhost:3005/_next/static/css/app/layout.css?v=1772684331459 was preloaded using link preload but not used within a few seconds from the window's load event. Please make sure it has an appropriate `as` value and it is preloaded intentionally. @ http://localhost:3005/crews/:0
[ 4833304ms] [WARNING] The resource http://localhost:3005/_next/static/css/app/layout.css?v=1772684335690 was preloaded using link preload but not used within a few seconds from the window's load event. Please make sure it has an appropriate `as` value and it is preloaded intentionally. @ http://localhost:3005/crews/:0
[ 4833304ms] [WARNING] The resource http://localhost:3005/_next/static/css/app/layout.css?v=1772684176254 was preloaded using link preload but not used within a few seconds from the window's load event. Please make sure it has an appropriate `as` value and it is preloaded intentionally. @ http://localhost:3005/crews/:0
[ 4833304ms] [WARNING] The resource http://localhost:3005/_next/static/css/app/layout.css?v=1772684039210 was preloaded using link preload but not used within a few seconds from the window's load event. Please make sure it has an appropriate `as` value and it is preloaded intentionally. @ http://localhost:3005/crews/:0
[ 4833304ms] [WARNING] The resource http://localhost:3005/_next/static/css/app/layout.css?v=1772684331459 was preloaded using link preload but not used within a few seconds from the window's load event. Please make sure it has an appropriate `as` value and it is preloaded intentionally. @ http://localhost:3005/crews/:0
[ 4836837ms] [WARNING] The resource http://localhost:3005/_next/static/css/app/layout.css?v=1772684335690 was preloaded using link preload but not used within a few seconds from the window's load event. Please make sure it has an appropriate `as` value and it is preloaded intentionally. @ http://localhost:3005/crews/:0
[ 4836837ms] [WARNING] The resource http://localhost:3005/_next/static/css/app/layout.css?v=1772684176254 was preloaded using link preload but not used within a few seconds from the window's load event. Please make sure it has an appropriate `as` value and it is preloaded intentionally. @ http://localhost:3005/crews/:0
[ 4836837ms] [WARNING] The resource http://localhost:3005/_next/static/css/app/layout.css?v=1772684039210 was preloaded using link preload but not used within a few seconds from the window's load event. Please make sure it has an appropriate `as` value and it is preloaded intentionally. @ http://localhost:3005/crews/:0
[ 4836837ms] [WARNING] The resource http://localhost:3005/_next/static/css/app/layout.css?v=1772684331459 was preloaded using link preload but not used within a few seconds from the window's load event. Please make sure it has an appropriate `as` value and it is preloaded intentionally. @ http://localhost:3005/crews/:0
[ 4866080ms] [WARNING] The resource http://localhost:3005/_next/static/css/app/layout.css?v=1772684335690 was preloaded using link preload but not used within a few seconds from the window's load event. Please make sure it has an appropriate `as` value and it is preloaded intentionally. @ http://localhost:3005/crews/:0
[ 4866080ms] [WARNING] The resource http://localhost:3005/_next/static/css/app/layout.css?v=1772684176254 was preloaded using link preload but not used within a few seconds from the window's load event. Please make sure it has an appropriate `as` value and it is preloaded intentionally. @ http://localhost:3005/crews/:0
[ 4866080ms] [WARNING] The resource http://localhost:3005/_next/static/css/app/layout.css?v=1772684039210 was preloaded using link preload but not used within a few seconds from the window's load event. Please make sure it has an appropriate `as` value and it is preloaded intentionally. @ http://localhost:3005/crews/:0
[ 4866080ms] [WARNING] The resource http://localhost:3005/_next/static/css/app/layout.css?v=1772684331459 was preloaded using link preload but not used within a few seconds from the window's load event. Please make sure it has an appropriate `as` value and it is preloaded intentionally. @ http://localhost:3005/crews/:0
[ 4873437ms] [WARNING] The resource http://localhost:3005/_next/static/css/app/layout.css?v=1772684335690 was preloaded using link preload but not used within a few seconds from the window's load event. Please make sure it has an appropriate `as` value and it is preloaded intentionally. @ http://localhost:3005/crews/:0
[ 4873437ms] [WARNING] The resource http://localhost:3005/_next/static/css/app/layout.css?v=1772684176254 was preloaded using link preload but not used within a few seconds from the window's load event. Please make sure it has an appropriate `as` value and it is preloaded intentionally. @ http://localhost:3005/crews/:0
[ 4873438ms] [WARNING] The resource http://localhost:3005/_next/static/css/app/layout.css?v=1772684039210 was preloaded using link preload but not used within a few seconds from the window's load event. Please make sure it has an appropriate `as` value and it is preloaded intentionally. @ http://localhost:3005/crews/:0
[ 4873438ms] [WARNING] The resource http://localhost:3005/_next/static/css/app/layout.css?v=1772684331459 was preloaded using link preload but not used within a few seconds from the window's load event. Please make sure it has an appropriate `as` value and it is preloaded intentionally. @ http://localhost:3005/crews/:0
[ 4891522ms] [WARNING] The resource http://localhost:3005/_next/static/css/app/layout.css?v=1772684335690 was preloaded using link preload but not used within a few seconds from the window's load event. Please make sure it has an appropriate `as` value and it is preloaded intentionally. @ http://localhost:3005/crews/:0
[ 4891523ms] [WARNING] The resource http://localhost:3005/_next/static/css/app/layout.css?v=1772684176254 was preloaded using link preload but not used within a few seconds from the window's load event. Please make sure it has an appropriate `as` value and it is preloaded intentionally. @ http://localhost:3005/crews/:0
[ 4891523ms] [WARNING] The resource http://localhost:3005/_next/static/css/app/layout.css?v=1772684039210 was preloaded using link preload but not used within a few seconds from the window's load event. Please make sure it has an appropriate `as` value and it is preloaded intentionally. @ http://localhost:3005/crews/:0
[ 4891523ms] [WARNING] The resource http://localhost:3005/_next/static/css/app/layout.css?v=1772684331459 was preloaded using link preload but not used within a few seconds from the window's load event. Please make sure it has an appropriate `as` value and it is preloaded intentionally. @ http://localhost:3005/crews/:0
[ 4930381ms] [WARNING] The resource http://localhost:3005/_next/static/css/app/layout.css?v=1772684335690 was preloaded using link preload but not used within a few seconds from the window's load event. Please make sure it has an appropriate `as` value and it is preloaded intentionally. @ http://localhost:3005/crews/:0
[ 4930381ms] [WARNING] The resource http://localhost:3005/_next/static/css/app/layout.css?v=1772684176254 was preloaded using link preload but not used within a few seconds from the window's load event. Please make sure it has an appropriate `as` value and it is preloaded intentionally. @ http://localhost:3005/crews/:0
[ 4930381ms] [WARNING] The resource http://localhost:3005/_next/static/css/app/layout.css?v=1772684039210 was preloaded using link preload but not used within a few seconds from the window's load event. Please make sure it has an appropriate `as` value and it is preloaded intentionally. @ http://localhost:3005/crews/:0
[ 4930381ms] [WARNING] The resource http://localhost:3005/_next/static/css/app/layout.css?v=1772684331459 was preloaded using link preload but not used within a few seconds from the window's load event. Please make sure it has an appropriate `as` value and it is preloaded intentionally. @ http://localhost:3005/crews/:0
[ 4962587ms] [WARNING] The resource http://localhost:3005/_next/static/css/app/layout.css?v=1772684335690 was preloaded using link preload but not used within a few seconds from the window's load event. Please make sure it has an appropriate `as` value and it is preloaded intentionally. @ http://localhost:3005/crews/:0
[ 4962587ms] [WARNING] The resource http://localhost:3005/_next/static/css/app/layout.css?v=1772684176254 was preloaded using link preload but not used within a few seconds from the window's load event. Please make sure it has an appropriate `as` value and it is preloaded intentionally. @ http://localhost:3005/crews/:0
[ 4962587ms] [WARNING] The resource http://localhost:3005/_next/static/css/app/layout.css?v=1772684039210 was preloaded using link preload but not used within a few seconds from the window's load event. Please make sure it has an appropriate `as` value and it is preloaded intentionally. @ http://localhost:3005/crews/:0
[ 4962587ms] [WARNING] The resource http://localhost:3005/_next/static/css/app/layout.css?v=1772684331459 was preloaded using link preload but not used within a few seconds from the window's load event. Please make sure it has an appropriate `as` value and it is preloaded intentionally. @ http://localhost:3005/crews/:0
[ 4974337ms] [WARNING] The resource http://localhost:3005/_next/static/css/app/layout.css?v=1772684335690 was preloaded using link preload but not used within a few seconds from the window's load event. Please make sure it has an appropriate `as` value and it is preloaded intentionally. @ http://localhost:3005/crews/:0
[ 4974338ms] [WARNING] The resource http://localhost:3005/_next/static/css/app/layout.css?v=1772684176254 was preloaded using link preload but not used within a few seconds from the window's load event. Please make sure it has an appropriate `as` value and it is preloaded intentionally. @ http://localhost:3005/crews/:0
[ 4974338ms] [WARNING] The resource http://localhost:3005/_next/static/css/app/layout.css?v=1772684039210 was preloaded using link preload but not used within a few seconds from the window's load event. Please make sure it has an appropriate `as` value and it is preloaded intentionally. @ http://localhost:3005/crews/:0
[ 4974338ms] [WARNING] The resource http://localhost:3005/_next/static/css/app/layout.css?v=1772684331459 was preloaded using link preload but not used within a few seconds from the window's load event. Please make sure it has an appropriate `as` value and it is preloaded intentionally. @ http://localhost:3005/crews/:0
[ 5032955ms] [WARNING] The resource http://localhost:3005/_next/static/css/app/layout.css?v=1772684335690 was preloaded using link preload but not used within a few seconds from the window's load event. Please make sure it has an appropriate `as` value and it is preloaded intentionally. @ http://localhost:3005/crews/:0
[ 5032955ms] [WARNING] The resource http://localhost:3005/_next/static/css/app/layout.css?v=1772684176254 was preloaded using link preload but not used within a few seconds from the window's load event. Please make sure it has an appropriate `as` value and it is preloaded intentionally. @ http://localhost:3005/crews/:0
[ 5032955ms] [WARNING] The resource http://localhost:3005/_next/static/css/app/layout.css?v=1772684039210 was preloaded using link preload but not used within a few seconds from the window's load event. Please make sure it has an appropriate `as` value and it is preloaded intentionally. @ http://localhost:3005/crews/:0
[ 5032955ms] [WARNING] The resource http://localhost:3005/_next/static/css/app/layout.css?v=1772684331459 was preloaded using link preload but not used within a few seconds from the window's load event. Please make sure it has an appropriate `as` value and it is preloaded intentionally. @ http://localhost:3005/crews/:0
[ 5038420ms] [WARNING] The resource http://localhost:3005/_next/static/css/app/layout.css?v=1772684335690 was preloaded using link preload but not used within a few seconds from the window's load event. Please make sure it has an appropriate `as` value and it is preloaded intentionally. @ http://localhost:3005/crews/:0
[ 5038420ms] [WARNING] The resource http://localhost:3005/_next/static/css/app/layout.css?v=1772684176254 was preloaded using link preload but not used within a few seconds from the window's load event. Please make sure it has an appropriate `as` value and it is preloaded intentionally. @ http://localhost:3005/crews/:0
[ 5038420ms] [WARNING] The resource http://localhost:3005/_next/static/css/app/layout.css?v=1772684039210 was preloaded using link preload but not used within a few seconds from the window's load event. Please make sure it has an appropriate `as` value and it is preloaded intentionally. @ http://localhost:3005/crews/:0
[ 5038420ms] [WARNING] The resource http://localhost:3005/_next/static/css/app/layout.css?v=1772684331459 was preloaded using link preload but not used within a few seconds from the window's load event. Please make sure it has an appropriate `as` value and it is preloaded intentionally. @ http://localhost:3005/crews/:0
[ 5135686ms] [WARNING] The resource http://localhost:3005/_next/static/css/app/layout.css?v=1772684335690 was preloaded using link preload but not used within a few seconds from the window's load event. Please make sure it has an appropriate `as` value and it is preloaded intentionally. @ http://localhost:3005/crews/:0
[ 5135686ms] [WARNING] The resource http://localhost:3005/_next/static/css/app/layout.css?v=1772684176254 was preloaded using link preload but not used within a few seconds from the window's load event. Please make sure it has an appropriate `as` value and it is preloaded intentionally. @ http://localhost:3005/crews/:0
[ 5135686ms] [WARNING] The resource http://localhost:3005/_next/static/css/app/layout.css?v=1772684039210 was preloaded using link preload but not used within a few seconds from the window's load event. Please make sure it has an appropriate `as` value and it is preloaded intentionally. @ http://localhost:3005/crews/:0
[ 5135686ms] [WARNING] The resource http://localhost:3005/_next/static/css/app/layout.css?v=1772684331459 was preloaded using link preload but not used within a few seconds from the window's load event. Please make sure it has an appropriate `as` value and it is preloaded intentionally. @ http://localhost:3005/crews/:0
[ 5142100ms] [WARNING] The resource http://localhost:3005/_next/static/css/app/layout.css?v=1772684335690 was preloaded using link preload but not used within a few seconds from the window's load event. Please make sure it has an appropriate `as` value and it is preloaded intentionally. @ http://localhost:3005/crews/:0
[ 5142100ms] [WARNING] The resource http://localhost:3005/_next/static/css/app/layout.css?v=1772684176254 was preloaded using link preload but not used within a few seconds from the window's load event. Please make sure it has an appropriate `as` value and it is preloaded intentionally. @ http://localhost:3005/crews/:0
[ 5142100ms] [WARNING] The resource http://localhost:3005/_next/static/css/app/layout.css?v=1772684039210 was preloaded using link preload but not used within a few seconds from the window's load event. Please make sure it has an appropriate `as` value and it is preloaded intentionally. @ http://localhost:3005/crews/:0
[ 5142100ms] [WARNING] The resource http://localhost:3005/_next/static/css/app/layout.css?v=1772684331459 was preloaded using link preload but not used within a few seconds from the window's load event. Please make sure it has an appropriate `as` value and it is preloaded intentionally. @ http://localhost:3005/crews/:0
[ 5145945ms] [WARNING] The resource http://localhost:3005/_next/static/css/app/layout.css?v=1772684335690 was preloaded using link preload but not used within a few seconds from the window's load event. Please make sure it has an appropriate `as` value and it is preloaded intentionally. @ http://localhost:3005/crews/:0
[ 5145945ms] [WARNING] The resource http://localhost:3005/_next/static/css/app/layout.css?v=1772684176254 was preloaded using link preload but not used within a few seconds from the window's load event. Please make sure it has an appropriate `as` value and it is preloaded intentionally. @ http://localhost:3005/crews/:0
[ 5145945ms] [WARNING] The resource http://localhost:3005/_next/static/css/app/layout.css?v=1772684039210 was preloaded using link preload but not used within a few seconds from the window's load event. Please make sure it has an appropriate `as` value and it is preloaded intentionally. @ http://localhost:3005/crews/:0
[ 5145945ms] [WARNING] The resource http://localhost:3005/_next/static/css/app/layout.css?v=1772684331459 was preloaded using link preload but not used within a few seconds from the window's load event. Please make sure it has an appropriate `as` value and it is preloaded intentionally. @ http://localhost:3005/crews/:0
[ 5150228ms] [WARNING] The resource http://localhost:3005/_next/static/css/app/layout.css?v=1772684335690 was preloaded using link preload but not used within a few seconds from the window's load event. Please make sure it has an appropriate `as` value and it is preloaded intentionally. @ http://localhost:3005/crews/:0
[ 5150228ms] [WARNING] The resource http://localhost:3005/_next/static/css/app/layout.css?v=1772684176254 was preloaded using link preload but not used within a few seconds from the window's load event. Please make sure it has an appropriate `as` value and it is preloaded intentionally. @ http://localhost:3005/crews/:0
[ 5150228ms] [WARNING] The resource http://localhost:3005/_next/static/css/app/layout.css?v=1772684039210 was preloaded using link preload but not used within a few seconds from the window's load event. Please make sure it has an appropriate `as` value and it is preloaded intentionally. @ http://localhost:3005/crews/:0
[ 5150228ms] [WARNING] The resource http://localhost:3005/_next/static/css/app/layout.css?v=1772684331459 was preloaded using link preload but not used within a few seconds from the window's load event. Please make sure it has an appropriate `as` value and it is preloaded intentionally. @ http://localhost:3005/crews/:0
[ 5162386ms] [WARNING] The resource http://localhost:3005/_next/static/css/app/layout.css?v=1772684335690 was preloaded using link preload but not used within a few seconds from the window's load event. Please make sure it has an appropriate `as` value and it is preloaded intentionally. @ http://localhost:3005/crews/:0
[ 5162386ms] [WARNING] The resource http://localhost:3005/_next/static/css/app/layout.css?v=1772684176254 was preloaded using link preload but not used within a few seconds from the window's load event. Please make sure it has an appropriate `as` value and it is preloaded intentionally. @ http://localhost:3005/crews/:0
[ 5162386ms] [WARNING] The resource http://localhost:3005/_next/static/css/app/layout.css?v=1772684039210 was preloaded using link preload but not used within a few seconds from the window's load event. Please make sure it has an appropriate `as` value and it is preloaded intentionally. @ http://localhost:3005/crews/:0
[ 5162386ms] [WARNING] The resource http://localhost:3005/_next/static/css/app/layout.css?v=1772684331459 was preloaded using link preload but not used within a few seconds from the window's load event. Please make sure it has an appropriate `as` value and it is preloaded intentionally. @ http://localhost:3005/crews/:0
[ 5249919ms] [WARNING] The resource http://localhost:3005/_next/static/css/app/layout.css?v=1772684335690 was preloaded using link preload but not used within a few seconds from the window's load event. Please make sure it has an appropriate `as` value and it is preloaded intentionally. @ http://localhost:3005/crews/:0
[ 5249919ms] [WARNING] The resource http://localhost:3005/_next/static/css/app/layout.css?v=1772684176254 was preloaded using link preload but not used within a few seconds from the window's load event. Please make sure it has an appropriate `as` value and it is preloaded intentionally. @ http://localhost:3005/crews/:0
[ 5249920ms] [WARNING] The resource http://localhost:3005/_next/static/css/app/layout.css?v=1772684039210 was preloaded using link preload but not used within a few seconds from the window's load event. Please make sure it has an appropriate `as` value and it is preloaded intentionally. @ http://localhost:3005/crews/:0
[ 5249920ms] [WARNING] The resource http://localhost:3005/_next/static/css/app/layout.css?v=1772684752372 was preloaded using link preload but not used within a few seconds from the window's load event. Please make sure it has an appropriate `as` value and it is preloaded intentionally. @ http://localhost:3005/crews/:0
[ 5249920ms] [WARNING] The resource http://localhost:3005/_next/static/css/app/layout.css?v=1772684331459 was preloaded using link preload but not used within a few seconds from the window's load event. Please make sure it has an appropriate `as` value and it is preloaded intentionally. @ http://localhost:3005/crews/:0
[ 5257302ms] [WARNING] The resource http://localhost:3005/_next/static/css/app/layout.css?v=1772684335690 was preloaded using link preload but not used within a few seconds from the window's load event. Please make sure it has an appropriate `as` value and it is preloaded intentionally. @ http://localhost:3005/crews/:0
[ 5257302ms] [WARNING] The resource http://localhost:3005/_next/static/css/app/layout.css?v=1772684176254 was preloaded using link preload but not used within a few seconds from the window's load event. Please make sure it has an appropriate `as` value and it is preloaded intentionally. @ http://localhost:3005/crews/:0
[ 5257302ms] [WARNING] The resource http://localhost:3005/_next/static/css/app/layout.css?v=1772684039210 was preloaded using link preload but not used within a few seconds from the window's load event. Please make sure it has an appropriate `as` value and it is preloaded intentionally. @ http://localhost:3005/crews/:0
[ 5257302ms] [WARNING] The resource http://localhost:3005/_next/static/css/app/layout.css?v=1772684331459 was preloaded using link preload but not used within a few seconds from the window's load event. Please make sure it has an appropriate `as` value and it is preloaded intentionally. @ http://localhost:3005/crews/:0
[ 5362030ms] [WARNING] The resource http://localhost:3005/_next/static/css/app/layout.css?v=1772684335690 was preloaded using link preload but not used within a few seconds from the window's load event. Please make sure it has an appropriate `as` value and it is preloaded intentionally. @ http://localhost:3005/crews/:0
[ 5362030ms] [WARNING] The resource http://localhost:3005/_next/static/css/app/layout.css?v=1772684176254 was preloaded using link preload but not used within a few seconds from the window's load event. Please make sure it has an appropriate `as` value and it is preloaded intentionally. @ http://localhost:3005/crews/:0
[ 5362030ms] [WARNING] The resource http://localhost:3005/_next/static/css/app/layout.css?v=1772684039210 was preloaded using link preload but not used within a few seconds from the window's load event. Please make sure it has an appropriate `as` value and it is preloaded intentionally. @ http://localhost:3005/crews/:0
[ 5362030ms] [WARNING] The resource http://localhost:3005/_next/static/css/app/layout.css?v=1772684331459 was preloaded using link preload but not used within a few seconds from the window's load event. Please make sure it has an appropriate `as` value and it is preloaded intentionally. @ http://localhost:3005/crews/:0
[ 5366351ms] [WARNING] The resource http://localhost:3005/_next/static/css/app/layout.css?v=1772684335690 was preloaded using link preload but not used within a few seconds from the window's load event. Please make sure it has an appropriate `as` value and it is preloaded intentionally. @ http://localhost:3005/crews/:0
[ 5366351ms] [WARNING] The resource http://localhost:3005/_next/static/css/app/layout.css?v=1772684176254 was preloaded using link preload but not used within a few seconds from the window's load event. Please make sure it has an appropriate `as` value and it is preloaded intentionally. @ http://localhost:3005/crews/:0
[ 5366351ms] [WARNING] The resource http://localhost:3005/_next/static/css/app/layout.css?v=1772684039210 was preloaded using link preload but not used within a few seconds from the window's load event. Please make sure it has an appropriate `as` value and it is preloaded intentionally. @ http://localhost:3005/crews/:0
[ 5366351ms] [WARNING] The resource http://localhost:3005/_next/static/css/app/layout.css?v=1772684331459 was preloaded using link preload but not used within a few seconds from the window's load event. Please make sure it has an appropriate `as` value and it is preloaded intentionally. @ http://localhost:3005/crews/:0
[ 5372535ms] [WARNING] The resource http://localhost:3005/_next/static/css/app/layout.css?v=1772684335690 was preloaded using link preload but not used within a few seconds from the window's load event. Please make sure it has an appropriate `as` value and it is preloaded intentionally. @ http://localhost:3005/crews/:0
[ 5372535ms] [WARNING] The resource http://localhost:3005/_next/static/css/app/layout.css?v=1772684176254 was preloaded using link preload but not used within a few seconds from the window's load event. Please make sure it has an appropriate `as` value and it is preloaded intentionally. @ http://localhost:3005/crews/:0
[ 5372535ms] [WARNING] The resource http://localhost:3005/_next/static/css/app/layout.css?v=1772684039210 was preloaded using link preload but not used within a few seconds from the window's load event. Please make sure it has an appropriate `as` value and it is preloaded intentionally. @ http://localhost:3005/crews/:0
[ 5372535ms] [WARNING] The resource http://localhost:3005/_next/static/css/app/layout.css?v=1772684331459 was preloaded using link preload but not used within a few seconds from the window's load event. Please make sure it has an appropriate `as` value and it is preloaded intentionally. @ http://localhost:3005/crews/:0
[ 5479073ms] [WARNING] The resource http://localhost:3005/_next/static/css/app/layout.css?v=1772684335690 was preloaded using link preload but not used within a few seconds from the window's load event. Please make sure it has an appropriate `as` value and it is preloaded intentionally. @ http://localhost:3005/crews/:0
[ 5479073ms] [WARNING] The resource http://localhost:3005/_next/static/css/app/layout.css?v=1772684176254 was preloaded using link preload but not used within a few seconds from the window's load event. Please make sure it has an appropriate `as` value and it is preloaded intentionally. @ http://localhost:3005/crews/:0
[ 5479073ms] [WARNING] The resource http://localhost:3005/_next/static/css/app/layout.css?v=1772684039210 was preloaded using link preload but not used within a few seconds from the window's load event. Please make sure it has an appropriate `as` value and it is preloaded intentionally. @ http://localhost:3005/crews/:0
[ 5479073ms] [WARNING] The resource http://localhost:3005/_next/static/css/app/layout.css?v=1772684331459 was preloaded using link preload but not used within a few seconds from the window's load event. Please make sure it has an appropriate `as` value and it is preloaded intentionally. @ http://localhost:3005/crews/:0
[ 5486412ms] [WARNING] The resource http://localhost:3005/_next/static/css/app/layout.css?v=1772684335690 was preloaded using link preload but not used within a few seconds from the window's load event. Please make sure it has an appropriate `as` value and it is preloaded intentionally. @ http://localhost:3005/crews/:0
[ 5486413ms] [WARNING] The resource http://localhost:3005/_next/static/css/app/layout.css?v=1772684176254 was preloaded using link preload but not used within a few seconds from the window's load event. Please make sure it has an appropriate `as` value and it is preloaded intentionally. @ http://localhost:3005/crews/:0
[ 5486413ms] [WARNING] The resource http://localhost:3005/_next/static/css/app/layout.css?v=1772684039210 was preloaded using link preload but not used within a few seconds from the window's load event. Please make sure it has an appropriate `as` value and it is preloaded intentionally. @ http://localhost:3005/crews/:0
[ 5486413ms] [WARNING] The resource http://localhost:3005/_next/static/css/app/layout.css?v=1772684331459 was preloaded using link preload but not used within a few seconds from the window's load event. Please make sure it has an appropriate `as` value and it is preloaded intentionally. @ http://localhost:3005/crews/:0
[ 6138217ms] [WARNING] The resource http://localhost:3005/_next/static/css/app/layout.css?v=1772684335690 was preloaded using link preload but not used within a few seconds from the window's load event. Please make sure it has an appropriate `as` value and it is preloaded intentionally. @ http://localhost:3005/crews/:0
[ 6138217ms] [WARNING] The resource http://localhost:3005/_next/static/css/app/layout.css?v=1772684176254 was preloaded using link preload but not used within a few seconds from the window's load event. Please make sure it has an appropriate `as` value and it is preloaded intentionally. @ http://localhost:3005/crews/:0
[ 6138217ms] [WARNING] The resource http://localhost:3005/_next/static/css/app/layout.css?v=1772684039210 was preloaded using link preload but not used within a few seconds from the window's load event. Please make sure it has an appropriate `as` value and it is preloaded intentionally. @ http://localhost:3005/crews/:0
[ 6138217ms] [WARNING] The resource http://localhost:3005/_next/static/css/app/layout.css?v=1772684331459 was preloaded using link preload but not used within a few seconds from the window's load event. Please make sure it has an appropriate `as` value and it is preloaded intentionally. @ http://localhost:3005/crews/:0
[ 6402190ms] [WARNING] The resource http://localhost:3005/_next/static/css/app/layout.css?v=1772684335690 was preloaded using link preload but not used within a few seconds from the window's load event. Please make sure it has an appropriate `as` value and it is preloaded intentionally. @ http://localhost:3005/crews/:0
[ 6402190ms] [WARNING] The resource http://localhost:3005/_next/static/css/app/layout.css?v=1772684176254 was preloaded using link preload but not used within a few seconds from the window's load event. Please make sure it has an appropriate `as` value and it is preloaded intentionally. @ http://localhost:3005/crews/:0
[ 6402190ms] [WARNING] The resource http://localhost:3005/_next/static/css/app/layout.css?v=1772684039210 was preloaded using link preload but not used within a few seconds from the window's load event. Please make sure it has an appropriate `as` value and it is preloaded intentionally. @ http://localhost:3005/crews/:0
[ 6402190ms] [WARNING] The resource http://localhost:3005/_next/static/css/app/layout.css?v=1772684331459 was preloaded using link preload but not used within a few seconds from the window's load event. Please make sure it has an appropriate `as` value and it is preloaded intentionally. @ http://localhost:3005/crews/:0
[ 6542223ms] [WARNING] The resource http://localhost:3005/_next/static/css/app/layout.css?v=1772684335690 was preloaded using link preload but not used within a few seconds from the window's load event. Please make sure it has an appropriate `as` value and it is preloaded intentionally. @ http://localhost:3005/crews/:0
[ 6542223ms] [WARNING] The resource http://localhost:3005/_next/static/css/app/layout.css?v=1772684176254 was preloaded using link preload but not used within a few seconds from the window's load event. Please make sure it has an appropriate `as` value and it is preloaded intentionally. @ http://localhost:3005/crews/:0
[ 6542223ms] [WARNING] The resource http://localhost:3005/_next/static/css/app/layout.css?v=1772684039210 was preloaded using link preload but not used within a few seconds from the window's load event. Please make sure it has an appropriate `as` value and it is preloaded intentionally. @ http://localhost:3005/crews/:0
[ 6542223ms] [WARNING] The resource http://localhost:3005/_next/static/css/app/layout.css?v=1772684331459 was preloaded using link preload but not used within a few seconds from the window's load event. Please make sure it has an appropriate `as` value and it is preloaded intentionally. @ http://localhost:3005/crews/:0
[ 6688778ms] [WARNING] The resource http://localhost:3005/_next/static/css/app/layout.css?v=1772684335690 was preloaded using link preload but not used within a few seconds from the window's load event. Please make sure it has an appropriate `as` value and it is preloaded intentionally. @ http://localhost:3005/crews/:0
[ 6688778ms] [WARNING] The resource http://localhost:3005/_next/static/css/app/layout.css?v=1772684176254 was preloaded using link preload but not used within a few seconds from the window's load event. Please make sure it has an appropriate `as` value and it is preloaded intentionally. @ http://localhost:3005/crews/:0
[ 6688778ms] [WARNING] The resource http://localhost:3005/_next/static/css/app/layout.css?v=1772684039210 was preloaded using link preload but not used within a few seconds from the window's load event. Please make sure it has an appropriate `as` value and it is preloaded intentionally. @ http://localhost:3005/crews/:0
[ 6688778ms] [WARNING] The resource http://localhost:3005/_next/static/css/app/layout.css?v=1772684331459 was preloaded using link preload but not used within a few seconds from the window's load event. Please make sure it has an appropriate `as` value and it is preloaded intentionally. @ http://localhost:3005/crews/:0
[ 6722244ms] [WARNING] The resource http://localhost:3005/_next/static/css/app/layout.css?v=1772684335690 was preloaded using link preload but not used within a few seconds from the window's load event. Please make sure it has an appropriate `as` value and it is preloaded intentionally. @ http://localhost:3005/crews/:0
[ 6722244ms] [WARNING] The resource http://localhost:3005/_next/static/css/app/layout.css?v=1772684176254 was preloaded using link preload but not used within a few seconds from the window's load event. Please make sure it has an appropriate `as` value and it is preloaded intentionally. @ http://localhost:3005/crews/:0
[ 6722244ms] [WARNING] The resource http://localhost:3005/_next/static/css/app/layout.css?v=1772684331459 was preloaded using link preload but not used within a few seconds from the window's load event. Please make sure it has an appropriate `as` value and it is preloaded intentionally. @ http://localhost:3005/crews/:0
[ 6722244ms] [WARNING] The resource http://localhost:3005/_next/static/css/app/layout.css?v=1772684039210 was preloaded using link preload but not used within a few seconds from the window's load event. Please make sure it has an appropriate `as` value and it is preloaded intentionally. @ http://localhost:3005/crews/:0
[ 6904268ms] [WARNING] The resource http://localhost:3005/_next/static/css/app/layout.css?v=1772684335690 was preloaded using link preload but not used within a few seconds from the window's load event. Please make sure it has an appropriate `as` value and it is preloaded intentionally. @ http://localhost:3005/crews/:0
[ 6904268ms] [WARNING] The resource http://localhost:3005/_next/static/css/app/layout.css?v=1772684176254 was preloaded using link preload but not used within a few seconds from the window's load event. Please make sure it has an appropriate `as` value and it is preloaded intentionally. @ http://localhost:3005/crews/:0
[ 6904268ms] [WARNING] The resource http://localhost:3005/_next/static/css/app/layout.css?v=1772684331459 was preloaded using link preload but not used within a few seconds from the window's load event. Please make sure it has an appropriate `as` value and it is preloaded intentionally. @ http://localhost:3005/crews/:0
[ 6904268ms] [WARNING] The resource http://localhost:3005/_next/static/css/app/layout.css?v=1772686406663 was preloaded using link preload but not used within a few seconds from the window's load event. Please make sure it has an appropriate `as` value and it is preloaded intentionally. @ http://localhost:3005/crews/:0
[ 6904268ms] [WARNING] The resource http://localhost:3005/_next/static/css/app/layout.css?v=1772684039210 was preloaded using link preload but not used within a few seconds from the window's load event. Please make sure it has an appropriate `as` value and it is preloaded intentionally. @ http://localhost:3005/crews/:0
[ 6909478ms] [WARNING] The resource http://localhost:3005/_next/static/css/app/layout.css?v=1772684335690 was preloaded using link preload but not used within a few seconds from the window's load event. Please make sure it has an appropriate `as` value and it is preloaded intentionally. @ http://localhost:3005/crews/:0
[ 6909478ms] [WARNING] The resource http://localhost:3005/_next/static/css/app/layout.css?v=1772684176254 was preloaded using link preload but not used within a few seconds from the window's load event. Please make sure it has an appropriate `as` value and it is preloaded intentionally. @ http://localhost:3005/crews/:0
[ 6909478ms] [WARNING] The resource http://localhost:3005/_next/static/css/app/layout.css?v=1772684331459 was preloaded using link preload but not used within a few seconds from the window's load event. Please make sure it has an appropriate `as` value and it is preloaded intentionally. @ http://localhost:3005/crews/:0
[ 6909478ms] [WARNING] The resource http://localhost:3005/_next/static/css/app/layout.css?v=1772684039210 was preloaded using link preload but not used within a few seconds from the window's load event. Please make sure it has an appropriate `as` value and it is preloaded intentionally. @ http://localhost:3005/crews/:0
[ 6980082ms] [WARNING] The resource http://localhost:3005/_next/static/css/app/layout.css?v=1772684335690 was preloaded using link preload but not used within a few seconds from the window's load event. Please make sure it has an appropriate `as` value and it is preloaded intentionally. @ http://localhost:3005/crews/:0
[ 6980082ms] [WARNING] The resource http://localhost:3005/_next/static/css/app/layout.css?v=1772684176254 was preloaded using link preload but not used within a few seconds from the window's load event. Please make sure it has an appropriate `as` value and it is preloaded intentionally. @ http://localhost:3005/crews/:0
[ 6980082ms] [WARNING] The resource http://localhost:3005/_next/static/css/app/layout.css?v=1772684331459 was preloaded using link preload but not used within a few seconds from the window's load event. Please make sure it has an appropriate `as` value and it is preloaded intentionally. @ http://localhost:3005/crews/:0
[ 6980082ms] [WARNING] The resource http://localhost:3005/_next/static/css/app/layout.css?v=1772684039210 was preloaded using link preload but not used within a few seconds from the window's load event. Please make sure it has an appropriate `as` value and it is preloaded intentionally. @ http://localhost:3005/crews/:0
[ 7013615ms] [WARNING] The resource http://localhost:3005/_next/static/css/app/layout.css?v=1772684335690 was preloaded using link preload but not used within a few seconds from the window's load event. Please make sure it has an appropriate `as` value and it is preloaded intentionally. @ http://localhost:3005/crews/:0
[ 7013615ms] [WARNING] The resource http://localhost:3005/_next/static/css/app/layout.css?v=1772684176254 was preloaded using link preload but not used within a few seconds from the window's load event. Please make sure it has an appropriate `as` value and it is preloaded intentionally. @ http://localhost:3005/crews/:0
[ 7013615ms] [WARNING] The resource http://localhost:3005/_next/static/css/app/layout.css?v=1772684039210 was preloaded using link preload but not used within a few seconds from the window's load event. Please make sure it has an appropriate `as` value and it is preloaded intentionally. @ http://localhost:3005/crews/:0
[ 7013615ms] [WARNING] The resource http://localhost:3005/_next/static/css/app/layout.css?v=1772684331459 was preloaded using link preload but not used within a few seconds from the window's load event. Please make sure it has an appropriate `as` value and it is preloaded intentionally. @ http://localhost:3005/crews/:0
[ 7067533ms] [WARNING] The resource http://localhost:3005/_next/static/css/app/layout.css?v=1772684335690 was preloaded using link preload but not used within a few seconds from the window's load event. Please make sure it has an appropriate `as` value and it is preloaded intentionally. @ http://localhost:3005/crews/:0
[ 7067534ms] [WARNING] The resource http://localhost:3005/_next/static/css/app/layout.css?v=1772684176254 was preloaded using link preload but not used within a few seconds from the window's load event. Please make sure it has an appropriate `as` value and it is preloaded intentionally. @ http://localhost:3005/crews/:0
[ 7067534ms] [WARNING] The resource http://localhost:3005/_next/static/css/app/layout.css?v=1772684039210 was preloaded using link preload but not used within a few seconds from the window's load event. Please make sure it has an appropriate `as` value and it is preloaded intentionally. @ http://localhost:3005/crews/:0
[ 7067534ms] [WARNING] The resource http://localhost:3005/_next/static/css/app/layout.css?v=1772684331459 was preloaded using link preload but not used within a few seconds from the window's load event. Please make sure it has an appropriate `as` value and it is preloaded intentionally. @ http://localhost:3005/crews/:0
[ 7142834ms] [WARNING] The resource http://localhost:3005/_next/static/css/app/layout.css?v=1772684335690 was preloaded using link preload but not used within a few seconds from the window's load event. Please make sure it has an appropriate `as` value and it is preloaded intentionally. @ http://localhost:3005/crews/:0
[ 7142834ms] [WARNING] The resource http://localhost:3005/_next/static/css/app/layout.css?v=1772684176254 was preloaded using link preload but not used within a few seconds from the window's load event. Please make sure it has an appropriate `as` value and it is preloaded intentionally. @ http://localhost:3005/crews/:0
[ 7142834ms] [WARNING] The resource http://localhost:3005/_next/static/css/app/layout.css?v=1772684039210 was preloaded using link preload but not used within a few seconds from the window's load event. Please make sure it has an appropriate `as` value and it is preloaded intentionally. @ http://localhost:3005/crews/:0
[ 7142834ms] [WARNING] The resource http://localhost:3005/_next/static/css/app/layout.css?v=1772684331459 was preloaded using link preload but not used within a few seconds from the window's load event. Please make sure it has an appropriate `as` value and it is preloaded intentionally. @ http://localhost:3005/crews/:0
[ 7209704ms] [WARNING] The resource http://localhost:3005/_next/static/css/app/layout.css?v=1772684335690 was preloaded using link preload but not used within a few seconds from the window's load event. Please make sure it has an appropriate `as` value and it is preloaded intentionally. @ http://localhost:3005/crews/:0
[ 7209704ms] [WARNING] The resource http://localhost:3005/_next/static/css/app/layout.css?v=1772684176254 was preloaded using link preload but not used within a few seconds from the window's load event. Please make sure it has an appropriate `as` value and it is preloaded intentionally. @ http://localhost:3005/crews/:0
[ 7209704ms] [WARNING] The resource http://localhost:3005/_next/static/css/app/layout.css?v=1772684331459 was preloaded using link preload but not used within a few seconds from the window's load event. Please make sure it has an appropriate `as` value and it is preloaded intentionally. @ http://localhost:3005/crews/:0
[ 7209704ms] [WARNING] The resource http://localhost:3005/_next/static/css/app/layout.css?v=1772684039210 was preloaded using link preload but not used within a few seconds from the window's load event. Please make sure it has an appropriate `as` value and it is preloaded intentionally. @ http://localhost:3005/crews/:0
[ 7221416ms] [WARNING] The resource http://localhost:3005/_next/static/css/app/layout.css?v=1772684335690 was preloaded using link preload but not used within a few seconds from the window's load event. Please make sure it has an appropriate `as` value and it is preloaded intentionally. @ http://localhost:3005/crews/:0
[ 7221416ms] [WARNING] The resource http://localhost:3005/_next/static/css/app/layout.css?v=1772684176254 was preloaded using link preload but not used within a few seconds from the window's load event. Please make sure it has an appropriate `as` value and it is preloaded intentionally. @ http://localhost:3005/crews/:0
[ 7221416ms] [WARNING] The resource http://localhost:3005/_next/static/css/app/layout.css?v=1772684331459 was preloaded using link preload but not used within a few seconds from the window's load event. Please make sure it has an appropriate `as` value and it is preloaded intentionally. @ http://localhost:3005/crews/:0
[ 7221416ms] [WARNING] The resource http://localhost:3005/_next/static/css/app/layout.css?v=1772684039210 was preloaded using link preload but not used within a few seconds from the window's load event. Please make sure it has an appropriate `as` value and it is preloaded intentionally. @ http://localhost:3005/crews/:0
[ 7755597ms] [WARNING] The resource http://localhost:3005/_next/static/css/app/layout.css?v=1772684335690 was preloaded using link preload but not used within a few seconds from the window's load event. Please make sure it has an appropriate `as` value and it is preloaded intentionally. @ http://localhost:3005/crews/:0
[ 7755597ms] [WARNING] The resource http://localhost:3005/_next/static/css/app/layout.css?v=1772684176254 was preloaded using link preload but not used within a few seconds from the window's load event. Please make sure it has an appropriate `as` value and it is preloaded intentionally. @ http://localhost:3005/crews/:0
[ 7755597ms] [WARNING] The resource http://localhost:3005/_next/static/css/app/layout.css?v=1772684331459 was preloaded using link preload but not used within a few seconds from the window's load event. Please make sure it has an appropriate `as` value and it is preloaded intentionally. @ http://localhost:3005/crews/:0
[ 7755597ms] [WARNING] The resource http://localhost:3005/_next/static/css/app/layout.css?v=1772684039210 was preloaded using link preload but not used within a few seconds from the window's load event. Please make sure it has an appropriate `as` value and it is preloaded intentionally. @ http://localhost:3005/crews/:0
[ 8846291ms] [ERROR] ./components/shared/header/Profile.tsx:1:1
Module not found: Can't resolve '@/public/images/0/profile.png'
> 1 | import avatar from "@/public/images/0/profile.png";
    | ^
  2 |
  3 | import Image from "next/image";
  4 | import Link from "next/link";

https://nextjs.org/docs/messages/module-not-found

Import trace for requested module:
./components/shared/Header.tsx @ webpack-internal:///(app-pages-browser)/./node_modules/next/dist/client/app-index.js:32
[ 8849455ms] [WARNING] The resource http://localhost:3005/_next/static/css/app/layout.css?v=1772684335690 was preloaded using link preload but not used within a few seconds from the window's load event. Please make sure it has an appropriate `as` value and it is preloaded intentionally. @ http://localhost:3005/crews/:0
[ 8849455ms] [WARNING] The resource http://localhost:3005/_next/static/css/app/layout.css?v=1772684176254 was preloaded using link preload but not used within a few seconds from the window's load event. Please make sure it has an appropriate `as` value and it is preloaded intentionally. @ http://localhost:3005/crews/:0
[ 8849455ms] [WARNING] The resource http://localhost:3005/_next/static/css/app/layout.css?v=1772684331459 was preloaded using link preload but not used within a few seconds from the window's load event. Please make sure it has an appropriate `as` value and it is preloaded intentionally. @ http://localhost:3005/crews/:0
[ 8849455ms] [WARNING] The resource http://localhost:3005/_next/static/css/app/layout.css?v=1772684039210 was preloaded using link preload but not used within a few seconds from the window's load event. Please make sure it has an appropriate `as` value and it is preloaded intentionally. @ http://localhost:3005/crews/:0
[ 8851714ms] [WARNING] [Fast Refresh] performing full reload

Fast Refresh will perform a full reload when you edit a file that's imported by modules outside of the React rendering tree.
You might have a file which exports a React component but also exports a value that is imported by a non-React component file.
Consider migrating the non-React component export to a separate file and importing it into both files.

It is also possible the parent component of the component you edited is a class component, which disables Fast Refresh.
Fast Refresh requires at least one parent function component in your React tree. @ webpack-internal:///(app-pages-browser)/./node_modules/next/dist/client/components/react-dev-overlay/app/hot-reloader-client.js:112
[ 8852352ms] [ERROR] Failed to load resource: the server responded with a status of 404 (Not Found) @ http://localhost:3005/crews/?_rsc=1tj97:0
[ 8853111ms] [ERROR] Failed to fetch RSC payload for http://localhost:3005/crews/. Falling back to browser navigation. TypeError: network error @ webpack-internal:///(app-pages-browser)/./node_modules/next/dist/client/app-index.js:32
[ 8854411ms] [ERROR] Warning: Extra attributes from the server: %s%s style 
    at body
    at html
    at RootLayout (Server)
    at RedirectErrorBoundary (webpack-internal:///(app-pages-browser)/./node_modules/next/dist/client/components/redirect-boundary.js:74:9)
    at RedirectBoundary (webpack-internal:///(app-pages-browser)/./node_modules/next/dist/client/components/redirect-boundary.js:82:11)
    at NotFoundErrorBoundary (webpack-internal:///(app-pages-browser)/./node_modules/next/dist/client/components/not-found-boundary.js:76:9)
    at NotFoundBoundary (webpack-internal:///(app-pages-browser)/./node_modules/next/dist/client/components/not-found-boundary.js:84:11)
    at DevRootNotFoundBoundary (webpack-internal:///(app-pages-browser)/./node_modules/next/dist/client/components/dev-root-not-found-boundary.js:33:11)
    at ReactDevOverlay (webpack-internal:///(app-pages-browser)/./node_modules/next/dist/client/components/react-dev-overlay/app/ReactDevOverlay.js:87:9)
    at HotReload (webpack-internal:///(app-pages-browser)/./node_modules/next/dist/client/components/react-dev-overlay/app/hot-reloader-client.js:321:11)
    at Router (webpack-internal:///(app-pages-browser)/./node_modules/next/dist/client/components/app-router.js:207:11)
    at ErrorBoundaryHandler (webpack-internal:///(app-pages-browser)/./node_modules/next/dist/client/components/error-boundary.js:113:9)
    at ErrorBoundary (webpack-internal:///(app-pages-browser)/./node_modules/next/dist/client/components/error-boundary.js:160:11)
    at AppRouter (webpack-internal:///(app-pages-browser)/./node_modules/next/dist/client/components/app-router.js:585:13)
    at ServerRoot (webpack-internal:///(app-pages-browser)/./node_modules/next/dist/client/app-index.js:112:27)
    at Root (webpack-internal:///(app-pages-browser)/./node_modules/next/dist/client/app-index.js:117:11) @ webpack-internal:///(app-pages-browser)/./node_modules/next/dist/client/app-index.js:32
[ 8863518ms] [ERROR] ./components/cluster-2/Cluster2Content.tsx
Error: 
  × Unexpected token `div`. Expected jsx identifier
      ╭─[C:\Users\ynlee\OneDrive\바탕 화면\커리어레쥬메\Carrer-Resume\components\cluster-2\Cluster2Content.tsx:1113:1]
 1113 │   }, []);
 1114 │ 
 1115 │   return (
 1116 │     <div className="cluster2-content">
      ·      ───
 1117 │       {/* PROFILE 헤더 */}
 1118 │       <div className="cluster2-title-wrapper">
 1118 │         <div className="title-inner">
      ╰────

Caused by:
    Syntax Error

Import trace for requested module:
./components/cluster-2/Cluster2Content.tsx
./app/(main-layout)/cluster-2/page.tsx @ webpack-internal:///(app-pages-browser)/./node_modules/next/dist/client/app-index.js:32
[ 8867598ms] [ERROR] ./components/cluster-2/Cluster2Content.tsx
Error: 
  × Unexpected token `div`. Expected jsx identifier
      ╭─[C:\Users\ynlee\OneDrive\바탕 화면\커리어레쥬메\Carrer-Resume\components\cluster-2\Cluster2Content.tsx:1113:1]
 1113 │   }, []);
 1114 │ 
 1115 │   return (
 1116 │     <div className="cluster2-content">
      ·      ───
 1117 │       {/* PROFILE 헤더 */}
 1118 │       <div className="cluster2-title-wrapper">
 1118 │         <div className="title-inner">
      ╰────

Caused by:
    Syntax Error

Import trace for requested module:
./components/cluster-2/Cluster2Content.tsx
./app/(main-layout)/cluster-2/page.tsx @ webpack-internal:///(app-pages-browser)/./node_modules/next/dist/client/app-index.js:32
[ 8868106ms] [ERROR] ./components/cluster-2/Cluster2Content.tsx
Error: 
  × Unexpected token `div`. Expected jsx identifier
      ╭─[C:\Users\ynlee\OneDrive\바탕 화면\커리어레쥬메\Carrer-Resume\components\cluster-2\Cluster2Content.tsx:1113:1]
 1113 │   }, []);
 1114 │ 
 1115 │   return (
 1116 │     <div className="cluster2-content">
      ·      ───
 1117 │       {/* PROFILE 헤더 */}
 1118 │       <div className="cluster2-title-wrapper">
 1118 │         <div className="title-inner">
      ╰────

Caused by:
    Syntax Error

Import trace for requested module:
./components/cluster-2/Cluster2Content.tsx
./app/(main-layout)/cluster-2/page.tsx @ webpack-internal:///(app-pages-browser)/./node_modules/next/dist/client/app-index.js:32
[ 8880134ms] [ERROR] ./components/cluster-2/Cluster2Content.tsx
Error: 
  × Unexpected token `div`. Expected jsx identifier
      ╭─[C:\Users\ynlee\OneDrive\바탕 화면\커리어레쥬메\Carrer-Resume\components\cluster-2\Cluster2Content.tsx:1113:1]
 1113 │   }, []);
 1114 │ 
 1115 │   return (
 1116 │     <div className="cluster2-content">
      ·      ───
 1117 │       {/* PROFILE 헤더 */}
 1118 │       <div className="cluster2-title-wrapper">
 1118 │         <div className="title-inner">
      ╰────

Caused by:
    Syntax Error

Import trace for requested module:
./components/cluster-2/Cluster2Content.tsx
./app/(main-layout)/cluster-2/page.tsx @ webpack-internal:///(app-pages-browser)/./node_modules/next/dist/client/app-index.js:32
