[     130ms] [LOG] [calculateScale] {screenWidth: 1920, innerHeight: 1080, browserZoom: 0.4921875, 계산값: 531.5625} @ webpack-internal:///(app-pages-browser)/./components/home-career/Sidebar.tsx:558
[     131ms] [LOG] [setCardScale] 0.55 @ webpack-internal:///(app-pages-browser)/./components/home-career/Sidebar.tsx:576
[     187ms] [LOG] [calculateScale] {screenWidth: 1920, innerHeight: 1080, browserZoom: 0.4921875, 계산값: 531.5625} @ webpack-internal:///(app-pages-browser)/./components/home-career/Sidebar.tsx:558
[     187ms] [LOG] [setCardScale] 0.55 @ webpack-internal:///(app-pages-browser)/./components/home-career/Sidebar.tsx:576
[     298ms] [LOG] [render cardScale] 0.55 @ webpack-internal:///(app-pages-browser)/./components/home-career/Sidebar.tsx:1661
[     299ms] [LOG] [render cardScale] 0.55 @ webpack-internal:///(app-pages-browser)/./components/home-career/Sidebar.tsx:1661
[     304ms] [LOG] [render cardScale] 0.55 @ webpack-internal:///(app-pages-browser)/./components/home-career/Sidebar.tsx:1661
[     305ms] [LOG] [render cardScale] 0.55 @ webpack-internal:///(app-pages-browser)/./components/home-career/Sidebar.tsx:1661
[     424ms] [LOG] [render cardScale] 0.55 @ webpack-internal:///(app-pages-browser)/./components/home-career/Sidebar.tsx:1661
[     424ms] [LOG] [render cardScale] 0.55 @ webpack-internal:///(app-pages-browser)/./components/home-career/Sidebar.tsx:1661
[     504ms] [LOG] [render cardScale] 0.55 @ webpack-internal:///(app-pages-browser)/./components/home-career/Sidebar.tsx:1661
[     505ms] [LOG] [render cardScale] 0.55 @ webpack-internal:///(app-pages-browser)/./components/home-career/Sidebar.tsx:1661
[     524ms] [LOG] [render cardScale] 0.55 @ webpack-internal:///(app-pages-browser)/./components/home-career/Sidebar.tsx:1661
[     525ms] [LOG] [render cardScale] 0.55 @ webpack-internal:///(app-pages-browser)/./components/home-career/Sidebar.tsx:1661
[     535ms] [LOG] [render cardScale] 0.55 @ webpack-internal:///(app-pages-browser)/./components/home-career/Sidebar.tsx:1661
[     536ms] [LOG] [render cardScale] 0.55 @ webpack-internal:///(app-pages-browser)/./components/home-career/Sidebar.tsx:1661
[     553ms] [LOG] [render cardScale] 0.55 @ webpack-internal:///(app-pages-browser)/./components/home-career/Sidebar.tsx:1661
[     554ms] [LOG] [render cardScale] 0.55 @ webpack-internal:///(app-pages-browser)/./components/home-career/Sidebar.tsx:1661
[     588ms] [LOG] [render cardScale] 0.55 @ webpack-internal:///(app-pages-browser)/./components/home-career/Sidebar.tsx:1661
[     588ms] [LOG] [render cardScale] 0.55 @ webpack-internal:///(app-pages-browser)/./components/home-career/Sidebar.tsx:1661
[     597ms] [LOG] [render cardScale] 0.55 @ webpack-internal:///(app-pages-browser)/./components/home-career/Sidebar.tsx:1661
[     598ms] [LOG] [render cardScale] 0.55 @ webpack-internal:///(app-pages-browser)/./components/home-career/Sidebar.tsx:1661
[     618ms] [LOG] [render cardScale] 0.55 @ webpack-internal:///(app-pages-browser)/./components/home-career/Sidebar.tsx:1661
[     618ms] [LOG] [render cardScale] 0.55 @ webpack-internal:///(app-pages-browser)/./components/home-career/Sidebar.tsx:1661
[     623ms] [LOG] [render cardScale] 0.55 @ webpack-internal:///(app-pages-browser)/./components/home-career/Sidebar.tsx:1661
[     623ms] [LOG] [render cardScale] 0.55 @ webpack-internal:///(app-pages-browser)/./components/home-career/Sidebar.tsx:1661
[     654ms] [LOG] [render cardScale] 0.55 @ webpack-internal:///(app-pages-browser)/./components/home-career/Sidebar.tsx:1661
[     655ms] [LOG] [render cardScale] 0.55 @ webpack-internal:///(app-pages-browser)/./components/home-career/Sidebar.tsx:1661
[     684ms] [LOG] [render cardScale] 0.55 @ webpack-internal:///(app-pages-browser)/./components/home-career/Sidebar.tsx:1661
[     684ms] [LOG] [render cardScale] 0.55 @ webpack-internal:///(app-pages-browser)/./components/home-career/Sidebar.tsx:1661
[     692ms] [LOG] [render cardScale] 0.55 @ webpack-internal:///(app-pages-browser)/./components/home-career/Sidebar.tsx:1661
[     693ms] [LOG] [render cardScale] 0.55 @ webpack-internal:///(app-pages-browser)/./components/home-career/Sidebar.tsx:1661
[     736ms] [LOG] [render cardScale] 0.55 @ webpack-internal:///(app-pages-browser)/./components/home-career/Sidebar.tsx:1661
[     736ms] [LOG] [render cardScale] 0.55 @ webpack-internal:///(app-pages-browser)/./components/home-career/Sidebar.tsx:1661
[     742ms] [LOG] [render cardScale] 0.55 @ webpack-internal:///(app-pages-browser)/./components/home-career/Sidebar.tsx:1661
[     743ms] [LOG] [render cardScale] 0.55 @ webpack-internal:///(app-pages-browser)/./components/home-career/Sidebar.tsx:1661
[     756ms] [LOG] [render cardScale] 0.55 @ webpack-internal:///(app-pages-browser)/./components/home-career/Sidebar.tsx:1661
[     757ms] [LOG] [render cardScale] 0.55 @ webpack-internal:///(app-pages-browser)/./components/home-career/Sidebar.tsx:1661
[     769ms] [LOG] [render cardScale] 0.55 @ webpack-internal:///(app-pages-browser)/./components/home-career/Sidebar.tsx:1661
[     769ms] [LOG] [render cardScale] 0.55 @ webpack-internal:///(app-pages-browser)/./components/home-career/Sidebar.tsx:1661
[     784ms] [LOG] [render cardScale] 0.55 @ webpack-internal:///(app-pages-browser)/./components/home-career/Sidebar.tsx:1661
[     785ms] [LOG] [render cardScale] 0.55 @ webpack-internal:///(app-pages-browser)/./components/home-career/Sidebar.tsx:1661
[     789ms] [LOG] [render cardScale] 0.55 @ webpack-internal:///(app-pages-browser)/./components/home-career/Sidebar.tsx:1661
[     790ms] [LOG] [render cardScale] 0.55 @ webpack-internal:///(app-pages-browser)/./components/home-career/Sidebar.tsx:1661
[     815ms] [LOG] [render cardScale] 0.55 @ webpack-internal:///(app-pages-browser)/./components/home-career/Sidebar.tsx:1661
[     816ms] [LOG] [render cardScale] 0.55 @ webpack-internal:///(app-pages-browser)/./components/home-career/Sidebar.tsx:1661
[     821ms] [LOG] [render cardScale] 0.55 @ webpack-internal:///(app-pages-browser)/./components/home-career/Sidebar.tsx:1661
[     821ms] [LOG] [render cardScale] 0.55 @ webpack-internal:///(app-pages-browser)/./components/home-career/Sidebar.tsx:1661
[     857ms] [LOG] [render cardScale] 0.55 @ webpack-internal:///(app-pages-browser)/./components/home-career/Sidebar.tsx:1661
[     857ms] [LOG] [render cardScale] 0.55 @ webpack-internal:///(app-pages-browser)/./components/home-career/Sidebar.tsx:1661
[     972ms] [LOG] [render cardScale] 0.55 @ webpack-internal:///(app-pages-browser)/./components/home-career/Sidebar.tsx:1661
[     972ms] [LOG] [render cardScale] 0.55 @ webpack-internal:///(app-pages-browser)/./components/home-career/Sidebar.tsx:1661
[     987ms] [LOG] [render cardScale] 0.55 @ webpack-internal:///(app-pages-browser)/./components/home-career/Sidebar.tsx:1661
[     988ms] [LOG] [render cardScale] 0.55 @ webpack-internal:///(app-pages-browser)/./components/home-career/Sidebar.tsx:1661
[    1016ms] [LOG] [render cardScale] 0.55 @ webpack-internal:///(app-pages-browser)/./components/home-career/Sidebar.tsx:1661
[    1016ms] [LOG] [render cardScale] 0.55 @ webpack-internal:///(app-pages-browser)/./components/home-career/Sidebar.tsx:1661
[    1020ms] [LOG] [render cardScale] 0.55 @ webpack-internal:///(app-pages-browser)/./components/home-career/Sidebar.tsx:1661
[    1020ms] [LOG] [render cardScale] 0.55 @ webpack-internal:///(app-pages-browser)/./components/home-career/Sidebar.tsx:1661
[    1056ms] [LOG] [render cardScale] 0.55 @ webpack-internal:///(app-pages-browser)/./components/home-career/Sidebar.tsx:1661
[    1056ms] [LOG] [render cardScale] 0.55 @ webpack-internal:///(app-pages-browser)/./components/home-career/Sidebar.tsx:1661
[    1063ms] [LOG] [render cardScale] 0.55 @ webpack-internal:///(app-pages-browser)/./components/home-career/Sidebar.tsx:1661
[    1063ms] [LOG] [render cardScale] 0.55 @ webpack-internal:///(app-pages-browser)/./components/home-career/Sidebar.tsx:1661
[    1086ms] [LOG] [render cardScale] 0.55 @ webpack-internal:///(app-pages-browser)/./components/home-career/Sidebar.tsx:1661
[    1086ms] [LOG] [render cardScale] 0.55 @ webpack-internal:///(app-pages-browser)/./components/home-career/Sidebar.tsx:1661
[    1090ms] [LOG] [render cardScale] 0.55 @ webpack-internal:///(app-pages-browser)/./components/home-career/Sidebar.tsx:1661
[    1090ms] [LOG] [render cardScale] 0.55 @ webpack-internal:///(app-pages-browser)/./components/home-career/Sidebar.tsx:1661
[    1116ms] [LOG] [render cardScale] 0.55 @ webpack-internal:///(app-pages-browser)/./components/home-career/Sidebar.tsx:1661
[    1116ms] [LOG] [render cardScale] 0.55 @ webpack-internal:///(app-pages-browser)/./components/home-career/Sidebar.tsx:1661
[    1120ms] [LOG] [render cardScale] 0.55 @ webpack-internal:///(app-pages-browser)/./components/home-career/Sidebar.tsx:1661
[    1120ms] [LOG] [render cardScale] 0.55 @ webpack-internal:///(app-pages-browser)/./components/home-career/Sidebar.tsx:1661
[    1147ms] [LOG] [render cardScale] 0.55 @ webpack-internal:///(app-pages-browser)/./components/home-career/Sidebar.tsx:1661
[    1147ms] [LOG] [render cardScale] 0.55 @ webpack-internal:///(app-pages-browser)/./components/home-career/Sidebar.tsx:1661
[    1153ms] [LOG] [render cardScale] 0.55 @ webpack-internal:///(app-pages-browser)/./components/home-career/Sidebar.tsx:1661
[    1154ms] [LOG] [render cardScale] 0.55 @ webpack-internal:///(app-pages-browser)/./components/home-career/Sidebar.tsx:1661
[    1179ms] [LOG] [render cardScale] 0.55 @ webpack-internal:///(app-pages-browser)/./components/home-career/Sidebar.tsx:1661
[    1179ms] [LOG] [render cardScale] 0.55 @ webpack-internal:///(app-pages-browser)/./components/home-career/Sidebar.tsx:1661
[    1183ms] [LOG] [render cardScale] 0.55 @ webpack-internal:///(app-pages-browser)/./components/home-career/Sidebar.tsx:1661
[    1184ms] [LOG] [render cardScale] 0.55 @ webpack-internal:///(app-pages-browser)/./components/home-career/Sidebar.tsx:1661
[    1211ms] [LOG] [render cardScale] 0.55 @ webpack-internal:///(app-pages-browser)/./components/home-career/Sidebar.tsx:1661
[    1212ms] [LOG] [render cardScale] 0.55 @ webpack-internal:///(app-pages-browser)/./components/home-career/Sidebar.tsx:1661
[    1216ms] [LOG] [render cardScale] 0.55 @ webpack-internal:///(app-pages-browser)/./components/home-career/Sidebar.tsx:1661
[    1216ms] [LOG] [render cardScale] 0.55 @ webpack-internal:///(app-pages-browser)/./components/home-career/Sidebar.tsx:1661
[    1245ms] [LOG] [render cardScale] 0.55 @ webpack-internal:///(app-pages-browser)/./components/home-career/Sidebar.tsx:1661
[    1246ms] [LOG] [render cardScale] 0.55 @ webpack-internal:///(app-pages-browser)/./components/home-career/Sidebar.tsx:1661
[    1249ms] [LOG] [render cardScale] 0.55 @ webpack-internal:///(app-pages-browser)/./components/home-career/Sidebar.tsx:1661
[    1250ms] [LOG] [render cardScale] 0.55 @ webpack-internal:///(app-pages-browser)/./components/home-career/Sidebar.tsx:1661
[    1279ms] [LOG] [render cardScale] 0.55 @ webpack-internal:///(app-pages-browser)/./components/home-career/Sidebar.tsx:1661
[    1280ms] [LOG] [render cardScale] 0.55 @ webpack-internal:///(app-pages-browser)/./components/home-career/Sidebar.tsx:1661
[    1284ms] [LOG] [render cardScale] 0.55 @ webpack-internal:///(app-pages-browser)/./components/home-career/Sidebar.tsx:1661
[    1284ms] [LOG] [render cardScale] 0.55 @ webpack-internal:///(app-pages-browser)/./components/home-career/Sidebar.tsx:1661
[    1311ms] [LOG] [render cardScale] 0.55 @ webpack-internal:///(app-pages-browser)/./components/home-career/Sidebar.tsx:1661
[    1312ms] [LOG] [render cardScale] 0.55 @ webpack-internal:///(app-pages-browser)/./components/home-career/Sidebar.tsx:1661
[    1317ms] [LOG] [render cardScale] 0.55 @ webpack-internal:///(app-pages-browser)/./components/home-career/Sidebar.tsx:1661
[    1317ms] [LOG] [render cardScale] 0.55 @ webpack-internal:///(app-pages-browser)/./components/home-career/Sidebar.tsx:1661
[    1345ms] [LOG] [render cardScale] 0.55 @ webpack-internal:///(app-pages-browser)/./components/home-career/Sidebar.tsx:1661
[    1346ms] [LOG] [render cardScale] 0.55 @ webpack-internal:///(app-pages-browser)/./components/home-career/Sidebar.tsx:1661
[    1350ms] [LOG] [render cardScale] 0.55 @ webpack-internal:///(app-pages-browser)/./components/home-career/Sidebar.tsx:1661
[    1350ms] [LOG] [render cardScale] 0.55 @ webpack-internal:///(app-pages-browser)/./components/home-career/Sidebar.tsx:1661
[    1378ms] [LOG] [render cardScale] 0.55 @ webpack-internal:///(app-pages-browser)/./components/home-career/Sidebar.tsx:1661
[    1379ms] [LOG] [render cardScale] 0.55 @ webpack-internal:///(app-pages-browser)/./components/home-career/Sidebar.tsx:1661
[    1382ms] [LOG] [render cardScale] 0.55 @ webpack-internal:///(app-pages-browser)/./components/home-career/Sidebar.tsx:1661
[    1383ms] [LOG] [render cardScale] 0.55 @ webpack-internal:///(app-pages-browser)/./components/home-career/Sidebar.tsx:1661
[    1412ms] [LOG] [render cardScale] 0.55 @ webpack-internal:///(app-pages-browser)/./components/home-career/Sidebar.tsx:1661
[    1413ms] [LOG] [render cardScale] 0.55 @ webpack-internal:///(app-pages-browser)/./components/home-career/Sidebar.tsx:1661
[    1418ms] [LOG] [render cardScale] 0.55 @ webpack-internal:///(app-pages-browser)/./components/home-career/Sidebar.tsx:1661
[    1418ms] [LOG] [render cardScale] 0.55 @ webpack-internal:///(app-pages-browser)/./components/home-career/Sidebar.tsx:1661
[    1445ms] [LOG] [render cardScale] 0.55 @ webpack-internal:///(app-pages-browser)/./components/home-career/Sidebar.tsx:1661
[    1446ms] [LOG] [render cardScale] 0.55 @ webpack-internal:///(app-pages-browser)/./components/home-career/Sidebar.tsx:1661
[    1451ms] [LOG] [render cardScale] 0.55 @ webpack-internal:///(app-pages-browser)/./components/home-career/Sidebar.tsx:1661
[    1451ms] [LOG] [render cardScale] 0.55 @ webpack-internal:///(app-pages-browser)/./components/home-career/Sidebar.tsx:1661
[    1654ms] [LOG] [render cardScale] 0.55 @ webpack-internal:///(app-pages-browser)/./components/home-career/Sidebar.tsx:1661
[    1654ms] [LOG] [render cardScale] 0.55 @ webpack-internal:///(app-pages-browser)/./components/home-career/Sidebar.tsx:1661
[    1698ms] [WARNING] Image with src "/images/0/cluster 1/Image.png" has either width or height modified, but not the other. If you use CSS to change the size of your image, also include the styles 'width: "auto"' or 'height: "auto"' to maintain the aspect ratio. @ webpack-internal:///(app-pages-browser)/./node_modules/next/dist/shared/lib/utils/warn-once.js:15
[    1880ms] [ERROR] [next-auth][error][CLIENT_FETCH_ERROR] 
https://next-auth.js.org/errors#client_fetch_error Failed to fetch {error: Object, url: /api/auth/session, message: Failed to fetch} @ webpack-internal:///(app-pages-browser)/./node_modules/next/dist/client/app-index.js:32
[    2255ms] [INFO] %cDownload the React DevTools for a better development experience: https://reactjs.org/link/react-devtools font-weight:bold @ webpack-internal:///(app-pages-browser)/./node_modules/next/dist/compiled/react-dom/cjs/react-dom.development.js:38559
[    2353ms] [ERROR] Warning: Prop `%s` did not match. Server: %s Client: %s%s style "opacity: 0;" "opacity:0" 
    at body
    at html
    at RootLayout (Server)
    at RedirectErrorBoundary (webpack-internal:///(app-pages-browser)/./node_modules/next/dist/client/components/redirect-boundary.js:74:9)
    at RedirectBoundary (webpack-internal:///(app-pages-browser)/./node_modules/next/dist/client/components/redirect-boundary.js:82:11)
    at NotFoundErrorBoundary (webpack-internal:///(app-pages-browser)/./node_modules/next/dist/client/components/not-found-boundary.js:76:9)
    at NotFoundBoundary (webpack-internal:///(app-pages-browser)/./node_modules/next/dist/client/components/not-found-boundary.js:84:11)
    at DevRootNotFoundBoundary (webpack-internal:///(app-pages-browser)/./node_modules/next/dist/client/components/dev-root-not-found-boundary.js:33:11)
    at ReactDevOverlay (webpack-internal:///(app-pages-browser)/./node_modules/next/dist/client/components/react-dev-overlay/app/ReactDevOverlay.js:87:9)
    at HotReload (webpack-internal:///(app-pages-browser)/./node_modules/next/dist/client/components/react-dev-overlay/app/hot-reloader-client.js:321:11)
    at Router (webpack-internal:///(app-pages-browser)/./node_modules/next/dist/client/components/app-router.js:207:11)
    at ErrorBoundaryHandler (webpack-internal:///(app-pages-browser)/./node_modules/next/dist/client/components/error-boundary.js:113:9)
    at ErrorBoundary (webpack-internal:///(app-pages-browser)/./node_modules/next/dist/client/components/error-boundary.js:160:11)
    at AppRouter (webpack-internal:///(app-pages-browser)/./node_modules/next/dist/client/components/app-router.js:585:13)
    at ServerRoot (webpack-internal:///(app-pages-browser)/./node_modules/next/dist/client/app-index.js:112:27)
    at Root (webpack-internal:///(app-pages-browser)/./node_modules/next/dist/client/app-index.js:117:11) @ webpack-internal:///(app-pages-browser)/./node_modules/next/dist/client/app-index.js:32
[    2578ms] [LOG] [calculateScale] {screenWidth: 1920, innerHeight: 1080, browserZoom: 0.4921875, 계산값: 531.5625} @ webpack-internal:///(app-pages-browser)/./components/home-career/Sidebar.tsx:558
[    2579ms] [LOG] [setCardScale] 0.55 @ webpack-internal:///(app-pages-browser)/./components/home-career/Sidebar.tsx:576
[    2621ms] [LOG] [calculateScale] {screenWidth: 1920, innerHeight: 1080, browserZoom: 0.4921875, 계산값: 531.5625} @ webpack-internal:///(app-pages-browser)/./components/home-career/Sidebar.tsx:558
[    2621ms] [LOG] [setCardScale] 0.55 @ webpack-internal:///(app-pages-browser)/./components/home-career/Sidebar.tsx:576
[    2631ms] [LOG] [render cardScale] 0.55 @ webpack-internal:///(app-pages-browser)/./components/home-career/Sidebar.tsx:1661
[    2632ms] [LOG] [render cardScale] 0.55 @ webpack-internal:///(app-pages-browser)/./components/home-career/Sidebar.tsx:1661
[    2706ms] [LOG] [render cardScale] 0.55 @ webpack-internal:///(app-pages-browser)/./components/home-career/Sidebar.tsx:1661
[    2707ms] [LOG] [render cardScale] 0.55 @ webpack-internal:///(app-pages-browser)/./components/home-career/Sidebar.tsx:1661
[    2727ms] [LOG] [render cardScale] 0.55 @ webpack-internal:///(app-pages-browser)/./components/home-career/Sidebar.tsx:1661
[    2727ms] [LOG] [render cardScale] 0.55 @ webpack-internal:///(app-pages-browser)/./components/home-career/Sidebar.tsx:1661
[    2757ms] [LOG] [render cardScale] 0.55 @ webpack-internal:///(app-pages-browser)/./components/home-career/Sidebar.tsx:1661
[    2757ms] [LOG] [render cardScale] 0.55 @ webpack-internal:///(app-pages-browser)/./components/home-career/Sidebar.tsx:1661
[    2764ms] [LOG] [render cardScale] 0.55 @ webpack-internal:///(app-pages-browser)/./components/home-career/Sidebar.tsx:1661
[    2765ms] [LOG] [render cardScale] 0.55 @ webpack-internal:///(app-pages-browser)/./components/home-career/Sidebar.tsx:1661
[    2779ms] [WARNING] Image with src "/images/0/cluster 1/Image.png" has either width or height modified, but not the other. If you use CSS to change the size of your image, also include the styles 'width: "auto"' or 'height: "auto"' to maintain the aspect ratio. @ webpack-internal:///(app-pages-browser)/./node_modules/next/dist/shared/lib/utils/warn-once.js:15
[    2793ms] [LOG] [render cardScale] 0.55 @ webpack-internal:///(app-pages-browser)/./components/home-career/Sidebar.tsx:1661
[    2794ms] [LOG] [render cardScale] 0.55 @ webpack-internal:///(app-pages-browser)/./components/home-career/Sidebar.tsx:1661
[    2799ms] [LOG] [render cardScale] 0.55 @ webpack-internal:///(app-pages-browser)/./components/home-career/Sidebar.tsx:1661
[    2799ms] [LOG] [render cardScale] 0.55 @ webpack-internal:///(app-pages-browser)/./components/home-career/Sidebar.tsx:1661
[    2827ms] [LOG] [render cardScale] 0.55 @ webpack-internal:///(app-pages-browser)/./components/home-career/Sidebar.tsx:1661
[    2827ms] [LOG] [render cardScale] 0.55 @ webpack-internal:///(app-pages-browser)/./components/home-career/Sidebar.tsx:1661
[    2833ms] [LOG] [render cardScale] 0.55 @ webpack-internal:///(app-pages-browser)/./components/home-career/Sidebar.tsx:1661
[    2833ms] [LOG] [render cardScale] 0.55 @ webpack-internal:///(app-pages-browser)/./components/home-career/Sidebar.tsx:1661
[    2920ms] [LOG] [render cardScale] 0.55 @ webpack-internal:///(app-pages-browser)/./components/home-career/Sidebar.tsx:1661
[    2920ms] [LOG] [render cardScale] 0.55 @ webpack-internal:///(app-pages-browser)/./components/home-career/Sidebar.tsx:1661
[    2953ms] [LOG] [render cardScale] 0.55 @ webpack-internal:///(app-pages-browser)/./components/home-career/Sidebar.tsx:1661
[    2954ms] [LOG] [render cardScale] 0.55 @ webpack-internal:///(app-pages-browser)/./components/home-career/Sidebar.tsx:1661
[    2958ms] [LOG] [render cardScale] 0.55 @ webpack-internal:///(app-pages-browser)/./components/home-career/Sidebar.tsx:1661
[    2958ms] [LOG] [render cardScale] 0.55 @ webpack-internal:///(app-pages-browser)/./components/home-career/Sidebar.tsx:1661
[    2993ms] [LOG] [render cardScale] 0.55 @ webpack-internal:///(app-pages-browser)/./components/home-career/Sidebar.tsx:1661
[    2994ms] [LOG] [render cardScale] 0.55 @ webpack-internal:///(app-pages-browser)/./components/home-career/Sidebar.tsx:1661
[    2998ms] [LOG] [render cardScale] 0.55 @ webpack-internal:///(app-pages-browser)/./components/home-career/Sidebar.tsx:1661
[    2998ms] [LOG] [render cardScale] 0.55 @ webpack-internal:///(app-pages-browser)/./components/home-career/Sidebar.tsx:1661
[    3027ms] [LOG] [render cardScale] 0.55 @ webpack-internal:///(app-pages-browser)/./components/home-career/Sidebar.tsx:1661
[    3027ms] [LOG] [render cardScale] 0.55 @ webpack-internal:///(app-pages-browser)/./components/home-career/Sidebar.tsx:1661
[    3031ms] [LOG] [render cardScale] 0.55 @ webpack-internal:///(app-pages-browser)/./components/home-career/Sidebar.tsx:1661
[    3031ms] [LOG] [render cardScale] 0.55 @ webpack-internal:///(app-pages-browser)/./components/home-career/Sidebar.tsx:1661
[    3060ms] [LOG] [render cardScale] 0.55 @ webpack-internal:///(app-pages-browser)/./components/home-career/Sidebar.tsx:1661
[    3061ms] [LOG] [render cardScale] 0.55 @ webpack-internal:///(app-pages-browser)/./components/home-career/Sidebar.tsx:1661
[    3064ms] [LOG] [render cardScale] 0.55 @ webpack-internal:///(app-pages-browser)/./components/home-career/Sidebar.tsx:1661
[    3064ms] [LOG] [render cardScale] 0.55 @ webpack-internal:///(app-pages-browser)/./components/home-career/Sidebar.tsx:1661
[    3089ms] [LOG] [render cardScale] 0.55 @ webpack-internal:///(app-pages-browser)/./components/home-career/Sidebar.tsx:1661
[    3090ms] [LOG] [render cardScale] 0.55 @ webpack-internal:///(app-pages-browser)/./components/home-career/Sidebar.tsx:1661
[    3095ms] [LOG] [render cardScale] 0.55 @ webpack-internal:///(app-pages-browser)/./components/home-career/Sidebar.tsx:1661
[    3095ms] [LOG] [render cardScale] 0.55 @ webpack-internal:///(app-pages-browser)/./components/home-career/Sidebar.tsx:1661
[    3120ms] [LOG] [render cardScale] 0.55 @ webpack-internal:///(app-pages-browser)/./components/home-career/Sidebar.tsx:1661
[    3121ms] [LOG] [render cardScale] 0.55 @ webpack-internal:///(app-pages-browser)/./components/home-career/Sidebar.tsx:1661
[    3123ms] [LOG] [render cardScale] 0.55 @ webpack-internal:///(app-pages-browser)/./components/home-career/Sidebar.tsx:1661
[    3124ms] [LOG] [render cardScale] 0.55 @ webpack-internal:///(app-pages-browser)/./components/home-career/Sidebar.tsx:1661
[    3151ms] [LOG] [render cardScale] 0.55 @ webpack-internal:///(app-pages-browser)/./components/home-career/Sidebar.tsx:1661
[    3151ms] [LOG] [render cardScale] 0.55 @ webpack-internal:///(app-pages-browser)/./components/home-career/Sidebar.tsx:1661
[    3154ms] [LOG] [render cardScale] 0.55 @ webpack-internal:///(app-pages-browser)/./components/home-career/Sidebar.tsx:1661
[    3155ms] [LOG] [render cardScale] 0.55 @ webpack-internal:///(app-pages-browser)/./components/home-career/Sidebar.tsx:1661
[    3193ms] [LOG] [render cardScale] 0.55 @ webpack-internal:///(app-pages-browser)/./components/home-career/Sidebar.tsx:1661
[    3194ms] [LOG] [render cardScale] 0.55 @ webpack-internal:///(app-pages-browser)/./components/home-career/Sidebar.tsx:1661
[    3197ms] [LOG] [render cardScale] 0.55 @ webpack-internal:///(app-pages-browser)/./components/home-career/Sidebar.tsx:1661
[    3197ms] [LOG] [render cardScale] 0.55 @ webpack-internal:///(app-pages-browser)/./components/home-career/Sidebar.tsx:1661
[    3227ms] [LOG] [render cardScale] 0.55 @ webpack-internal:///(app-pages-browser)/./components/home-career/Sidebar.tsx:1661
[    3227ms] [LOG] [render cardScale] 0.55 @ webpack-internal:///(app-pages-browser)/./components/home-career/Sidebar.tsx:1661
[    3230ms] [LOG] [render cardScale] 0.55 @ webpack-internal:///(app-pages-browser)/./components/home-career/Sidebar.tsx:1661
[    3230ms] [LOG] [render cardScale] 0.55 @ webpack-internal:///(app-pages-browser)/./components/home-career/Sidebar.tsx:1661
[    3257ms] [LOG] [render cardScale] 0.55 @ webpack-internal:///(app-pages-browser)/./components/home-career/Sidebar.tsx:1661
[    3257ms] [LOG] [render cardScale] 0.55 @ webpack-internal:///(app-pages-browser)/./components/home-career/Sidebar.tsx:1661
[    3263ms] [LOG] [render cardScale] 0.55 @ webpack-internal:///(app-pages-browser)/./components/home-career/Sidebar.tsx:1661
[    3263ms] [LOG] [render cardScale] 0.55 @ webpack-internal:///(app-pages-browser)/./components/home-career/Sidebar.tsx:1661
[    3287ms] [LOG] [render cardScale] 0.55 @ webpack-internal:///(app-pages-browser)/./components/home-career/Sidebar.tsx:1661
[    3287ms] [LOG] [render cardScale] 0.55 @ webpack-internal:///(app-pages-browser)/./components/home-career/Sidebar.tsx:1661
[    3291ms] [LOG] [render cardScale] 0.55 @ webpack-internal:///(app-pages-browser)/./components/home-career/Sidebar.tsx:1661
[    3291ms] [LOG] [render cardScale] 0.55 @ webpack-internal:///(app-pages-browser)/./components/home-career/Sidebar.tsx:1661
[    3317ms] [LOG] [render cardScale] 0.55 @ webpack-internal:///(app-pages-browser)/./components/home-career/Sidebar.tsx:1661
[    3317ms] [LOG] [render cardScale] 0.55 @ webpack-internal:///(app-pages-browser)/./components/home-career/Sidebar.tsx:1661
[    3321ms] [LOG] [render cardScale] 0.55 @ webpack-internal:///(app-pages-browser)/./components/home-career/Sidebar.tsx:1661
[    3322ms] [LOG] [render cardScale] 0.55 @ webpack-internal:///(app-pages-browser)/./components/home-career/Sidebar.tsx:1661
[    3360ms] [LOG] [render cardScale] 0.55 @ webpack-internal:///(app-pages-browser)/./components/home-career/Sidebar.tsx:1661
[    3361ms] [LOG] [render cardScale] 0.55 @ webpack-internal:///(app-pages-browser)/./components/home-career/Sidebar.tsx:1661
[    3365ms] [LOG] [render cardScale] 0.55 @ webpack-internal:///(app-pages-browser)/./components/home-career/Sidebar.tsx:1661
[    3365ms] [LOG] [render cardScale] 0.55 @ webpack-internal:///(app-pages-browser)/./components/home-career/Sidebar.tsx:1661
[    3392ms] [LOG] [render cardScale] 0.55 @ webpack-internal:///(app-pages-browser)/./components/home-career/Sidebar.tsx:1661
[    3392ms] [LOG] [render cardScale] 0.55 @ webpack-internal:///(app-pages-browser)/./components/home-career/Sidebar.tsx:1661
[    3397ms] [LOG] [render cardScale] 0.55 @ webpack-internal:///(app-pages-browser)/./components/home-career/Sidebar.tsx:1661
[    3398ms] [LOG] [render cardScale] 0.55 @ webpack-internal:///(app-pages-browser)/./components/home-career/Sidebar.tsx:1661
[    3422ms] [LOG] [render cardScale] 0.55 @ webpack-internal:///(app-pages-browser)/./components/home-career/Sidebar.tsx:1661
[    3423ms] [LOG] [render cardScale] 0.55 @ webpack-internal:///(app-pages-browser)/./components/home-career/Sidebar.tsx:1661
[    3426ms] [LOG] [render cardScale] 0.55 @ webpack-internal:///(app-pages-browser)/./components/home-career/Sidebar.tsx:1661
[    3426ms] [LOG] [render cardScale] 0.55 @ webpack-internal:///(app-pages-browser)/./components/home-career/Sidebar.tsx:1661
[    3453ms] [LOG] [render cardScale] 0.55 @ webpack-internal:///(app-pages-browser)/./components/home-career/Sidebar.tsx:1661
[    3453ms] [LOG] [render cardScale] 0.55 @ webpack-internal:///(app-pages-browser)/./components/home-career/Sidebar.tsx:1661
[    3457ms] [LOG] [render cardScale] 0.55 @ webpack-internal:///(app-pages-browser)/./components/home-career/Sidebar.tsx:1661
[    3457ms] [LOG] [render cardScale] 0.55 @ webpack-internal:///(app-pages-browser)/./components/home-career/Sidebar.tsx:1661
[    3483ms] [LOG] [render cardScale] 0.55 @ webpack-internal:///(app-pages-browser)/./components/home-career/Sidebar.tsx:1661
[    3484ms] [LOG] [render cardScale] 0.55 @ webpack-internal:///(app-pages-browser)/./components/home-career/Sidebar.tsx:1661
[    3487ms] [LOG] [render cardScale] 0.55 @ webpack-internal:///(app-pages-browser)/./components/home-career/Sidebar.tsx:1661
[    3487ms] [LOG] [render cardScale] 0.55 @ webpack-internal:///(app-pages-browser)/./components/home-career/Sidebar.tsx:1661
[    3527ms] [LOG] [render cardScale] 0.55 @ webpack-internal:///(app-pages-browser)/./components/home-career/Sidebar.tsx:1661
[    3527ms] [LOG] [render cardScale] 0.55 @ webpack-internal:///(app-pages-browser)/./components/home-career/Sidebar.tsx:1661
[    3531ms] [LOG] [render cardScale] 0.55 @ webpack-internal:///(app-pages-browser)/./components/home-career/Sidebar.tsx:1661
[    3531ms] [LOG] [render cardScale] 0.55 @ webpack-internal:///(app-pages-browser)/./components/home-career/Sidebar.tsx:1661
[    3546ms] [LOG] [render cardScale] 0.55 @ webpack-internal:///(app-pages-browser)/./components/home-career/Sidebar.tsx:1661
[    3546ms] [LOG] [render cardScale] 0.55 @ webpack-internal:///(app-pages-browser)/./components/home-career/Sidebar.tsx:1661
[    3549ms] [LOG] [render cardScale] 0.55 @ webpack-internal:///(app-pages-browser)/./components/home-career/Sidebar.tsx:1661
[    3550ms] [LOG] [render cardScale] 0.55 @ webpack-internal:///(app-pages-browser)/./components/home-career/Sidebar.tsx:1661
[    3589ms] [LOG] [render cardScale] 0.55 @ webpack-internal:///(app-pages-browser)/./components/home-career/Sidebar.tsx:1661
[    3590ms] [LOG] [render cardScale] 0.55 @ webpack-internal:///(app-pages-browser)/./components/home-career/Sidebar.tsx:1661
[    3595ms] [LOG] [render cardScale] 0.55 @ webpack-internal:///(app-pages-browser)/./components/home-career/Sidebar.tsx:1661
[    3596ms] [LOG] [render cardScale] 0.55 @ webpack-internal:///(app-pages-browser)/./components/home-career/Sidebar.tsx:1661
[    3612ms] [LOG] [render cardScale] 0.55 @ webpack-internal:///(app-pages-browser)/./components/home-career/Sidebar.tsx:1661
[    3612ms] [LOG] [render cardScale] 0.55 @ webpack-internal:///(app-pages-browser)/./components/home-career/Sidebar.tsx:1661
[    3615ms] [LOG] [render cardScale] 0.55 @ webpack-internal:///(app-pages-browser)/./components/home-career/Sidebar.tsx:1661
[    3616ms] [LOG] [render cardScale] 0.55 @ webpack-internal:///(app-pages-browser)/./components/home-career/Sidebar.tsx:1661
[    3649ms] [LOG] [render cardScale] 0.55 @ webpack-internal:///(app-pages-browser)/./components/home-career/Sidebar.tsx:1661
[    3650ms] [LOG] [render cardScale] 0.55 @ webpack-internal:///(app-pages-browser)/./components/home-career/Sidebar.tsx:1661
[    3652ms] [LOG] [render cardScale] 0.55 @ webpack-internal:///(app-pages-browser)/./components/home-career/Sidebar.tsx:1661
[    3653ms] [LOG] [render cardScale] 0.55 @ webpack-internal:///(app-pages-browser)/./components/home-career/Sidebar.tsx:1661
[    3679ms] [LOG] [render cardScale] 0.55 @ webpack-internal:///(app-pages-browser)/./components/home-career/Sidebar.tsx:1661
[    3680ms] [LOG] [render cardScale] 0.55 @ webpack-internal:///(app-pages-browser)/./components/home-career/Sidebar.tsx:1661
[    3683ms] [LOG] [render cardScale] 0.55 @ webpack-internal:///(app-pages-browser)/./components/home-career/Sidebar.tsx:1661
[    3683ms] [LOG] [render cardScale] 0.55 @ webpack-internal:///(app-pages-browser)/./components/home-career/Sidebar.tsx:1661
[    3724ms] [LOG] [render cardScale] 0.55 @ webpack-internal:///(app-pages-browser)/./components/home-career/Sidebar.tsx:1661
[    3725ms] [LOG] [render cardScale] 0.55 @ webpack-internal:///(app-pages-browser)/./components/home-career/Sidebar.tsx:1661
[    3731ms] [LOG] [render cardScale] 0.55 @ webpack-internal:///(app-pages-browser)/./components/home-career/Sidebar.tsx:1661
[    3731ms] [LOG] [render cardScale] 0.55 @ webpack-internal:///(app-pages-browser)/./components/home-career/Sidebar.tsx:1661
[   31903ms] [LOG] [calculateScale] {screenWidth: 1400, innerHeight: 1080, browserZoom: 0.675, 계산값: 729} @ webpack-internal:///(app-pages-browser)/./components/home-career/Sidebar.tsx:558
[   31903ms] [LOG] [setCardScale] 1.1728395061728396 @ webpack-internal:///(app-pages-browser)/./components/home-career/Sidebar.tsx:576
[   31903ms] [LOG] [render cardScale] 1.1728395061728396 @ webpack-internal:///(app-pages-browser)/./components/home-career/Sidebar.tsx:1661
[   31903ms] [LOG] [render cardScale] 1.1728395061728396 @ webpack-internal:///(app-pages-browser)/./components/home-career/Sidebar.tsx:1661
[  192278ms] [LOG] [Fast Refresh] rebuilding @ webpack-internal:///(app-pages-browser)/./node_modules/next/dist/client/components/react-dev-overlay/app/hot-reloader-client.js:186
[  193229ms] [LOG] [Fast Refresh] done in 950ms @ webpack-internal:///(app-pages-browser)/./node_modules/next/dist/client/components/react-dev-overlay/app/hot-reloader-client.js:43
[  193987ms] [LOG] [render cardScale] 1.1728395061728396 @ webpack-internal:///(app-pages-browser)/./components/home-career/Sidebar.tsx:1661
[  193988ms] [LOG] [render cardScale] 1.1728395061728396 @ webpack-internal:///(app-pages-browser)/./components/home-career/Sidebar.tsx:1661
[  194061ms] [LOG] [render cardScale] 1.1728395061728396 @ webpack-internal:///(app-pages-browser)/./components/home-career/Sidebar.tsx:1661
[  194061ms] [LOG] [render cardScale] 1.1728395061728396 @ webpack-internal:///(app-pages-browser)/./components/home-career/Sidebar.tsx:1661
[  194265ms] [ERROR] Failed to load resource: the server responded with a status of 404 (Not Found) @ http://localhost:3001/_next/static/webpack/42b5e6781ba82972.webpack.hot-update.json:0
[  195010ms] [INFO] %cDownload the React DevTools for a better development experience: https://reactjs.org/link/react-devtools font-weight:bold @ webpack-internal:///(app-pages-browser)/./node_modules/next/dist/compiled/react-dom/cjs/react-dom.development.js:38559
[  195241ms] [ERROR] Warning: Prop `%s` did not match. Server: %s Client: %s%s style "opacity: 0;" "opacity:0" 
    at body
    at html
    at RootLayout (Server)
    at RedirectErrorBoundary (webpack-internal:///(app-pages-browser)/./node_modules/next/dist/client/components/redirect-boundary.js:74:9)
    at RedirectBoundary (webpack-internal:///(app-pages-browser)/./node_modules/next/dist/client/components/redirect-boundary.js:82:11)
    at NotFoundErrorBoundary (webpack-internal:///(app-pages-browser)/./node_modules/next/dist/client/components/not-found-boundary.js:76:9)
    at NotFoundBoundary (webpack-internal:///(app-pages-browser)/./node_modules/next/dist/client/components/not-found-boundary.js:84:11)
    at DevRootNotFoundBoundary (webpack-internal:///(app-pages-browser)/./node_modules/next/dist/client/components/dev-root-not-found-boundary.js:33:11)
    at ReactDevOverlay (webpack-internal:///(app-pages-browser)/./node_modules/next/dist/client/components/react-dev-overlay/app/ReactDevOverlay.js:87:9)
    at HotReload (webpack-internal:///(app-pages-browser)/./node_modules/next/dist/client/components/react-dev-overlay/app/hot-reloader-client.js:321:11)
    at Router (webpack-internal:///(app-pages-browser)/./node_modules/next/dist/client/components/app-router.js:207:11)
    at ErrorBoundaryHandler (webpack-internal:///(app-pages-browser)/./node_modules/next/dist/client/components/error-boundary.js:113:9)
    at ErrorBoundary (webpack-internal:///(app-pages-browser)/./node_modules/next/dist/client/components/error-boundary.js:160:11)
    at AppRouter (webpack-internal:///(app-pages-browser)/./node_modules/next/dist/client/components/app-router.js:585:13)
    at ServerRoot (webpack-internal:///(app-pages-browser)/./node_modules/next/dist/client/app-index.js:112:27)
    at Root (webpack-internal:///(app-pages-browser)/./node_modules/next/dist/client/app-index.js:117:11) @ webpack-internal:///(app-pages-browser)/./node_modules/next/dist/client/app-index.js:32
[  195589ms] [LOG] [calculateScale] {screenWidth: 1400, innerHeight: 1080, browserZoom: 0.675, 계산값: 729} @ webpack-internal:///(app-pages-browser)/./components/home-career/Sidebar.tsx:558
[  195590ms] [LOG] [setCardScale] 1.1728395061728396 @ webpack-internal:///(app-pages-browser)/./components/home-career/Sidebar.tsx:576
[  195637ms] [LOG] [calculateScale] {screenWidth: 1400, innerHeight: 1080, browserZoom: 0.675, 계산값: 729} @ webpack-internal:///(app-pages-browser)/./components/home-career/Sidebar.tsx:558
[  195638ms] [LOG] [setCardScale] 1.1728395061728396 @ webpack-internal:///(app-pages-browser)/./components/home-career/Sidebar.tsx:576
[  195690ms] [LOG] [render cardScale] 1.1728395061728396 @ webpack-internal:///(app-pages-browser)/./components/home-career/Sidebar.tsx:1661
[  195691ms] [LOG] [render cardScale] 1.1728395061728396 @ webpack-internal:///(app-pages-browser)/./components/home-career/Sidebar.tsx:1661
[  195694ms] [LOG] [render cardScale] 1.1728395061728396 @ webpack-internal:///(app-pages-browser)/./components/home-career/Sidebar.tsx:1661
[  195695ms] [LOG] [render cardScale] 1.1728395061728396 @ webpack-internal:///(app-pages-browser)/./components/home-career/Sidebar.tsx:1661
[  195718ms] [LOG] [render cardScale] 1.1728395061728396 @ webpack-internal:///(app-pages-browser)/./components/home-career/Sidebar.tsx:1661
[  195719ms] [LOG] [render cardScale] 1.1728395061728396 @ webpack-internal:///(app-pages-browser)/./components/home-career/Sidebar.tsx:1661
[  195723ms] [LOG] [render cardScale] 1.1728395061728396 @ webpack-internal:///(app-pages-browser)/./components/home-career/Sidebar.tsx:1661
[  195723ms] [LOG] [render cardScale] 1.1728395061728396 @ webpack-internal:///(app-pages-browser)/./components/home-career/Sidebar.tsx:1661
[  195737ms] [LOG] [render cardScale] 1.1728395061728396 @ webpack-internal:///(app-pages-browser)/./components/home-career/Sidebar.tsx:1661
[  195737ms] [LOG] [render cardScale] 1.1728395061728396 @ webpack-internal:///(app-pages-browser)/./components/home-career/Sidebar.tsx:1661
[  195749ms] [LOG] [render cardScale] 1.1728395061728396 @ webpack-internal:///(app-pages-browser)/./components/home-career/Sidebar.tsx:1661
[  195749ms] [LOG] [render cardScale] 1.1728395061728396 @ webpack-internal:///(app-pages-browser)/./components/home-career/Sidebar.tsx:1661
[  195753ms] [LOG] [render cardScale] 1.1728395061728396 @ webpack-internal:///(app-pages-browser)/./components/home-career/Sidebar.tsx:1661
[  195754ms] [LOG] [render cardScale] 1.1728395061728396 @ webpack-internal:///(app-pages-browser)/./components/home-career/Sidebar.tsx:1661
[  195806ms] [LOG] [render cardScale] 1.1728395061728396 @ webpack-internal:///(app-pages-browser)/./components/home-career/Sidebar.tsx:1661
[  195807ms] [LOG] [render cardScale] 1.1728395061728396 @ webpack-internal:///(app-pages-browser)/./components/home-career/Sidebar.tsx:1661
[  195822ms] [LOG] [render cardScale] 1.1728395061728396 @ webpack-internal:///(app-pages-browser)/./components/home-career/Sidebar.tsx:1661
[  195822ms] [LOG] [render cardScale] 1.1728395061728396 @ webpack-internal:///(app-pages-browser)/./components/home-career/Sidebar.tsx:1661
[  195896ms] [LOG] [render cardScale] 1.1728395061728396 @ webpack-internal:///(app-pages-browser)/./components/home-career/Sidebar.tsx:1661
[  195897ms] [LOG] [render cardScale] 1.1728395061728396 @ webpack-internal:///(app-pages-browser)/./components/home-career/Sidebar.tsx:1661
[  195911ms] [LOG] [render cardScale] 1.1728395061728396 @ webpack-internal:///(app-pages-browser)/./components/home-career/Sidebar.tsx:1661
[  195912ms] [LOG] [render cardScale] 1.1728395061728396 @ webpack-internal:///(app-pages-browser)/./components/home-career/Sidebar.tsx:1661
[  195917ms] [LOG] [render cardScale] 1.1728395061728396 @ webpack-internal:///(app-pages-browser)/./components/home-career/Sidebar.tsx:1661
[  195918ms] [LOG] [render cardScale] 1.1728395061728396 @ webpack-internal:///(app-pages-browser)/./components/home-career/Sidebar.tsx:1661
[  195945ms] [LOG] [render cardScale] 1.1728395061728396 @ webpack-internal:///(app-pages-browser)/./components/home-career/Sidebar.tsx:1661
[  195945ms] [LOG] [render cardScale] 1.1728395061728396 @ webpack-internal:///(app-pages-browser)/./components/home-career/Sidebar.tsx:1661
[  195950ms] [LOG] [render cardScale] 1.1728395061728396 @ webpack-internal:///(app-pages-browser)/./components/home-career/Sidebar.tsx:1661
[  195950ms] [LOG] [render cardScale] 1.1728395061728396 @ webpack-internal:///(app-pages-browser)/./components/home-career/Sidebar.tsx:1661
[  195974ms] [LOG] [render cardScale] 1.1728395061728396 @ webpack-internal:///(app-pages-browser)/./components/home-career/Sidebar.tsx:1661
[  195974ms] [LOG] [render cardScale] 1.1728395061728396 @ webpack-internal:///(app-pages-browser)/./components/home-career/Sidebar.tsx:1661
[  195983ms] [LOG] [render cardScale] 1.1728395061728396 @ webpack-internal:///(app-pages-browser)/./components/home-career/Sidebar.tsx:1661
[  195984ms] [LOG] [render cardScale] 1.1728395061728396 @ webpack-internal:///(app-pages-browser)/./components/home-career/Sidebar.tsx:1661
[  196004ms] [LOG] [render cardScale] 1.1728395061728396 @ webpack-internal:///(app-pages-browser)/./components/home-career/Sidebar.tsx:1661
[  196005ms] [LOG] [render cardScale] 1.1728395061728396 @ webpack-internal:///(app-pages-browser)/./components/home-career/Sidebar.tsx:1661
[  196013ms] [LOG] [render cardScale] 1.1728395061728396 @ webpack-internal:///(app-pages-browser)/./components/home-career/Sidebar.tsx:1661
[  196013ms] [LOG] [render cardScale] 1.1728395061728396 @ webpack-internal:///(app-pages-browser)/./components/home-career/Sidebar.tsx:1661
[  196043ms] [LOG] [render cardScale] 1.1728395061728396 @ webpack-internal:///(app-pages-browser)/./components/home-career/Sidebar.tsx:1661
[  196044ms] [LOG] [render cardScale] 1.1728395061728396 @ webpack-internal:///(app-pages-browser)/./components/home-career/Sidebar.tsx:1661
[  196050ms] [LOG] [render cardScale] 1.1728395061728396 @ webpack-internal:///(app-pages-browser)/./components/home-career/Sidebar.tsx:1661
[  196050ms] [LOG] [render cardScale] 1.1728395061728396 @ webpack-internal:///(app-pages-browser)/./components/home-career/Sidebar.tsx:1661
[  196077ms] [LOG] [render cardScale] 1.1728395061728396 @ webpack-internal:///(app-pages-browser)/./components/home-career/Sidebar.tsx:1661
[  196077ms] [LOG] [render cardScale] 1.1728395061728396 @ webpack-internal:///(app-pages-browser)/./components/home-career/Sidebar.tsx:1661
[  196082ms] [LOG] [render cardScale] 1.1728395061728396 @ webpack-internal:///(app-pages-browser)/./components/home-career/Sidebar.tsx:1661
[  196083ms] [LOG] [render cardScale] 1.1728395061728396 @ webpack-internal:///(app-pages-browser)/./components/home-career/Sidebar.tsx:1661
[  196111ms] [LOG] [render cardScale] 1.1728395061728396 @ webpack-internal:///(app-pages-browser)/./components/home-career/Sidebar.tsx:1661
[  196111ms] [LOG] [render cardScale] 1.1728395061728396 @ webpack-internal:///(app-pages-browser)/./components/home-career/Sidebar.tsx:1661
[  196117ms] [LOG] [render cardScale] 1.1728395061728396 @ webpack-internal:///(app-pages-browser)/./components/home-career/Sidebar.tsx:1661
[  196117ms] [LOG] [render cardScale] 1.1728395061728396 @ webpack-internal:///(app-pages-browser)/./components/home-career/Sidebar.tsx:1661
[  196135ms] [LOG] [render cardScale] 1.1728395061728396 @ webpack-internal:///(app-pages-browser)/./components/home-career/Sidebar.tsx:1661
[  196136ms] [LOG] [render cardScale] 1.1728395061728396 @ webpack-internal:///(app-pages-browser)/./components/home-career/Sidebar.tsx:1661
[  196141ms] [LOG] [render cardScale] 1.1728395061728396 @ webpack-internal:///(app-pages-browser)/./components/home-career/Sidebar.tsx:1661
[  196142ms] [LOG] [render cardScale] 1.1728395061728396 @ webpack-internal:///(app-pages-browser)/./components/home-career/Sidebar.tsx:1661
[  196174ms] [LOG] [render cardScale] 1.1728395061728396 @ webpack-internal:///(app-pages-browser)/./components/home-career/Sidebar.tsx:1661
[  196175ms] [LOG] [render cardScale] 1.1728395061728396 @ webpack-internal:///(app-pages-browser)/./components/home-career/Sidebar.tsx:1661
[  196182ms] [LOG] [render cardScale] 1.1728395061728396 @ webpack-internal:///(app-pages-browser)/./components/home-career/Sidebar.tsx:1661
[  196182ms] [LOG] [render cardScale] 1.1728395061728396 @ webpack-internal:///(app-pages-browser)/./components/home-career/Sidebar.tsx:1661
[  196211ms] [LOG] [render cardScale] 1.1728395061728396 @ webpack-internal:///(app-pages-browser)/./components/home-career/Sidebar.tsx:1661
[  196211ms] [LOG] [render cardScale] 1.1728395061728396 @ webpack-internal:///(app-pages-browser)/./components/home-career/Sidebar.tsx:1661
[  196243ms] [LOG] [render cardScale] 1.1728395061728396 @ webpack-internal:///(app-pages-browser)/./components/home-career/Sidebar.tsx:1661
[  196244ms] [LOG] [render cardScale] 1.1728395061728396 @ webpack-internal:///(app-pages-browser)/./components/home-career/Sidebar.tsx:1661
[  196248ms] [LOG] [render cardScale] 1.1728395061728396 @ webpack-internal:///(app-pages-browser)/./components/home-career/Sidebar.tsx:1661
[  196248ms] [LOG] [render cardScale] 1.1728395061728396 @ webpack-internal:///(app-pages-browser)/./components/home-career/Sidebar.tsx:1661
[  196277ms] [LOG] [render cardScale] 1.1728395061728396 @ webpack-internal:///(app-pages-browser)/./components/home-career/Sidebar.tsx:1661
[  196278ms] [LOG] [render cardScale] 1.1728395061728396 @ webpack-internal:///(app-pages-browser)/./components/home-career/Sidebar.tsx:1661
[  196284ms] [LOG] [render cardScale] 1.1728395061728396 @ webpack-internal:///(app-pages-browser)/./components/home-career/Sidebar.tsx:1661
[  196284ms] [LOG] [render cardScale] 1.1728395061728396 @ webpack-internal:///(app-pages-browser)/./components/home-career/Sidebar.tsx:1661
[  196306ms] [LOG] [render cardScale] 1.1728395061728396 @ webpack-internal:///(app-pages-browser)/./components/home-career/Sidebar.tsx:1661
[  196307ms] [LOG] [render cardScale] 1.1728395061728396 @ webpack-internal:///(app-pages-browser)/./components/home-career/Sidebar.tsx:1661
[  196314ms] [LOG] [render cardScale] 1.1728395061728396 @ webpack-internal:///(app-pages-browser)/./components/home-career/Sidebar.tsx:1661
[  196315ms] [LOG] [render cardScale] 1.1728395061728396 @ webpack-internal:///(app-pages-browser)/./components/home-career/Sidebar.tsx:1661
[  196337ms] [LOG] [render cardScale] 1.1728395061728396 @ webpack-internal:///(app-pages-browser)/./components/home-career/Sidebar.tsx:1661
[  196337ms] [LOG] [render cardScale] 1.1728395061728396 @ webpack-internal:///(app-pages-browser)/./components/home-career/Sidebar.tsx:1661
[  196341ms] [LOG] [render cardScale] 1.1728395061728396 @ webpack-internal:///(app-pages-browser)/./components/home-career/Sidebar.tsx:1661
[  196342ms] [LOG] [render cardScale] 1.1728395061728396 @ webpack-internal:///(app-pages-browser)/./components/home-career/Sidebar.tsx:1661
[  196367ms] [LOG] [render cardScale] 1.1728395061728396 @ webpack-internal:///(app-pages-browser)/./components/home-career/Sidebar.tsx:1661
[  196368ms] [LOG] [render cardScale] 1.1728395061728396 @ webpack-internal:///(app-pages-browser)/./components/home-career/Sidebar.tsx:1661
[  196372ms] [LOG] [render cardScale] 1.1728395061728396 @ webpack-internal:///(app-pages-browser)/./components/home-career/Sidebar.tsx:1661
[  196373ms] [LOG] [render cardScale] 1.1728395061728396 @ webpack-internal:///(app-pages-browser)/./components/home-career/Sidebar.tsx:1661
[  196410ms] [LOG] [render cardScale] 1.1728395061728396 @ webpack-internal:///(app-pages-browser)/./components/home-career/Sidebar.tsx:1661
[  196410ms] [LOG] [render cardScale] 1.1728395061728396 @ webpack-internal:///(app-pages-browser)/./components/home-career/Sidebar.tsx:1661
[  196414ms] [LOG] [render cardScale] 1.1728395061728396 @ webpack-internal:///(app-pages-browser)/./components/home-career/Sidebar.tsx:1661
[  196415ms] [LOG] [render cardScale] 1.1728395061728396 @ webpack-internal:///(app-pages-browser)/./components/home-career/Sidebar.tsx:1661
[  196444ms] [LOG] [render cardScale] 1.1728395061728396 @ webpack-internal:///(app-pages-browser)/./components/home-career/Sidebar.tsx:1661
[  196444ms] [LOG] [render cardScale] 1.1728395061728396 @ webpack-internal:///(app-pages-browser)/./components/home-career/Sidebar.tsx:1661
[  196447ms] [LOG] [render cardScale] 1.1728395061728396 @ webpack-internal:///(app-pages-browser)/./components/home-career/Sidebar.tsx:1661
[  196448ms] [LOG] [render cardScale] 1.1728395061728396 @ webpack-internal:///(app-pages-browser)/./components/home-career/Sidebar.tsx:1661
[  196473ms] [LOG] [render cardScale] 1.1728395061728396 @ webpack-internal:///(app-pages-browser)/./components/home-career/Sidebar.tsx:1661
[  196474ms] [LOG] [render cardScale] 1.1728395061728396 @ webpack-internal:///(app-pages-browser)/./components/home-career/Sidebar.tsx:1661
[  196480ms] [LOG] [render cardScale] 1.1728395061728396 @ webpack-internal:///(app-pages-browser)/./components/home-career/Sidebar.tsx:1661
[  196480ms] [LOG] [render cardScale] 1.1728395061728396 @ webpack-internal:///(app-pages-browser)/./components/home-career/Sidebar.tsx:1661
[  196503ms] [LOG] [render cardScale] 1.1728395061728396 @ webpack-internal:///(app-pages-browser)/./components/home-career/Sidebar.tsx:1661
[  196504ms] [LOG] [render cardScale] 1.1728395061728396 @ webpack-internal:///(app-pages-browser)/./components/home-career/Sidebar.tsx:1661
[  196506ms] [LOG] [render cardScale] 1.1728395061728396 @ webpack-internal:///(app-pages-browser)/./components/home-career/Sidebar.tsx:1661
[  196506ms] [LOG] [render cardScale] 1.1728395061728396 @ webpack-internal:///(app-pages-browser)/./components/home-career/Sidebar.tsx:1661
[  196534ms] [LOG] [render cardScale] 1.1728395061728396 @ webpack-internal:///(app-pages-browser)/./components/home-career/Sidebar.tsx:1661
[  196534ms] [LOG] [render cardScale] 1.1728395061728396 @ webpack-internal:///(app-pages-browser)/./components/home-career/Sidebar.tsx:1661
[  196538ms] [LOG] [render cardScale] 1.1728395061728396 @ webpack-internal:///(app-pages-browser)/./components/home-career/Sidebar.tsx:1661
[  196538ms] [LOG] [render cardScale] 1.1728395061728396 @ webpack-internal:///(app-pages-browser)/./components/home-career/Sidebar.tsx:1661
[  196565ms] [LOG] [render cardScale] 1.1728395061728396 @ webpack-internal:///(app-pages-browser)/./components/home-career/Sidebar.tsx:1661
[  196565ms] [LOG] [render cardScale] 1.1728395061728396 @ webpack-internal:///(app-pages-browser)/./components/home-career/Sidebar.tsx:1661
[  196569ms] [LOG] [render cardScale] 1.1728395061728396 @ webpack-internal:///(app-pages-browser)/./components/home-career/Sidebar.tsx:1661
[  196569ms] [LOG] [render cardScale] 1.1728395061728396 @ webpack-internal:///(app-pages-browser)/./components/home-career/Sidebar.tsx:1661
[  196612ms] [LOG] [render cardScale] 1.1728395061728396 @ webpack-internal:///(app-pages-browser)/./components/home-career/Sidebar.tsx:1661
[  196613ms] [LOG] [render cardScale] 1.1728395061728396 @ webpack-internal:///(app-pages-browser)/./components/home-career/Sidebar.tsx:1661
[  196617ms] [LOG] [render cardScale] 1.1728395061728396 @ webpack-internal:///(app-pages-browser)/./components/home-career/Sidebar.tsx:1661
[  196617ms] [LOG] [render cardScale] 1.1728395061728396 @ webpack-internal:///(app-pages-browser)/./components/home-career/Sidebar.tsx:1661
[  196630ms] [LOG] [render cardScale] 1.1728395061728396 @ webpack-internal:///(app-pages-browser)/./components/home-career/Sidebar.tsx:1661
[  196631ms] [LOG] [render cardScale] 1.1728395061728396 @ webpack-internal:///(app-pages-browser)/./components/home-career/Sidebar.tsx:1661
[  196635ms] [LOG] [render cardScale] 1.1728395061728396 @ webpack-internal:///(app-pages-browser)/./components/home-career/Sidebar.tsx:1661
[  196636ms] [LOG] [render cardScale] 1.1728395061728396 @ webpack-internal:///(app-pages-browser)/./components/home-career/Sidebar.tsx:1661
[  196663ms] [LOG] [render cardScale] 1.1728395061728396 @ webpack-internal:///(app-pages-browser)/./components/home-career/Sidebar.tsx:1661
[  196663ms] [LOG] [render cardScale] 1.1728395061728396 @ webpack-internal:///(app-pages-browser)/./components/home-career/Sidebar.tsx:1661
[  196667ms] [LOG] [render cardScale] 1.1728395061728396 @ webpack-internal:///(app-pages-browser)/./components/home-career/Sidebar.tsx:1661
[  196668ms] [LOG] [render cardScale] 1.1728395061728396 @ webpack-internal:///(app-pages-browser)/./components/home-career/Sidebar.tsx:1661
[  196696ms] [LOG] [render cardScale] 1.1728395061728396 @ webpack-internal:///(app-pages-browser)/./components/home-career/Sidebar.tsx:1661
[  196696ms] [LOG] [render cardScale] 1.1728395061728396 @ webpack-internal:///(app-pages-browser)/./components/home-career/Sidebar.tsx:1661
[  196700ms] [LOG] [render cardScale] 1.1728395061728396 @ webpack-internal:///(app-pages-browser)/./components/home-career/Sidebar.tsx:1661
[  196701ms] [LOG] [render cardScale] 1.1728395061728396 @ webpack-internal:///(app-pages-browser)/./components/home-career/Sidebar.tsx:1661
[  196738ms] [WARNING] Image with src "/images/0/cluster 1/Image.png" has either width or height modified, but not the other. If you use CSS to change the size of your image, also include the styles 'width: "auto"' or 'height: "auto"' to maintain the aspect ratio. @ webpack-internal:///(app-pages-browser)/./node_modules/next/dist/shared/lib/utils/warn-once.js:15
[  198218ms] [LOG] [render cardScale] 1.1728395061728396 @ webpack-internal:///(app-pages-browser)/./components/home-career/Sidebar.tsx:1661
[  198218ms] [LOG] [render cardScale] 1.1728395061728396 @ webpack-internal:///(app-pages-browser)/./components/home-career/Sidebar.tsx:1661
[  488375ms] [LOG] [Fast Refresh] rebuilding @ webpack-internal:///(app-pages-browser)/./node_modules/next/dist/client/components/react-dev-overlay/app/hot-reloader-client.js:186
[  493034ms] [LOG] [Fast Refresh] rebuilding @ webpack-internal:///(app-pages-browser)/./node_modules/next/dist/client/components/react-dev-overlay/app/hot-reloader-client.js:186
[  493057ms] [LOG] [Fast Refresh] done in 24ms @ webpack-internal:///(app-pages-browser)/./node_modules/next/dist/client/components/react-dev-overlay/app/hot-reloader-client.js:43
[  494538ms] [LOG] [Fast Refresh] rebuilding @ webpack-internal:///(app-pages-browser)/./node_modules/next/dist/client/components/react-dev-overlay/app/hot-reloader-client.js:186
[  494587ms] [LOG] [render cardScale] 1.1728395061728396 @ webpack-internal:///(app-pages-browser)/./components/home-career/Sidebar.tsx:1654
[  494588ms] [LOG] [render cardScale] 1.1728395061728396 @ webpack-internal:///(app-pages-browser)/./components/home-career/Sidebar.tsx:1654
[  494607ms] [LOG] [Fast Refresh] done in 69ms @ webpack-internal:///(app-pages-browser)/./node_modules/next/dist/client/components/react-dev-overlay/app/hot-reloader-client.js:43
[  495424ms] [LOG] [Fast Refresh] done in 885ms @ webpack-internal:///(app-pages-browser)/./node_modules/next/dist/client/components/react-dev-overlay/app/hot-reloader-client.js:43
[  495872ms] [ERROR] Failed to load resource: the server responded with a status of 500 (Internal Server Error) @ http://localhost:3001/cluster-4/?_rsc=ng1uw:0
[  496740ms] [ERROR] Failed to load resource: the server responded with a status of 404 (Not Found) @ http://localhost:3001/_next/static/css/app/(main-layout)/layout.css?v=1777362624781:0
[  496740ms] [ERROR] Failed to load resource: the server responded with a status of 404 (Not Found) @ http://localhost:3001/_next/static/css/app/(main-layout)/(cluster-pages)/layout.css?v=1777362624781:0
[  496792ms] [ERROR] Failed to load resource: the server responded with a status of 404 (Not Found) @ http://localhost:3001/_next/static/chunks/main-app.js?v=1777362624781:0
[  496792ms] [ERROR] Failed to load resource: the server responded with a status of 404 (Not Found) @ http://localhost:3001/_next/static/chunks/app-pages-internals.js:0
[  496793ms] [ERROR] Failed to load resource: the server responded with a status of 404 (Not Found) @ http://localhost:3001/_next/static/chunks/app/(main-layout)/layout.js:0
[  496806ms] [ERROR] Failed to load resource: the server responded with a status of 404 (Not Found) @ http://localhost:3001/_next/static/chunks/app/not-found.js:0
